1789130186663, 8747, 0, 0, 0
1789130186663, 3749, 1, 0, 0
1789130187663, 8752, 0, 0, 0
1789130187663, 3750, 1, 0, 0
1789130188663, 8750, 0, 0, 0
1789130188663, 3751, 1, 0, 0
1789130189663, 8750, 0, 0, 0
1789130189663, 3748, 1, 0, 0
1789130190663, 8754, 0, 0, 0
1789130190663, 3751, 1, 0, 0
1789130191663, 8500, 0, 0, 0
1789130191663, 3569, 1, 0, 0
1789130192663, 9001, 0, 0, 0
1789130192663, 3934, 1, 0, 0
1789130193663, 8749, 0, 0, 0
1789130193663, 3750, 1, 0, 0
1789130194663, 8751, 0, 0, 0
1789130194663, 3749, 1, 0, 0
1789130195664, 8751, 0, 0, 0
1789130195664, 3751, 1, 0, 0
1789130196663, 8752, 0, 0, 0
1789130196663, 3749, 1, 0, 0
1789130197663, 8746, 0, 0, 0
1789130197663, 3750, 1, 0, 0
1789130198663, 8754, 0, 0, 0
1789130198663, 3751, 1, 0, 0
1789130199663, 8752, 0, 0, 0
1789130199663, 3749, 1, 0, 0
1789130200663, 8744, 0, 0, 0
1789130200663, 3746, 1, 0, 0
1789130201663, 8268, 0, 0, 0
1789130201663, 3532, 1, 0, 0
1789130202663, 8371, 0, 0, 0
1789130202663, 3684, 1, 0, 0
1789130203663, 9616, 0, 0, 0
1789130203663, 4040, 1, 0, 0
1789130204663, 8753, 0, 0, 0
1789130204663, 3750, 1, 0, 0
1789130205663, 8750, 0, 0, 0
1789130205663, 3752, 1, 0, 0
1789130206663, 8753, 0, 0, 0
1789130206663, 3750, 1, 0, 0
1789130207664, 8749, 0, 0, 0
1789130207664, 3750, 1, 0, 0
1789130208663, 8752, 0, 0, 0
1789130208663, 3750, 1, 0, 0
1789130209663, 8750, 0, 0, 0
1789130209663, 3750, 1, 0, 0
1789130210663, 8747, 0, 0, 0
1789130210663, 3750, 1, 0, 0
1789130211663, 8751, 0, 0, 0
1789130211663, 3749, 1, 0, 0
1789130212663, 8725, 0, 0, 0
1789130212663, 3738, 1, 0, 0
1789130213663, 7456, 0, 0, 0
1789130213663, 3164, 1, 0, 0
1789130214663, 2223, 0, 0, 0
1789130214663, 937, 1, 0, 0
1789130235566, 0, 1, 0, 0
1789130236566, 4630, 0, 0, 0
1789130236566, 1914, 1, 0, 0
1789130237567, 5364, 0, 0, 0
1789130237567, 2251, 1, 0, 0
1789130238567, 5300, 0, 0, 0
1789130238567, 2273, 1, 0, 0
1789130239567, 5741, 0, 0, 0
1789130239567, 2423, 1, 0, 0
1789130240567, 5987, 0, 0, 0
1789130240567, 2379, 1, 0, 0
1789130241567, 9025, 0, 0, 0
1789130241567, 3943, 1, 0, 0
1789130242567, 12187, 0, 0, 0
1789130242567, 5051, 1, 0, 0
1789130243567, 12937, 0, 0, 0
1789130243567, 5570, 1, 0, 0
1789130244567, 13258, 0, 0, 0
1789130244567, 5672, 1, 0, 0
1789130245567, 13678, 0, 0, 0
1789130245567, 5772, 1, 0, 0
1789130246568, 13703, 0, 0, 0
1789130246568, 5976, 1, 0, 0
1789130247568, 11134, 0, 0, 0
1789130247568, 4788, 1, 0, 0
1789130248568, 9997, 0, 0, 0
1789130248568, 4350, 1, 0, 0
1789130249568, 11561, 0, 0, 0
1789130249568, 4761, 1, 0, 0
1789130250568, 10898, 0, 0, 0
1789130250568, 4594, 1, 0, 0
1789130251568, 15131, 0, 0, 0
1789130251568, 6496, 1, 0, 0
1789130252568, 15351, 0, 0, 0
1789130252568, 6646, 1, 0, 0
1789130253569, 14667, 0, 0, 0
1789130253569, 6238, 1, 0, 0
1789130254569, 14872, 0, 0, 0
1789130254569, 6315, 1, 0, 0
1789130255569, 14999, 0, 0, 0
1789130255569, 6407, 1, 0, 0
1789130256569, 10292, 0, 0, 0
1789130256569, 4380, 1, 0, 0
1789130257569, 8891, 0, 0, 0
1789130257569, 3924, 1, 0, 0
1789130258569, 10380, 0, 0, 0
1789130258569, 4385, 1, 0, 0
1789130259569, 14159, 0, 0, 0
1789130259569, 5902, 1, 0, 0
1789130260570, 14836, 0, 0, 0
1789130260570, 6401, 1, 0, 0
1789130261570, 14899, 0, 0, 0
1789130261570, 6408, 1, 0, 0
1789130262570, 14946, 0, 0, 0
1789130262570, 6433, 1, 0, 0
1789130263570, 15040, 0, 0, 0
1789130263570, 6527, 1, 0, 0
1789130264570, 15386, 0, 0, 0
1789130264570, 6608, 1, 0, 0
1789130265570, 12595, 0, 0, 0
1789130265570, 5306, 1, 0, 0
1789130266570, 10885, 0, 0, 0
1789130266570, 4718, 1, 0, 0
1789130267570, 11115, 0, 0, 0
1789130267570, 4707, 1, 0, 0
1789130268570, 10747, 0, 0, 0
1789130268570, 4659, 1, 0, 0
1789130269570, 10142, 0, 0, 0
1789130269570, 4345, 1, 0, 0
1789130270570, 13929, 0, 0, 0
1789130270570, 5894, 1, 0, 0
1789130271571, 11774, 0, 0, 0
1789130271571, 4958, 1, 0, 0
1789130272571, 15697, 0, 0, 0
1789130272571, 6647, 1, 0, 0
1789130273571, 15749, 0, 0, 0
1789130273571, 6618, 1, 0, 0
1789130274571, 12571, 0, 0, 0
1789130274571, 5314, 1, 0, 0
1789130275571, 11231, 0, 0, 0
1789130275571, 4804, 1, 0, 0
1789130276572, 10708, 0, 0, 0
1789130276572, 4605, 1, 0, 0
1789130277572, 10511, 0, 0, 0
1789130277572, 4695, 1, 0, 0
1789130278572, 12263, 0, 0, 0
1789130278572, 5231, 1, 0, 0
1789130279572, 14420, 0, 0, 0
1789130279572, 6145, 1, 0, 0
1789130280572, 13014, 0, 0, 0
1789130280572, 5588, 1, 0, 0
1789130281572, 17032, 0, 0, 0
1789130281572, 7350, 1, 0, 0
1789130282572, 17243, 0, 0, 0
1789130282572, 7445, 1, 0, 0
1789130283573, 10747, 0, 0, 0
1789130283573, 4637, 1, 0, 0
1789130284573, 11433, 0, 0, 0
1789130284573, 4795, 1, 0, 0
1789130285573, 11393, 0, 0, 0
1789130285573, 5091, 1, 0, 0
1789130286573, 13229, 0, 0, 0
1789130286573, 5858, 1, 0, 0
1789130287573, 17312, 0, 0, 0
1789130287573, 7458, 1, 0, 0
1789130288573, 16156, 0, 0, 0
1789130288573, 6887, 1, 0, 0
1789130289573, 12166, 0, 0, 0
1789130289573, 5782, 1, 0, 0
1789130290574, 8753, 0, 0, 0
1789130290574, 3752, 1, 0, 0
1789130291574, 8751, 0, 0, 0
1789130291574, 3750, 1, 0, 0
1789130292574, 8732, 0, 0, 0
1789130292574, 3745, 1, 0, 0
1789130293574, 8765, 0, 0, 0
1789130293574, 3754, 1, 0, 0
1789130294574, 8435, 0, 0, 0
1789130294574, 3608, 1, 0, 0
1789130295574, 9069, 0, 0, 0
1789130295574, 3893, 1, 0, 0
1789130296574, 8749, 0, 0, 0
1789130296574, 3750, 1, 0, 0
1789130297574, 8752, 0, 0, 0
1789130297574, 3751, 1, 0, 0
1789130298574, 8747, 0, 0, 0
1789130298574, 3748, 1, 0, 0
1789130299574, 8758, 0, 0, 0
1789130299574, 3752, 1, 0, 0
1789130300574, 8750, 0, 0, 0
1789130300574, 3751, 1, 0, 0
1789130301574, 8746, 0, 0, 0
1789130301574, 3748, 1, 0, 0
1789130302575, 8753, 0, 0, 0
1789130302575, 3751, 1, 0, 0
1789130303575, 8750, 0, 0, 0
1789130303575, 3750, 1, 0, 0
1789130304575, 8750, 0, 0, 0
1789130304575, 3751, 1, 0, 0
1789130305575, 8724, 0, 0, 0
1789130305575, 3735, 1, 0, 0
1789130306576, 8784, 0, 0, 0
1789130306576, 3769, 1, 0, 0
1789130307576, 8743, 0, 0, 0
1789130307576, 3748, 1, 0, 0
1789130308576, 8757, 0, 0, 0
1789130308576, 3752, 1, 0, 0
1789130309576, 8755, 0, 0, 0
1789130309576, 3752, 1, 0, 0
1789130310576, 8752, 0, 0, 0
1789130310576, 3751, 1, 0, 0
1789130311576, 8748, 0, 0, 0
1789130311576, 3749, 1, 0, 0
1789130312576, 8751, 0, 0, 0
1789130312576, 3750, 1, 0, 0
1789130313576, 8749, 0, 0, 0
1789130313576, 3750, 1, 0, 0
1789130314576, 8754, 0, 0, 0
1789130314576, 3751, 1, 0, 0
1789130315576, 8742, 0, 0, 0
1789130315576, 3747, 1, 0, 0
1789130316576, 8755, 0, 0, 0
1789130316576, 3752, 1, 0, 0
1789130317576, 8746, 0, 0, 0
1789130317576, 3747, 1, 0, 0
1789130318577, 8760, 0, 0, 0
1789130318577, 3755, 1, 0, 0
1789130319577, 8726, 0, 0, 0
1789130319577, 3738, 1, 0, 0
1789130320577, 8767, 0, 0, 0
1789130320577, 3761, 1, 0, 0
1789130321577, 8753, 0, 0, 0
1789130321577, 3750, 1, 0, 0
1789130322577, 8754, 0, 0, 0
1789130322577, 3752, 1, 0, 0
1789130323577, 8748, 0, 0, 0
1789130323577, 3749, 1, 0, 0
1789130324577, 8754, 0, 0, 0
1789130324577, 3751, 1, 0, 0
1789130325577, 8750, 0, 0, 0
1789130325577, 3750, 1, 0, 0
1789130326577, 8748, 0, 0, 0
1789130326577, 3750, 1, 0, 0
1789130327577, 8750, 0, 0, 0
1789130327577, 3750, 1, 0, 0
1789130328577, 8752, 0, 0, 0
1789130328577, 3749, 1, 0, 0
1789130329577, 8753, 0, 0, 0
1789130329577, 3754, 1, 0, 0
1789130330577, 8751, 0, 0, 0
1789130330577, 3749, 1, 0, 0
1789130331577, 8679, 0, 0, 0
1789130331577, 3714, 1, 0, 0
1789130332578, 8824, 0, 0, 0
1789130332578, 3786, 1, 0, 0
1789130333578, 8089, 0, 0, 0
1789130333578, 3444, 1, 0, 0
1789130334578, 9410, 0, 0, 0
1789130334578, 4057, 1, 0, 0
1789130335578, 8749, 0, 0, 0
1789130335578, 3750, 1, 0, 0
1789130336578, 8756, 0, 0, 0
1789130336578, 3753, 1, 0, 0
1789130337578, 8752, 0, 0, 0
1789130337578, 3750, 1, 0, 0
1789130338579, 8750, 0, 0, 0
1789130338579, 3752, 1, 0, 0
1789130339579, 8750, 0, 0, 0
1789130339579, 3749, 1, 0, 0
1789130340579, 8755, 0, 0, 0
1789130340579, 3750, 1, 0, 0
1789130341579, 8746, 0, 0, 0
1789130341579, 3750, 1, 0, 0
1789130342579, 8752, 0, 0, 0
1789130342579, 3751, 1, 0, 0
1789130343579, 8739, 0, 0, 0
1789130343579, 3745, 1, 0, 0
1789130344579, 8762, 0, 0, 0
1789130344579, 3754, 1, 0, 0
1789130345579, 8753, 0, 0, 0
1789130345579, 3753, 1, 0, 0
1789130346579, 8749, 0, 0, 0
1789130346579, 3749, 1, 0, 0
1789130347579, 8754, 0, 0, 0
1789130347579, 3750, 1, 0, 0
1789130348579, 8749, 0, 0, 0
1789130348579, 3751, 1, 0, 0
1789130349579, 8749, 0, 0, 0
1789130349579, 3751, 1, 0, 0
1789130350580, 8752, 0, 0, 0
1789130350580, 3748, 1, 0, 0
1789130351580, 8748, 0, 0, 0
1789130351580, 3751, 1, 0, 0
1789130352580, 8753, 0, 0, 0
1789130352580, 3751, 1, 0, 0
1789130353580, 8751, 0, 0, 0
1789130353580, 3750, 1, 0, 0
1789130354580, 8753, 0, 0, 0
1789130354580, 3752, 1, 0, 0
1789130355580, 8748, 0, 0, 0
1789130355580, 3749, 1, 0, 0
1789130356580, 8744, 0, 0, 0
1789130356580, 3748, 1, 0, 0
1789130357580, 8747, 0, 0, 0
1789130357580, 3748, 1, 0, 0
1789130358580, 8763, 0, 0, 0
1789130358580, 3756, 1, 0, 0
1789130359580, 8751, 0, 0, 0
1789130359580, 3749, 1, 0, 0
1789130360580, 8749, 0, 0, 0
1789130360580, 3751, 1, 0, 0
1789130361581, 8753, 0, 0, 0
1789130361581, 3749, 1, 0, 0
1789130362581, 8750, 0, 0, 0
1789130362581, 3752, 1, 0, 0
1789130363581, 8748, 0, 0, 0
1789130363581, 3749, 1, 0, 0
1789130364581, 8754, 0, 0, 0
1789130364581, 3752, 1, 0, 0
1789130365581, 8753, 0, 0, 0
1789130365581, 3750, 1, 0, 0
1789130366582, 8755, 0, 0, 0
1789130366582, 3753, 1, 0, 0
1789130367582, 8752, 0, 0, 0
1789130367582, 3751, 1, 0, 0
1789130368582, 8751, 0, 0, 0
1789130368582, 3750, 1, 0, 0
1789130369582, 7883, 0, 0, 0
1789130369582, 3348, 1, 0, 0
1789130370582, 9189, 0, 0, 0
1789130370582, 3978, 1, 0, 0
1789130371582, 9179, 0, 0, 0
1789130371582, 3925, 1, 0, 0
1789130372583, 8752, 0, 0, 0
1789130372583, 3751, 1, 0, 0
1789130373583, 8752, 0, 0, 0
1789130373583, 3751, 1, 0, 0
1789130374583, 8753, 0, 0, 0
1789130374583, 3750, 1, 0, 0
1789130375583, 8749, 0, 0, 0
1789130375583, 3750, 1, 0, 0
1789130376583, 8753, 0, 0, 0
1789130376583, 3752, 1, 0, 0
1789130377583, 8750, 0, 0, 0
1789130377583, 3750, 1, 0, 0
1789130378583, 8752, 0, 0, 0
1789130378583, 3751, 1, 0, 0
1789130379583, 8749, 0, 0, 0
1789130379583, 3749, 1, 0, 0
1789130380583, 8752, 0, 0, 0
1789130380583, 3750, 1, 0, 0
1789130381584, 8743, 0, 0, 0
1789130381584, 3746, 1, 0, 0
1789130382584, 8758, 0, 0, 0
1789130382584, 3753, 1, 0, 0
1789130383584, 8750, 0, 0, 0
1789130383584, 3753, 1, 0, 0
1789130384584, 8752, 0, 0, 0
1789130384584, 3749, 1, 0, 0
1789130385584, 8748, 0, 0, 0
1789130385584, 3748, 1, 0, 0
1789130386584, 8753, 0, 0, 0
1789130386584, 3754, 1, 0, 0
1789130387584, 8750, 0, 0, 0
1789130387584, 3749, 1, 0, 0
1789130388584, 8753, 0, 0, 0
1789130388584, 3752, 1, 0, 0
1789130389584, 8752, 0, 0, 0
1789130389584, 3751, 1, 0, 0
1789130390584, 8749, 0, 0, 0
1789130390584, 3751, 1, 0, 0
1789130391585, 8754, 0, 0, 0
1789130391585, 3748, 1, 0, 0
1789130392585, 8748, 0, 0, 0
1789130392585, 3751, 1, 0, 0
1789130393585, 8752, 0, 0, 0
1789130393585, 3751, 1, 0, 0
1789130394585, 8752, 0, 0, 0
1789130394585, 3749, 1, 0, 0
1789130395585, 7634, 0, 0, 0
1789130395585, 3278, 1, 0, 0
1789130396586, 9873, 0, 0, 0
1789130396586, 4228, 1, 0, 0
1789130397586, 8751, 0, 0, 0
1789130397586, 3750, 1, 0, 0
1789130398586, 8750, 0, 0, 0
1789130398586, 3750, 1, 0, 0
1789130399587, 4430, 0, 0, 0
1789130399587, 1896, 1, 0, 0
1789130841563, 74, 0, 0, 0
1789130841563, 32, 1, 0, 0
1789130842564, 10448, 0, 0, 0
1789130842564, 4568, 1, 0, 0
1789130843564, 11951, 0, 0, 0
1789130843564, 5055, 1, 0, 0
1789130844564, 12590, 0, 0, 0
1789130844564, 5352, 1, 0, 0
1789130845564, 13050, 0, 0, 0
1789130845564, 5655, 1, 0, 0
1789130846564, 12755, 0, 0, 0
1789130846564, 5481, 1, 0, 0
1789130847564, 11467, 0, 0, 0
1789130847564, 4758, 1, 0, 0
1789130848565, 10989, 0, 0, 0
1789130848565, 4732, 1, 0, 0
1789130849565, 11061, 0, 0, 0
1789130849565, 4718, 1, 0, 0
1789130850565, 8985, 0, 0, 0
1789130850565, 3756, 1, 0, 0
1789130851565, 9469, 0, 0, 0
1789130851565, 4040, 1, 0, 0
1789130852565, 12551, 0, 0, 0
1789130852565, 5270, 1, 0, 0
1789130853565, 14020, 0, 0, 0
1789130853565, 5982, 1, 0, 0
1789130854565, 14315, 0, 0, 0
1789130854565, 6233, 1, 0, 0
1789130855565, 14471, 0, 0, 0
1789130855565, 6144, 1, 0, 0
1789130856565, 11269, 0, 0, 0
1789130856565, 4976, 1, 0, 0
1789130857565, 8924, 0, 0, 0
1789130857565, 3780, 1, 0, 0
1789130858565, 11050, 0, 0, 0
1789130858565, 4614, 1, 0, 0
1789130859565, 10777, 0, 0, 0
1789130859565, 4523, 1, 0, 0
1789130860566, 13588, 0, 0, 0
1789130860566, 5761, 1, 0, 0
1789130861566, 13575, 0, 0, 0
1789130861566, 5799, 1, 0, 0
1789130862566, 13534, 0, 0, 0
1789130862566, 5870, 1, 0, 0
1789130863566, 13545, 0, 0, 0
1789130863566, 5626, 1, 0, 0
1789130864566, 13634, 0, 0, 0
1789130864566, 5757, 1, 0, 0
1789130865566, 13661, 0, 0, 0
1789130865566, 5734, 1, 0, 0
1789130866566, 10440, 0, 0, 0
1789130866566, 4448, 1, 0, 0
1789130867566, 9666, 0, 0, 0
1789130867566, 4023, 1, 0, 0
1789130868566, 9991, 0, 0, 0
1789130868566, 4323, 1, 0, 0
1789130869566, 8998, 0, 0, 0
1789130869566, 3808, 1, 0, 0
1789130870566, 14542, 0, 0, 0
1789130870566, 6196, 1, 0, 0
1789130871567, 14217, 0, 0, 0
1789130871567, 6028, 1, 0, 0
1789130872567, 13661, 0, 0, 0
1789130872567, 5776, 1, 0, 0
1789130873567, 13848, 0, 0, 0
1789130873567, 5985, 1, 0, 0
1789130874567, 13882, 0, 0, 0
1789130874567, 5983, 1, 0, 0
1789130875567, 13459, 0, 0, 0
1789130875567, 5915, 1, 0, 0
1789130876567, 8702, 0, 0, 0
1789130876567, 3695, 1, 0, 0
1789130877567, 3547, 0, 0, 0
1789130877567, 1569, 1, 0, 0
1789130878567, 3782, 0, 0, 0
1789130878567, 1647, 1, 0, 0
1789130879567, 6247, 0, 0, 0
1789130879567, 2692, 1, 0, 0
1789130880567, 7834, 0, 0, 0
1789130880567, 3439, 1, 0, 0
1789130881567, 8937, 0, 0, 0
1789130881567, 3896, 1, 0, 0
1789130882567, 12630, 0, 0, 0
1789130882567, 5278, 1, 0, 0
1789130883568, 14559, 0, 0, 0
1789130883568, 6070, 1, 0, 0
1789130884568, 14736, 0, 0, 0
1789130884568, 6287, 1, 0, 0
1789130885568, 14943, 0, 0, 0
1789130885568, 6504, 1, 0, 0
1789130886568, 15195, 0, 0, 0
1789130886568, 6553, 1, 0, 0
1789130887568, 12761, 0, 0, 0
1789130887568, 5409, 1, 0, 0
1789130888568, 1779, 0, 0, 0
1789130888568, 752, 1, 0, 0
1789130889568, 2622, 0, 0, 0
1789130889568, 1189, 1, 0, 0
1789130890568, 3244, 0, 0, 0
1789130890568, 1429, 1, 0, 0
1789130891568, 3853, 0, 0, 0
1789130891568, 1704, 1, 0, 0
1789130892567, 6331, 0, 0, 0
1789130892567, 2628, 1, 0, 0
1789130893567, 9920, 0, 0, 0
1789130893567, 4208, 1, 0, 0
1789130894567, 12484, 0, 0, 0
1789130894567, 5287, 1, 0, 0
1789130895568, 14306, 0, 0, 0
1789130895568, 6105, 1, 0, 0
1789130896568, 15048, 0, 0, 0
1789130896568, 6405, 1, 0, 0
1789130897568, 15269, 0, 0, 0
1789130897568, 6534, 1, 0, 0
1789130898568, 15454, 0, 0, 0
1789130898568, 6549, 1, 0, 0
1789130899568, 15551, 0, 0, 0
1789130899568, 6522, 1, 0, 0
1789130900567, 7100, 0, 0, 0
1789130900567, 2915, 1, 0, 0
1789130901571, 1723, 0, 0, 0
1789130901571, 740, 1, 0, 0
1789130902571, 4355, 0, 0, 0
1789130902571, 1956, 1, 0, 0
1789130903571, 5390, 0, 0, 0
1789130903571, 2337, 1, 0, 0
1789130904571, 4914, 0, 0, 0
1789130904571, 2043, 1, 0, 0
1789130905571, 10421, 0, 0, 0
1789130905571, 4557, 1, 0, 0
1789130906571, 10036, 0, 0, 0
1789130906571, 4359, 1, 0, 0
1789130907571, 13887, 0, 0, 0
1789130907571, 5988, 1, 0, 0
1789130908571, 15608, 0, 0, 0
1789130908571, 6639, 1, 0, 0
1789130909571, 16159, 0, 0, 0
1789130909571, 7021, 1, 0, 0
1789130910572, 16235, 0, 0, 0
1789130910572, 6871, 1, 0, 0
1789130911572, 15971, 0, 0, 0
1789130911572, 6885, 1, 0, 0
1789130912572, 9844, 0, 0, 0
1789130912572, 4290, 1, 0, 0
1789130913572, 12880, 0, 0, 0
1789130913572, 5487, 1, 0, 0
1789130914572, 13230, 0, 0, 0
1789130914572, 5820, 1, 0, 0
1789130915572, 12564, 0, 0, 0
1789130915572, 5295, 1, 0, 0
1789130916572, 16157, 0, 0, 0
1789130916572, 6891, 1, 0, 0
1789130917572, 16378, 0, 0, 0
1789130917572, 7053, 1, 0, 0
1789130918572, 16338, 0, 0, 0
1789130918572, 7127, 1, 0, 0
1789130919573, 16645, 0, 0, 0
1789130919573, 7067, 1, 0, 0
1789130920573, 15293, 0, 0, 0
1789130920573, 6549, 1, 0, 0
1789130921573, 9688, 0, 0, 0
1789130921573, 4173, 1, 0, 0
1789130922573, 10949, 0, 0, 0
1789130922573, 4536, 1, 0, 0
1789130923573, 9437, 0, 0, 0
1789130923573, 4055, 1, 0, 0
1789130924573, 17477, 0, 0, 0
1789130924573, 7378, 1, 0, 0
1789130925573, 17909, 0, 0, 0
1789130925573, 7643, 1, 0, 0
1789130926573, 17910, 0, 0, 0
1789130926573, 7603, 1, 0, 0
1789130927573, 18045, 0, 0, 0
1789130927573, 7715, 1, 0, 0
1789130928573, 18156, 0, 0, 0
1789130928573, 7645, 1, 0, 0
1789130929573, 4798, 0, 0, 0
1789130929573, 2048, 1, 0, 0
1789130930574, 4724, 0, 0, 0
1789130930574, 2031, 1, 0, 0
1789130931574, 11624, 0, 0, 0
1789130931574, 4959, 1, 0, 0
1789130932574, 14707, 0, 0, 0
1789130932574, 6249, 1, 0, 0
1789130933574, 16915, 0, 0, 0
1789130933574, 7406, 1, 0, 0
1789130934574, 18019, 0, 0, 0
1789130934574, 7754, 1, 0, 0
1789130935574, 18182, 0, 0, 0
1789130935574, 7829, 1, 0, 0
1789130936574, 18243, 0, 0, 0
1789130936574, 7825, 1, 0, 0
1789130937575, 18123, 0, 0, 0
1789130937575, 7610, 1, 0, 0
1789130938575, 2870, 0, 0, 0
1789130938575, 1253, 1, 0, 0
1789130939575, 892, 0, 0, 0
1789130939575, 408, 1, 0, 0
1789130940575, 1547, 0, 0, 0
1789130940575, 618, 1, 0, 0
1789130941575, 1003, 0, 0, 0
1789130941575, 434, 1, 0, 0
1789130942575, 1517, 0, 0, 0
1789130942575, 678, 1, 0, 0
1789130943575, 10861, 0, 0, 0
1789130943575, 4695, 1, 0, 0
1789130944575, 13685, 0, 0, 0
1789130944575, 5974, 1, 0, 0
1789130945575, 16698, 0, 0, 0
1789130945575, 7193, 1, 0, 0
1789130946576, 18299, 0, 0, 0
1789130946576, 7863, 1, 0, 0
1789130947576, 18414, 0, 0, 0
1789130947576, 7798, 1, 0, 0
1789130948576, 18508, 0, 0, 0
1789130948576, 8022, 1, 0, 0
1789130949576, 17455, 0, 0, 0
1789130949576, 7616, 1, 0, 0
1789130950576, 8390, 0, 0, 0
1789130950576, 3555, 1, 0, 0
1789130951576, 10285, 0, 0, 0
1789130951576, 4410, 1, 0, 0
1789130952576, 12667, 0, 0, 0
1789130952576, 5736, 1, 0, 0
1789130953576, 16493, 0, 0, 0
1789130953576, 7217, 1, 0, 0
1789130954576, 18405, 0, 0, 0
1789130954576, 7946, 1, 0, 0
1789130955576, 18822, 0, 0, 0
1789130955576, 8077, 1, 0, 0
1789130956577, 18942, 0, 0, 0
1789130956577, 8084, 1, 0, 0
1789130957577, 18667, 0, 0, 0
1789130957577, 7857, 1, 0, 0
1789130958577, 3367, 0, 0, 0
1789130958577, 1457, 1, 0, 0
1789130959577, 5635, 0, 0, 0
1789130959577, 2377, 1, 0, 0
1789130960577, 10760, 0, 0, 0
1789130960577, 4635, 1, 0, 0
1789130961577, 15128, 0, 0, 0
1789130961577, 6342, 1, 0, 0
1789130962577, 17470, 0, 0, 0
1789130962577, 7581, 1, 0, 0
1789130963578, 18688, 0, 0, 0
1789130963578, 8009, 1, 0, 0
1789130964578, 18871, 0, 0, 0
1789130964578, 8012, 1, 0, 0
1789130965578, 19043, 0, 0, 0
1789130965578, 7928, 1, 0, 0
1789130966578, 15140, 0, 0, 0
1789130966578, 6390, 1, 0, 0
1789130967578, 2339, 0, 0, 0
1789130967578, 987, 1, 0, 0
1789130968578, 9058, 0, 0, 0
1789130968578, 3968, 1, 0, 0
1789130969578, 12116, 0, 0, 0
1789130969578, 5162, 1, 0, 0
1789130970578, 15525, 0, 0, 0
1789130970578, 6772, 1, 0, 0
1789130971578, 17974, 0, 0, 0
1789130971578, 7749, 1, 0, 0
1789130972579, 18729, 0, 0, 0
1789130972579, 8086, 1, 0, 0
1789130973579, 18785, 0, 0, 0
1789130973579, 8142, 1, 0, 0
1789130974579, 18778, 0, 0, 0
1789130974579, 8180, 1, 0, 0
1789130975579, 5159, 0, 0, 0
1789130975579, 2205, 1, 0, 0
1789130976579, 2167, 0, 0, 0
1789130976579, 932, 1, 0, 0
1789130977579, 10979, 0, 0, 0
1789130977579, 4624, 1, 0, 0
1789130978579, 12766, 0, 0, 0
1789130978579, 5487, 1, 0, 0
1789130979580, 15256, 0, 0, 0
1789130979580, 6454, 1, 0, 0
1789130980580, 17518, 0, 0, 0
1789130980580, 7518, 1, 0, 0
1789130981580, 18973, 0, 0, 0
1789130981580, 8069, 1, 0, 0
1789130982580, 19061, 0, 0, 0
1789130982580, 8115, 1, 0, 0
1789130983580, 18546, 0, 0, 0
1789130983580, 7979, 1, 0, 0
1789130984580, 2786, 0, 0, 0
1789130984580, 1235, 1, 0, 0
1789130985580, 2359, 0, 0, 0
1789130985580, 1005, 1, 0, 0
1789130986581, 1793, 0, 0, 0
1789130986581, 763, 1, 0, 0
1789130987581, 10382, 0, 0, 0
1789130987581, 4477, 1, 0, 0
1789130988581, 13225, 0, 0, 0
1789130988581, 5696, 1, 0, 0
1789130989581, 16340, 0, 0, 0
1789130989581, 6823, 1, 0, 0
1789130990581, 18365, 0, 0, 0
1789130990581, 8014, 1, 0, 0
1789130991582, 19220, 0, 0, 0
1789130991582, 8179, 1, 0, 0
1789130992582, 19062, 0, 0, 0
1789130992582, 8249, 1, 0, 0
1789130993582, 18203, 0, 0, 0
1789130993582, 7904, 1, 0, 0
1789130994582, 15908, 0, 0, 0
1789130994582, 6836, 1, 0, 0
1789130995582, 16328, 0, 0, 0
1789130995582, 6950, 1, 0, 0
1789130996582, 16749, 0, 0, 0
1789130996582, 7135, 1, 0, 0
1789130997582, 19189, 0, 0, 0
1789130997582, 8266, 1, 0, 0
1789130998583, 19120, 0, 0, 0
1789130998583, 8287, 1, 0, 0
1789130999583, 19215, 0, 0, 0
1789130999583, 8227, 1, 0, 0
1789131000583, 16812, 0, 0, 0
1789131000583, 7192, 1, 0, 0
1789131001583, 15582, 0, 0, 0
1789131001583, 6764, 1, 0, 0
1789131002583, 15369, 0, 0, 0
1789131002583, 6574, 1, 0, 0
1789131003583, 18101, 0, 0, 0
1789131003583, 7908, 1, 0, 0
1789131004584, 19325, 0, 0, 0
1789131004584, 8178, 1, 0, 0
1789131005584, 19145, 0, 0, 0
1789131005584, 8314, 1, 0, 0
1789131006584, 19263, 0, 0, 0
1789131006584, 8365, 1, 0, 0
1789131007584, 17697, 0, 0, 0
1789131007584, 7585, 1, 0, 0
1789131008584, 15869, 0, 0, 0
1789131008584, 6724, 1, 0, 0
1789131009584, 17065, 0, 0, 0
1789131009584, 7463, 1, 0, 0
1789131010584, 15631, 0, 0, 0
1789131010584, 6701, 1, 0, 0
1789131011585, 19370, 0, 0, 0
1789131011585, 8312, 1, 0, 0
1789131012585, 19297, 0, 0, 0
1789131012585, 8303, 1, 0, 0
1789131013585, 19260, 0, 0, 0
1789131013585, 8350, 1, 0, 0
1789131014585, 17082, 0, 0, 0
1789131014585, 7309, 1, 0, 0
1789131015585, 4883, 0, 0, 0
1789131015585, 2047, 1, 0, 0
1789131016585, 11013, 0, 0, 0
1789131016585, 4740, 1, 0, 0
1789131017585, 13608, 0, 0, 0
1789131017585, 5851, 1, 0, 0
1789131018586, 17547, 0, 0, 0
1789131018586, 7279, 1, 0, 0
1789131019586, 18730, 0, 0, 0
1789131019586, 8238, 1, 0, 0
1789131020586, 19237, 0, 0, 0
1789131020586, 8155, 1, 0, 0
1789131021586, 19222, 0, 0, 0
1789131021586, 8033, 1, 0, 0
1789131022586, 12552, 0, 0, 0
1789131022586, 5397, 1, 0, 0
1789131023586, 2838, 0, 0, 0
1789131023586, 1219, 1, 0, 0
1789131024586, 9637, 0, 0, 0
1789131024586, 4072, 1, 0, 0
1789131025587, 12752, 0, 0, 0
1789131025587, 5395, 1, 0, 0
1789131026587, 15907, 0, 0, 0
1789131026587, 6966, 1, 0, 0
1789131027587, 18182, 0, 0, 0
1789131027587, 7882, 1, 0, 0
1789131028587, 19105, 0, 0, 0
1789131028587, 8127, 1, 0, 0
1789131029587, 19089, 0, 0, 0
1789131029587, 8379, 1, 0, 0
1789131030587, 18831, 0, 0, 0
1789131030587, 7999, 1, 0, 0
1789131031588, 1869, 0, 0, 0
1789131031588, 782, 1, 0, 0
1789131032588, 9535, 0, 0, 0
1789131032588, 4195, 1, 0, 0
1789131033588, 11925, 0, 0, 0
1789131033588, 5164, 1, 0, 0
1789131034588, 14648, 0, 0, 0
1789131034588, 6231, 1, 0, 0
1789131035588, 16848, 0, 0, 0
1789131035588, 7224, 1, 0, 0
1789131036588, 17870, 0, 0, 0
1789131036588, 7658, 1, 0, 0
1789131037588, 18651, 0, 0, 0
1789131037588, 8086, 1, 0, 0
1789131038589, 19070, 0, 0, 0
1789131038589, 8132, 1, 0, 0
1789131039589, 9235, 0, 0, 0
1789131039589, 3916, 1, 0, 0
1789131040589, 3043, 0, 0, 0
1789131040589, 1252, 1, 0, 0
1789131041589, 10304, 0, 0, 0
1789131041589, 4343, 1, 0, 0
1789131042589, 13631, 0, 0, 0
1789131042589, 5819, 1, 0, 0
1789131043589, 17038, 0, 0, 0
1789131043589, 7189, 1, 0, 0
1789131044589, 18696, 0, 0, 0
1789131044589, 8120, 1, 0, 0
1789131045589, 19205, 0, 0, 0
1789131045589, 8274, 1, 0, 0
1789131046590, 19257, 0, 0, 0
1789131046590, 8232, 1, 0, 0
1789131047590, 15405, 0, 0, 0
1789131047590, 6594, 1, 0, 0
1789131048590, 2617, 0, 0, 0
1789131048590, 1180, 1, 0, 0
1789131049590, 8939, 0, 0, 0
1789131049590, 3984, 1, 0, 0
1789131050590, 13073, 0, 0, 0
1789131050590, 5606, 1, 0, 0
1789131051590, 16857, 0, 0, 0
1789131051590, 7023, 1, 0, 0
1789131052591, 18444, 0, 0, 0
1789131052591, 8195, 1, 0, 0
1789131053591, 19376, 0, 0, 0
1789131053591, 8366, 1, 0, 0
1789131054591, 19328, 0, 0, 0
1789131054591, 8427, 1, 0, 0
1789131055591, 18811, 0, 0, 0
1789131055591, 8017, 1, 0, 0
1789131056591, 15682, 0, 0, 0
1789131056591, 6679, 1, 0, 0
1789131057591, 15523, 0, 0, 0
1789131057591, 6729, 1, 0, 0
1789131058591, 18322, 0, 0, 0
1789131058591, 7690, 1, 0, 0
1789131059592, 19394, 0, 0, 0
1789131059592, 8328, 1, 0, 0
1789131060592, 19302, 0, 0, 0
1789131060592, 8059, 1, 0, 0
1789131061592, 19202, 0, 0, 0
1789131061592, 8339, 1, 0, 0
1789131062592, 13594, 0, 0, 0
1789131062592, 5825, 1, 0, 0
1789131063592, 3078, 0, 0, 0
1789131063592, 1297, 1, 0, 0
1789131064592, 10172, 0, 0, 0
1789131064592, 4326, 1, 0, 0
1789131065592, 13113, 0, 0, 0
1789131065592, 5659, 1, 0, 0
1789131066593, 16543, 0, 0, 0
1789131066593, 7103, 1, 0, 0
1789131067593, 18613, 0, 0, 0
1789131067593, 7955, 1, 0, 0
1789131068593, 19458, 0, 0, 0
1789131068593, 8320, 1, 0, 0
1789131069593, 19515, 0, 0, 0
1789131069593, 8329, 1, 0, 0
1789131070593, 19177, 0, 0, 0
1789131070593, 8428, 1, 0, 0
1789131071593, 3001, 0, 0, 0
1789131071593, 1328, 1, 0, 0
1789131072593, 6000, 0, 0, 0
1789131072593, 2681, 1, 0, 0
1789131073594, 11057, 0, 0, 0
1789131073594, 4845, 1, 0, 0
1789131074594, 14855, 0, 0, 0
1789131074594, 6284, 1, 0, 0
1789131075594, 17700, 0, 0, 0
1789131075594, 7631, 1, 0, 0
1789131076594, 19123, 0, 0, 0
1789131076594, 7977, 1, 0, 0
1789131077594, 19275, 0, 0, 0
1789131077594, 8249, 1, 0, 0
1789131078594, 19221, 0, 0, 0
1789131078594, 8264, 1, 0, 0
1789131079594, 16229, 0, 0, 0
1789131079594, 6869, 1, 0, 0
1789131080595, 9811, 0, 0, 0
1789131080595, 4276, 1, 0, 0
1789131081595, 16460, 0, 0, 0
1789131081595, 6938, 1, 0, 0
1789131082595, 16373, 0, 0, 0
1789131082595, 7202, 1, 0, 0
1789131083595, 19070, 0, 0, 0
1789131083595, 8262, 1, 0, 0
1789131084595, 19262, 0, 0, 0
1789131084595, 8196, 1, 0, 0
1789131085596, 19219, 0, 0, 0
1789131085596, 8238, 1, 0, 0
1789131086596, 16435, 0, 0, 0
1789131086596, 6974, 1, 0, 0
1789131087596, 564, 0, 0, 0
1789131087596, 230, 1, 0, 0
1789131088596, 5770, 0, 0, 0
1789131088596, 2551, 1, 0, 0
1789131089596, 11297, 0, 0, 0
1789131089596, 4844, 1, 0, 0
1789131090596, 13069, 0, 0, 0
1789131090596, 5639, 1, 0, 0
1789131091597, 16334, 0, 0, 0
1789131091597, 6972, 1, 0, 0
1789131092597, 18387, 0, 0, 0
1789131092597, 8024, 1, 0, 0
1789131093597, 19288, 0, 0, 0
1789131093597, 8409, 1, 0, 0
1789131094597, 19500, 0, 0, 0
1789131094597, 8324, 1, 0, 0
1789131095597, 15931, 0, 0, 0
1789131095597, 6869, 1, 0, 0
1789131096597, 15401, 0, 0, 0
1789131096597, 6701, 1, 0, 0
1789131097597, 15766, 0, 0, 0
1789131097597, 6721, 1, 0, 0
1789131098598, 19325, 0, 0, 0
1789131098598, 8355, 1, 0, 0
1789131099598, 19456, 0, 0, 0
1789131099598, 8320, 1, 0, 0
1789131100598, 19639, 0, 0, 0
1789131100598, 8242, 1, 0, 0
1789131101598, 19573, 0, 0, 0
1789131101598, 8241, 1, 0, 0
1789131102598, 6212, 0, 0, 0
1789131102598, 2716, 1, 0, 0
1789131103598, 8739, 0, 0, 0
1789131103598, 3679, 1, 0, 0
1789131104598, 10780, 0, 0, 0
1789131104598, 4683, 1, 0, 0
1789131105598, 15228, 0, 0, 0
1789131105598, 6489, 1, 0, 0
1789131106598, 18435, 0, 0, 0
1789131106598, 7970, 1, 0, 0
1789131107599, 19419, 0, 0, 0
1789131107599, 8136, 1, 0, 0
1789131108599, 19304, 0, 0, 0
1789131108599, 8293, 1, 0, 0
1789131109599, 19280, 0, 0, 0
1789131109599, 8238, 1, 0, 0
1789131110599, 12702, 0, 0, 0
1789131110599, 5350, 1, 0, 0
1789131111599, 7033, 0, 0, 0
1789131111599, 2933, 1, 0, 0
1789131112599, 10441, 0, 0, 0
1789131112599, 4602, 1, 0, 0
1789131113599, 13222, 0, 0, 0
1789131113599, 5694, 1, 0, 0
1789131114599, 17048, 0, 0, 0
1789131114599, 7402, 1, 0, 0
1789131115600, 19083, 0, 0, 0
1789131115600, 8062, 1, 0, 0
1789131116600, 19440, 0, 0, 0
1789131116600, 8240, 1, 0, 0
1789131117600, 19353, 0, 0, 0
1789131117600, 8143, 1, 0, 0
1789131118600, 13211, 0, 0, 0
1789131118600, 5582, 1, 0, 0
1789131119600, 2648, 0, 0, 0
1789131119600, 1122, 1, 0, 0
1789131120600, 10578, 0, 0, 0
1789131120600, 4648, 1, 0, 0
1789131121600, 13251, 0, 0, 0
1789131121600, 5656, 1, 0, 0
1789131122600, 14885, 0, 0, 0
1789131122600, 6373, 1, 0, 0
1789131123601, 17554, 0, 0, 0
1789131123601, 7533, 1, 0, 0
1789131124601, 19081, 0, 0, 0
1789131124601, 8034, 1, 0, 0
1789131125601, 19430, 0, 0, 0
1789131125601, 8231, 1, 0, 0
1789131126601, 16379, 0, 0, 0
1789131126601, 6884, 1, 0, 0
1789131127601, 1591, 0, 0, 0
1789131127601, 696, 1, 0, 0
1789131128601, 5136, 0, 0, 0
1789131128601, 2204, 1, 0, 0
1789131129602, 10953, 0, 0, 0
1789131129602, 4817, 1, 0, 0
1789131130602, 13383, 0, 0, 0
1789131130602, 5867, 1, 0, 0
1789131131602, 16768, 0, 0, 0
1789131131602, 7108, 1, 0, 0
1789131132602, 18213, 0, 0, 0
1789131132602, 7861, 1, 0, 0
1789131133602, 19371, 0, 0, 0
1789131133602, 8222, 1, 0, 0
1789131134602, 19304, 0, 0, 0
1789131134602, 8342, 1, 0, 0
1789131135602, 9826, 0, 0, 0
1789131135602, 4170, 1, 0, 0
1789131136603, 1237, 0, 0, 0
1789131136603, 540, 1, 0, 0
1789131137603, 6201, 0, 0, 0
1789131137603, 2659, 1, 0, 0
1789131138603, 11277, 0, 0, 0
1789131138603, 4849, 1, 0, 0
1789131139603, 13864, 0, 0, 0
1789131139603, 6036, 1, 0, 0
1789131140603, 16771, 0, 0, 0
1789131140603, 7524, 1, 0, 0
1789131141604, 18979, 0, 0, 0
1789131141604, 8114, 1, 0, 0
1789131142604, 19494, 0, 0, 0
1789131142604, 8357, 1, 0, 0
1789131143604, 19530, 0, 0, 0
1789131143604, 8093, 1, 0, 0
1789131144604, 17004, 0, 0, 0
1789131144604, 7128, 1, 0, 0
1789131145604, 14590, 0, 0, 0
1789131145604, 6146, 1, 0, 0
1789131146604, 15658, 0, 0, 0
1789131146604, 6728, 1, 0, 0
1789131147604, 19136, 0, 0, 0
1789131147604, 8141, 1, 0, 0
1789131148605, 19194, 0, 0, 0
1789131148605, 8349, 1, 0, 0
1789131149605, 19561, 0, 0, 0
1789131149605, 8244, 1, 0, 0
1789131150605, 19344, 0, 0, 0
1789131150605, 8334, 1, 0, 0
1789131151605, 14793, 0, 0, 0
1789131151605, 6222, 1, 0, 0
1789131152605, 4115, 0, 0, 0
1789131152605, 1687, 1, 0, 0
1789131153605, 10662, 0, 0, 0
1789131153605, 4540, 1, 0, 0
1789131154605, 14907, 0, 0, 0
1789131154605, 6160, 1, 0, 0
1789131155606, 18155, 0, 0, 0
1789131155606, 7695, 1, 0, 0
1789131156606, 19153, 0, 0, 0
1789131156606, 8296, 1, 0, 0
1789131157606, 19260, 0, 0, 0
1789131157606, 8393, 1, 0, 0
1789131158606, 19422, 0, 0, 0
1789131158606, 8357, 1, 0, 0
1789131159606, 8884, 0, 0, 0
1789131159606, 3630, 1, 0, 0
1789131160606, 7362, 0, 0, 0
1789131160606, 3074, 1, 0, 0
1789131161606, 10142, 0, 0, 0
1789131161606, 4331, 1, 0, 0
1789131162607, 13589, 0, 0, 0
1789131162607, 5736, 1, 0, 0
1789131163607, 16644, 0, 0, 0
1789131163607, 7166, 1, 0, 0
1789131164607, 18398, 0, 0, 0
1789131164607, 7896, 1, 0, 0
1789131165607, 18713, 0, 0, 0
1789131165607, 8046, 1, 0, 0
1789131166607, 19071, 0, 0, 0
1789131166607, 8215, 1, 0, 0
1789131167607, 12878, 0, 0, 0
1789131167607, 5359, 1, 0, 0
1789131168607, 3039, 0, 0, 0
1789131168607, 1227, 1, 0, 0
1789131169608, 10278, 0, 0, 0
1789131169608, 4350, 1, 0, 0
1789131170608, 13322, 0, 0, 0
1789131170608, 5676, 1, 0, 0
1789131171608, 16710, 0, 0, 0
1789131171608, 7107, 1, 0, 0
1789131172608, 17979, 0, 0, 0
1789131172608, 7937, 1, 0, 0
1789131173608, 18779, 0, 0, 0
1789131173608, 7985, 1, 0, 0
1789131174608, 19324, 0, 0, 0
1789131174608, 8301, 1, 0, 0
1789131175609, 19005, 0, 0, 0
1789131175609, 8097, 1, 0, 0
1789131176609, 4649, 0, 0, 0
1789131176609, 2044, 1, 0, 0
1789131177609, 5846, 0, 0, 0
1789131177609, 2507, 1, 0, 0
1789131178609, 11065, 0, 0, 0
1789131178609, 4804, 1, 0, 0
1789131179609, 12693, 0, 0, 0
1789131179609, 5454, 1, 0, 0
1789131180609, 15083, 0, 0, 0
1789131180609, 6514, 1, 0, 0
1789131181609, 16576, 0, 0, 0
1789131181609, 7158, 1, 0, 0
1789131182609, 18580, 0, 0, 0
1789131182609, 8038, 1, 0, 0
1789131183610, 18816, 0, 0, 0
1789131183610, 8270, 1, 0, 0
1789131184610, 16933, 0, 0, 0
1789131184610, 7252, 1, 0, 0
1789131185610, 7592, 0, 0, 0
1789131185610, 3308, 1, 0, 0
1789131186610, 13161, 0, 0, 0
1789131186610, 5656, 1, 0, 0
1789131187610, 14327, 0, 0, 0
1789131187610, 6138, 1, 0, 0
1789131188610, 17947, 0, 0, 0
1789131188610, 7751, 1, 0, 0
1789131189610, 18675, 0, 0, 0
1789131189610, 8068, 1, 0, 0
1789131190610, 19467, 0, 0, 0
1789131190610, 8243, 1, 0, 0
1789131191611, 19363, 0, 0, 0
1789131191611, 8250, 1, 0, 0
1789131192611, 11389, 0, 0, 0
1789131192611, 4876, 1, 0, 0
1789131193611, 8847, 0, 0, 0
1789131193611, 3750, 1, 0, 0
1789131194611, 12015, 0, 0, 0
1789131194611, 5104, 1, 0, 0
1789131195611, 15624, 0, 0, 0
1789131195611, 6708, 1, 0, 0
1789131196611, 18370, 0, 0, 0
1789131196611, 7984, 1, 0, 0
1789131197611, 19088, 0, 0, 0
1789131197611, 8293, 1, 0, 0
1789131198611, 19259, 0, 0, 0
1789131198611, 8128, 1, 0, 0
1789131199612, 18454, 0, 0, 0
1789131199612, 7878, 1, 0, 0
1789131200612, 7107, 0, 0, 0
1789131200612, 2964, 1, 0, 0
1789131201612, 7671, 0, 0, 0
1789131201612, 3300, 1, 0, 0
1789131202612, 12472, 0, 0, 0
1789131202612, 5430, 1, 0, 0
1789131203612, 16152, 0, 0, 0
1789131203612, 7096, 1, 0, 0
1789131204612, 18706, 0, 0, 0
1789131204612, 7998, 1, 0, 0
1789131205612, 19095, 0, 0, 0
1789131205612, 8274, 1, 0, 0
1789131206613, 19186, 0, 0, 0
1789131206613, 8262, 1, 0, 0
1789131207613, 18830, 0, 0, 0
1789131207613, 8138, 1, 0, 0
1789131208613, 13368, 0, 0, 0
1789131208613, 5838, 1, 0, 0
1789131209613, 15418, 0, 0, 0
1789131209613, 6756, 1, 0, 0
1789131210613, 15739, 0, 0, 0
1789131210613, 6598, 1, 0, 0
1789131211613, 19295, 0, 0, 0
1789131211613, 8129, 1, 0, 0
1789131212613, 19182, 0, 0, 0
1789131212613, 8487, 1, 0, 0
1789131213613, 19472, 0, 0, 0
1789131213613, 8251, 1, 0, 0
1789131214613, 18027, 0, 0, 0
1789131214613, 7721, 1, 0, 0
1789131215613, 7770, 0, 0, 0
1789131215613, 3236, 1, 0, 0
1789131216614, 10171, 0, 0, 0
1789131216614, 4352, 1, 0, 0
1789131217614, 10950, 0, 0, 0
1789131217614, 4789, 1, 0, 0
1789131218614, 15292, 0, 0, 0
1789131218614, 6431, 1, 0, 0
1789131219614, 18560, 0, 0, 0
1789131219614, 7822, 1, 0, 0
1789131220614, 19024, 0, 0, 0
1789131220614, 8100, 1, 0, 0
1789131221614, 19193, 0, 0, 0
1789131221614, 8304, 1, 0, 0
1789131222614, 17931, 0, 0, 0
1789131222614, 7541, 1, 0, 0
1789131223614, 15020, 0, 0, 0
1789131223614, 6357, 1, 0, 0
1789131224614, 16311, 0, 0, 0
1789131224614, 7224, 1, 0, 0
1789131225614, 15799, 0, 0, 0
1789131225614, 6779, 1, 0, 0
1789131226614, 19247, 0, 0, 0
1789131226614, 8214, 1, 0, 0
1789131227615, 19065, 0, 0, 0
1789131227615, 8369, 1, 0, 0
1789131228615, 19195, 0, 0, 0
1789131228615, 8264, 1, 0, 0
1789131229615, 14013, 0, 0, 0
1789131229615, 6100, 1, 0, 0
1789131230615, 1622, 0, 0, 0
1789131230615, 709, 1, 0, 0
1789131231615, 7577, 0, 0, 0
1789131231615, 3263, 1, 0, 0
1789131232616, 12132, 0, 0, 0
1789131232616, 5201, 1, 0, 0
1789131233616, 13988, 0, 0, 0
1789131233616, 5973, 1, 0, 0
1789131234616, 17288, 0, 0, 0
1789131234616, 7268, 1, 0, 0
1789131235616, 18816, 0, 0, 0
1789131235616, 8264, 1, 0, 0
1789131236616, 19453, 0, 0, 0
1789131236616, 8213, 1, 0, 0
1789131237616, 18198, 0, 0, 0
1789131237616, 7840, 1, 0, 0
1789131238616, 4183, 0, 0, 0
1789131238616, 1781, 1, 0, 0
1789131239616, 7081, 0, 0, 0
1789131239616, 2970, 1, 0, 0
1789131240616, 10769, 0, 0, 0
1789131240616, 4607, 1, 0, 0
1789131241617, 14583, 0, 0, 0
1789131241617, 6367, 1, 0, 0
1789131242617, 18025, 0, 0, 0
1789131242617, 7701, 1, 0, 0
1789131243617, 19036, 0, 0, 0
1789131243617, 8189, 1, 0, 0
1789131244617, 19445, 0, 0, 0
1789131244617, 8318, 1, 0, 0
1789131245617, 19340, 0, 0, 0
1789131245617, 8472, 1, 0, 0
1789131246617, 15177, 0, 0, 0
1789131246617, 6704, 1, 0, 0
1789131247617, 16236, 0, 0, 0
1789131247617, 7012, 1, 0, 0
1789131248617, 16482, 0, 0, 0
1789131248617, 6976, 1, 0, 0
1789131249617, 19143, 0, 0, 0
1789131249617, 8008, 1, 0, 0
1789131250618, 19382, 0, 0, 0
1789131250618, 8352, 1, 0, 0
1789131251618, 19437, 0, 0, 0
1789131251618, 8232, 1, 0, 0
1789131252618, 18679, 0, 0, 0
1789131252618, 8021, 1, 0, 0
1789131253618, 10760, 0, 0, 0
1789131253618, 4672, 1, 0, 0
1789131254618, 15425, 0, 0, 0
1789131254618, 6498, 1, 0, 0
1789131255618, 14904, 0, 0, 0
1789131255618, 6420, 1, 0, 0
1789131256619, 19230, 0, 0, 0
1789131256619, 8194, 1, 0, 0
1789131257619, 19300, 0, 0, 0
1789131257619, 8450, 1, 0, 0
1789131258619, 19489, 0, 0, 0
1789131258619, 8197, 1, 0, 0
1789131259619, 18362, 0, 0, 0
1789131259619, 8091, 1, 0, 0
1789131260619, 13942, 0, 0, 0
1789131260619, 6003, 1, 0, 0
1789131261619, 16017, 0, 0, 0
1789131261619, 6598, 1, 0, 0
1789131262620, 15975, 0, 0, 0
1789131262620, 6873, 1, 0, 0
1789131263620, 19223, 0, 0, 0
1789131263620, 8230, 1, 0, 0
1789131264620, 19071, 0, 0, 0
1789131264620, 8342, 1, 0, 0
1789131265620, 19268, 0, 0, 0
1789131265620, 8238, 1, 0, 0
1789131266620, 19138, 0, 0, 0
1789131266620, 8248, 1, 0, 0
1789131267620, 6707, 0, 0, 0
1789131267620, 2913, 1, 0, 0
1789131268621, 6652, 0, 0, 0
1789131268621, 2836, 1, 0, 0
1789131269621, 10305, 0, 0, 0
1789131269621, 4370, 1, 0, 0
1789131270621, 14362, 0, 0, 0
1789131270621, 6210, 1, 0, 0
1789131271621, 17675, 0, 0, 0
1789131271621, 7561, 1, 0, 0
1789131272621, 19110, 0, 0, 0
1789131272621, 8245, 1, 0, 0
1789131273621, 19343, 0, 0, 0
1789131273621, 8305, 1, 0, 0
1789131274622, 19323, 0, 0, 0
1789131274622, 8208, 1, 0, 0
1789131275622, 14726, 0, 0, 0
1789131275622, 6375, 1, 0, 0
1789131276622, 7011, 0, 0, 0
1789131276622, 3008, 1, 0, 0
1789131277622, 12448, 0, 0, 0
1789131277622, 5192, 1, 0, 0
1789131278622, 15218, 0, 0, 0
1789131278622, 6602, 1, 0, 0
1789131279622, 18146, 0, 0, 0
1789131279622, 7690, 1, 0, 0
1789131280622, 19027, 0, 0, 0
1789131280622, 8195, 1, 0, 0
1789131281623, 19343, 0, 0, 0
1789131281623, 8230, 1, 0, 0
1789131282623, 19437, 0, 0, 0
1789131282623, 8154, 1, 0, 0
1789131283623, 12134, 0, 0, 0
1789131283623, 5137, 1, 0, 0
1789131284623, 3283, 0, 0, 0
1789131284623, 1355, 1, 0, 0
1789131285623, 9720, 0, 0, 0
1789131285623, 4199, 1, 0, 0
1789131286623, 12914, 0, 0, 0
1789131286623, 5607, 1, 0, 0
1789131287624, 16362, 0, 0, 0
1789131287624, 7145, 1, 0, 0
1789131288624, 18757, 0, 0, 0
1789131288624, 7974, 1, 0, 0
1789131289624, 19452, 0, 0, 0
1789131289624, 8183, 1, 0, 0
1789131290624, 19410, 0, 0, 0
1789131290624, 8364, 1, 0, 0
1789131291624, 18548, 0, 0, 0
1789131291624, 7955, 1, 0, 0
1789131292625, 14092, 0, 0, 0
1789131292625, 5913, 1, 0, 0
1789131293625, 16053, 0, 0, 0
1789131293625, 6678, 1, 0, 0
1789131294625, 17233, 0, 0, 0
1789131294625, 7451, 1, 0, 0
1789131295625, 19546, 0, 0, 0
1789131295625, 8173, 1, 0, 0
1789131296625, 19518, 0, 0, 0
1789131296625, 8282, 1, 0, 0
1789131297625, 19278, 0, 0, 0
1789131297625, 8362, 1, 0, 0
1789131298626, 19299, 0, 0, 0
1789131298626, 8311, 1, 0, 0
1789131299626, 7772, 0, 0, 0
1789131299626, 3336, 1, 0, 0
1789131300626, 6133, 0, 0, 0
1789131300626, 2621, 1, 0, 0
1789131301626, 9904, 0, 0, 0
1789131301626, 4185, 1, 0, 0
1789131302626, 13468, 0, 0, 0
1789131302626, 5720, 1, 0, 0
1789131303626, 16759, 0, 0, 0
1789131303626, 7396, 1, 0, 0
1789131304626, 18776, 0, 0, 0
1789131304626, 8283, 1, 0, 0
1789131305627, 19122, 0, 0, 0
1789131305627, 8214, 1, 0, 0
1789131306627, 19137, 0, 0, 0
1789131306627, 8206, 1, 0, 0
1789131307627, 17226, 0, 0, 0
1789131307627, 7426, 1, 0, 0
1789131308627, 9487, 0, 0, 0
1789131308627, 4069, 1, 0, 0
1789131309627, 17829, 0, 0, 0
1789131309627, 7478, 1, 0, 0
1789131310627, 16213, 0, 0, 0
1789131310627, 6923, 1, 0, 0
1789131311627, 19295, 0, 0, 0
1789131311627, 8045, 1, 0, 0
1789131312628, 19247, 0, 0, 0
1789131312628, 8148, 1, 0, 0
1789131313628, 19311, 0, 0, 0
1789131313628, 8231, 1, 0, 0
1789131314628, 19431, 0, 0, 0
1789131314628, 8155, 1, 0, 0
1789131315628, 6153, 0, 0, 0
1789131315628, 2679, 1, 0, 0
1789131316628, 4723, 0, 0, 0
1789131316628, 2127, 1, 0, 0
1789131317628, 11257, 0, 0, 0
1789131317628, 4856, 1, 0, 0
1789131318628, 13685, 0, 0, 0
1789131318628, 6060, 1, 0, 0
1789131319629, 15122, 0, 0, 0
1789131319629, 6462, 1, 0, 0
1789131320629, 17581, 0, 0, 0
1789131320629, 7569, 1, 0, 0
1789131321629, 18893, 0, 0, 0
1789131321629, 8308, 1, 0, 0
1789131322629, 19482, 0, 0, 0
1789131322629, 8370, 1, 0, 0
1789131323629, 16363, 0, 0, 0
1789131323629, 6921, 1, 0, 0
1789131324630, 6291, 0, 0, 0
1789131324630, 2685, 1, 0, 0
1789131325630, 11853, 0, 0, 0
1789131325630, 4987, 1, 0, 0
1789131326630, 14640, 0, 0, 0
1789131326630, 6157, 1, 0, 0
1789131327630, 17660, 0, 0, 0
1789131327630, 7630, 1, 0, 0
1789131328630, 18792, 0, 0, 0
1789131328630, 8116, 1, 0, 0
1789131329630, 19278, 0, 0, 0
1789131329630, 8140, 1, 0, 0
1789131330630, 19161, 0, 0, 0
1789131330630, 8341, 1, 0, 0
1789131331630, 13403, 0, 0, 0
1789131331630, 5788, 1, 0, 0
1789131332630, 4244, 0, 0, 0
1789131332630, 1850, 1, 0, 0
1789131333630, 9180, 0, 0, 0
1789131333630, 3818, 1, 0, 0
1789131334630, 11696, 0, 0, 0
1789131334630, 5107, 1, 0, 0
1789131335631, 15788, 0, 0, 0
1789131335631, 6679, 1, 0, 0
1789131336631, 18290, 0, 0, 0
1789131336631, 8021, 1, 0, 0
1789131337631, 19365, 0, 0, 0
1789131337631, 8156, 1, 0, 0
1789131338631, 19209, 0, 0, 0
1789131338631, 8259, 1, 0, 0
1789131339631, 18770, 0, 0, 0
1789131339631, 8037, 1, 0, 0
1789131340631, 4268, 0, 0, 0
1789131340631, 1861, 1, 0, 0
1789131341631, 11834, 0, 0, 0
1789131341631, 5142, 1, 0, 0
1789131342631, 13085, 0, 0, 0
1789131342631, 5579, 1, 0, 0
1789131343631, 15450, 0, 0, 0
1789131343631, 6798, 1, 0, 0
1789131344631, 18356, 0, 0, 0
1789131344631, 7856, 1, 0, 0
1789131345632, 19079, 0, 0, 0
1789131345632, 8279, 1, 0, 0
1789131346632, 19381, 0, 0, 0
1789131346632, 8183, 1, 0, 0
1789131347632, 19238, 0, 0, 0
1789131347632, 8305, 1, 0, 0
1789131348632, 12907, 0, 0, 0
1789131348632, 5556, 1, 0, 0
1789131349632, 2114, 0, 0, 0
1789131349632, 947, 1, 0, 0
1789131350632, 9968, 0, 0, 0
1789131350632, 4170, 1, 0, 0
1789131351632, 12560, 0, 0, 0
1789131351632, 5464, 1, 0, 0
1789131352632, 14210, 0, 0, 0
1789131352632, 6048, 1, 0, 0
1789131353632, 16795, 0, 0, 0
1789131353632, 7182, 1, 0, 0
1789131354633, 18574, 0, 0, 0
1789131354633, 7868, 1, 0, 0
1789131355633, 19402, 0, 0, 0
1789131355633, 8231, 1, 0, 0
1789131356633, 18206, 0, 0, 0
1789131356633, 7907, 1, 0, 0
1789131357633, 5156, 0, 0, 0
1789131357633, 2346, 1, 0, 0
1789131358633, 4306, 0, 0, 0
1789131358633, 1819, 1, 0, 0
1789131359633, 11083, 0, 0, 0
1789131359633, 4766, 1, 0, 0
1789131360633, 13774, 0, 0, 0
1789131360633, 5753, 1, 0, 0
1789131361633, 16908, 0, 0, 0
1789131361633, 7102, 1, 0, 0
1789131362633, 18840, 0, 0, 0
1789131362633, 7972, 1, 0, 0
1789131363634, 19238, 0, 0, 0
1789131363634, 8290, 1, 0, 0
1789131364634, 19169, 0, 0, 0
1789131364634, 8256, 1, 0, 0
1789131365634, 17047, 0, 0, 0
1789131365634, 7351, 1, 0, 0
1789131366634, 912, 0, 0, 0
1789131366634, 400, 1, 0, 0
1789131367634, 6929, 0, 0, 0
1789131367634, 2985, 1, 0, 0
1789131368634, 10866, 0, 0, 0
1789131368634, 4619, 1, 0, 0
1789131369634, 13310, 0, 0, 0
1789131369634, 5725, 1, 0, 0
1789131370635, 17151, 0, 0, 0
1789131370635, 7250, 1, 0, 0
1789131371635, 18807, 0, 0, 0
1789131371635, 8197, 1, 0, 0
1789131372635, 18761, 0, 0, 0
1789131372635, 8070, 1, 0, 0
1789131373635, 19482, 0, 0, 0
1789131373635, 8222, 1, 0, 0
1789131374635, 16786, 0, 0, 0
1789131374635, 7096, 1, 0, 0
1789131375635, 14391, 0, 0, 0
1789131375635, 6074, 1, 0, 0
1789131376635, 17487, 0, 0, 0
1789131376635, 7541, 1, 0, 0
1789131377635, 15717, 0, 0, 0
1789131377635, 6856, 1, 0, 0
1789131378635, 18915, 0, 0, 0
1789131378635, 8347, 1, 0, 0
1789131379636, 19189, 0, 0, 0
1789131379636, 8206, 1, 0, 0
1789131380636, 19284, 0, 0, 0
1789131380636, 8161, 1, 0, 0
1789131381636, 16712, 0, 0, 0
1789131381636, 7113, 1, 0, 0
1789131382636, 3119, 0, 0, 0
1789131382636, 1305, 1, 0, 0
1789131383636, 9893, 0, 0, 0
1789131383636, 4299, 1, 0, 0
1789131384636, 10970, 0, 0, 0
1789131384636, 4667, 1, 0, 0
1789131385636, 15598, 0, 0, 0
1789131385636, 6654, 1, 0, 0
