1789130186663, 8748, 0, 0, 0
1789130186663, 3751, 1, 0, 0
1789130187663, 8748, 0, 0, 0
1789130187663, 3749, 1, 0, 0
1789130188663, 8752, 0, 0, 0
1789130188663, 3751, 1, 0, 0
1789130189663, 8749, 0, 0, 0
1789130189663, 3749, 1, 0, 0
1789130190663, 8752, 0, 0, 0
1789130190663, 3751, 1, 0, 0
1789130191663, 8382, 0, 0, 0
1789130191663, 3578, 1, 0, 0
1789130192663, 9121, 0, 0, 0
1789130192663, 3923, 1, 0, 0
1789130193663, 8751, 0, 0, 0
1789130193663, 3751, 1, 0, 0
1789130194663, 8749, 0, 0, 0
1789130194663, 3750, 1, 0, 0
1789130195664, 8754, 0, 0, 0
1789130195664, 3750, 1, 0, 0
1789130196663, 8746, 0, 0, 0
1789130196663, 3749, 1, 0, 0
1789130197663, 8751, 0, 0, 0
1789130197663, 3751, 1, 0, 0
1789130198663, 8754, 0, 0, 0
1789130198663, 3750, 1, 0, 0
1789130199663, 8750, 0, 0, 0
1789130199663, 3751, 1, 0, 0
1789130200663, 8749, 0, 0, 0
1789130200663, 3747, 1, 0, 0
1789130201663, 8273, 0, 0, 0
1789130201663, 3541, 1, 0, 0
1789130202663, 8408, 0, 0, 0
1789130202663, 3630, 1, 0, 0
1789130203663, 9571, 0, 0, 0
1789130203663, 4082, 1, 0, 0
1789130204663, 8750, 0, 0, 0
1789130204663, 3751, 1, 0, 0
1789130205663, 8751, 0, 0, 0
1789130205663, 3750, 1, 0, 0
1789130206663, 8753, 0, 0, 0
1789130206663, 3752, 1, 0, 0
1789130207664, 8749, 0, 0, 0
1789130207664, 3749, 1, 0, 0
1789130208663, 8749, 0, 0, 0
1789130208663, 3749, 1, 0, 0
1789130209663, 8753, 0, 0, 0
1789130209663, 3752, 1, 0, 0
1789130210663, 8747, 0, 0, 0
1789130210663, 3748, 1, 0, 0
1789130211663, 8744, 0, 0, 0
1789130211663, 3747, 1, 0, 0
1789130212663, 8736, 0, 0, 0
1789130212663, 3741, 1, 0, 0
1789130213663, 7461, 0, 0, 0
1789130213663, 3204, 1, 0, 0
1789130214663, 2217, 0, 0, 0
1789130214663, 904, 1, 0, 0
1789130235566, 0, 1, 0, 0
1789130236566, 2942, 0, 0, 0
1789130236566, 1356, 1, 0, 0
1789130237567, 3482, 0, 0, 0
1789130237567, 1442, 1, 0, 0
1789130238567, 3403, 0, 0, 0
1789130238567, 1439, 1, 0, 0
1789130239567, 3719, 0, 0, 0
1789130239567, 1522, 1, 0, 0
1789130240567, 3733, 0, 0, 0
1789130240567, 1642, 1, 0, 0
1789130241567, 7794, 0, 0, 0
1789130241567, 3398, 1, 0, 0
1789130242567, 11572, 0, 0, 0
1789130242567, 4929, 1, 0, 0
1789130243567, 12431, 0, 0, 0
1789130243567, 5344, 1, 0, 0
1789130244567, 12792, 0, 0, 0
1789130244567, 5479, 1, 0, 0
1789130245567, 13119, 0, 0, 0
1789130245567, 5818, 1, 0, 0
1789130246568, 13513, 0, 0, 0
1789130246568, 5660, 1, 0, 0
1789130247568, 10934, 0, 0, 0
1789130247568, 4628, 1, 0, 0
1789130248568, 9819, 0, 0, 0
1789130248568, 4049, 1, 0, 0
1789130249568, 11363, 0, 0, 0
1789130249568, 4737, 1, 0, 0
1789130250568, 10697, 0, 0, 0
1789130250568, 4581, 1, 0, 0
1789130251568, 14818, 0, 0, 0
1789130251568, 6436, 1, 0, 0
1789130252568, 15091, 0, 0, 0
1789130252568, 6490, 1, 0, 0
1789130253569, 14600, 0, 0, 0
1789130253569, 6217, 1, 0, 0
1789130254569, 14728, 0, 0, 0
1789130254569, 6339, 1, 0, 0
1789130255569, 14831, 0, 0, 0
1789130255569, 6548, 1, 0, 0
1789130256569, 10307, 0, 0, 0
1789130256569, 4312, 1, 0, 0
1789130257569, 8779, 0, 0, 0
1789130257569, 3849, 1, 0, 0
1789130258569, 10446, 0, 0, 0
1789130258569, 4310, 1, 0, 0
1789130259569, 14056, 0, 0, 0
1789130259569, 6003, 1, 0, 0
1789130260570, 14844, 0, 0, 0
1789130260570, 6354, 1, 0, 0
1789130261570, 14791, 0, 0, 0
1789130261570, 6467, 1, 0, 0
1789130262570, 14834, 0, 0, 0
1789130262570, 6321, 1, 0, 0
1789130263570, 14941, 0, 0, 0
1789130263570, 6384, 1, 0, 0
1789130264570, 15291, 0, 0, 0
1789130264570, 6687, 1, 0, 0
1789130265570, 12401, 0, 0, 0
1789130265570, 5326, 1, 0, 0
1789130266570, 11000, 0, 0, 0
1789130266570, 4895, 1, 0, 0
1789130267570, 11006, 0, 0, 0
1789130267570, 4665, 1, 0, 0
1789130268570, 10618, 0, 0, 0
1789130268570, 4622, 1, 0, 0
1789130269570, 10055, 0, 0, 0
1789130269570, 4360, 1, 0, 0
1789130270570, 13878, 0, 0, 0
1789130270570, 5844, 1, 0, 0
1789130271571, 11786, 0, 0, 0
1789130271571, 5092, 1, 0, 0
1789130272571, 15634, 0, 0, 0
1789130272571, 6658, 1, 0, 0
1789130273571, 15507, 0, 0, 0
1789130273571, 6736, 1, 0, 0
1789130274571, 12479, 0, 0, 0
1789130274571, 5339, 1, 0, 0
1789130275571, 10927, 0, 0, 0
1789130275571, 4808, 1, 0, 0
1789130276572, 10652, 0, 0, 0
1789130276572, 4688, 1, 0, 0
1789130277572, 10728, 0, 0, 0
1789130277572, 4608, 1, 0, 0
1789130278572, 12193, 0, 0, 0
1789130278572, 5160, 1, 0, 0
1789130279572, 14371, 0, 0, 0
1789130279572, 6023, 1, 0, 0
1789130280572, 12965, 0, 0, 0
1789130280572, 5649, 1, 0, 0
1789130281572, 17077, 0, 0, 0
1789130281572, 7298, 1, 0, 0
1789130282572, 17094, 0, 0, 0
1789130282572, 7297, 1, 0, 0
1789130283573, 10717, 0, 0, 0
1789130283573, 4622, 1, 0, 0
1789130284573, 11320, 0, 0, 0
1789130284573, 4938, 1, 0, 0
1789130285573, 11415, 0, 0, 0
1789130285573, 4858, 1, 0, 0
1789130286573, 13317, 0, 0, 0
1789130286573, 5636, 1, 0, 0
1789130287573, 17046, 0, 0, 0
1789130287573, 7462, 1, 0, 0
1789130288573, 15836, 0, 0, 0
1789130288573, 6986, 1, 0, 0
1789130289573, 16470, 0, 0, 0
1789130289573, 7166, 1, 0, 0
1789130290574, 18182, 0, 0, 0
1789130290574, 7875, 1, 0, 0
1789130291574, 12464, 0, 0, 0
1789130291574, 4464, 1, 0, 0
1789130292574, 8751, 0, 0, 0
1789130292574, 3750, 1, 0, 0
1789130293574, 8749, 0, 0, 0
1789130293574, 3747, 1, 0, 0
1789130294574, 8440, 0, 0, 0
1789130294574, 3703, 1, 0, 0
1789130295574, 9068, 0, 0, 0
1789130295574, 3803, 1, 0, 0
1789130296574, 8749, 0, 0, 0
1789130296574, 3748, 1, 0, 0
1789130297574, 8746, 0, 0, 0
1789130297574, 3749, 1, 0, 0
1789130298574, 8756, 0, 0, 0
1789130298574, 3751, 1, 0, 0
1789130299574, 8748, 0, 0, 0
1789130299574, 3751, 1, 0, 0
1789130300574, 8754, 0, 0, 0
1789130300574, 3753, 1, 0, 0
1789130301574, 8752, 0, 0, 0
1789130301574, 3748, 1, 0, 0
1789130302574, 8749, 0, 0, 0
1789130302574, 3751, 1, 0, 0
1789130303575, 8747, 0, 0, 0
1789130303575, 3749, 1, 0, 0
1789130304575, 8750, 0, 0, 0
1789130304575, 3751, 1, 0, 0
1789130305575, 8722, 0, 0, 0
1789130305575, 3741, 1, 0, 0
1789130306576, 8789, 0, 0, 0
1789130306576, 3764, 1, 0, 0
1789130307576, 8744, 0, 0, 0
1789130307576, 3747, 1, 0, 0
1789130308576, 8761, 0, 0, 0
1789130308576, 3752, 1, 0, 0
1789130309576, 8749, 0, 0, 0
1789130309576, 3750, 1, 0, 0
1789130310576, 8751, 0, 0, 0
1789130310576, 3752, 1, 0, 0
1789130311576, 8751, 0, 0, 0
1789130311576, 3751, 1, 0, 0
1789130312576, 8749, 0, 0, 0
1789130312576, 3749, 1, 0, 0
1789130313576, 8752, 0, 0, 0
1789130313576, 3749, 1, 0, 0
1789130314576, 8751, 0, 0, 0
1789130314576, 3753, 1, 0, 0
1789130315576, 8750, 0, 0, 0
1789130315576, 3749, 1, 0, 0
1789130316576, 8753, 0, 0, 0
1789130316576, 3752, 1, 0, 0
1789130317576, 8737, 0, 0, 0
1789130317576, 3745, 1, 0, 0
1789130318577, 8758, 0, 0, 0
1789130318577, 3752, 1, 0, 0
1789130319577, 8738, 0, 0, 0
1789130319577, 3745, 1, 0, 0
1789130320577, 8760, 0, 0, 0
1789130320577, 3755, 1, 0, 0
1789130321577, 8749, 0, 0, 0
1789130321577, 3748, 1, 0, 0
1789130322577, 8760, 0, 0, 0
1789130322577, 3756, 1, 0, 0
1789130323577, 8753, 0, 0, 0
1789130323577, 3751, 1, 0, 0
1789130324577, 8746, 0, 0, 0
1789130324577, 3748, 1, 0, 0
1789130325577, 8752, 0, 0, 0
1789130325577, 3751, 1, 0, 0
1789130326577, 8750, 0, 0, 0
1789130326577, 3751, 1, 0, 0
1789130327577, 8752, 0, 0, 0
1789130327577, 3750, 1, 0, 0
1789130328577, 8752, 0, 0, 0
1789130328577, 3751, 1, 0, 0
1789130329577, 8751, 0, 0, 0
1789130329577, 3750, 1, 0, 0
1789130330577, 8752, 0, 0, 0
1789130330577, 3749, 1, 0, 0
1789130331577, 8675, 0, 0, 0
1789130331577, 3650, 1, 0, 0
1789130332578, 8824, 0, 0, 0
1789130332578, 3851, 1, 0, 0
1789130333578, 8132, 0, 0, 0
1789130333578, 3480, 1, 0, 0
1789130334578, 9365, 0, 0, 0
1789130334578, 4019, 1, 0, 0
1789130335578, 8751, 0, 0, 0
1789130335578, 3751, 1, 0, 0
1789130336578, 8757, 0, 0, 0
1789130336578, 3752, 1, 0, 0
1789130337578, 8751, 0, 0, 0
1789130337578, 3751, 1, 0, 0
1789130338579, 8754, 0, 0, 0
1789130338579, 3752, 1, 0, 0
1789130339579, 8747, 0, 0, 0
1789130339579, 3749, 1, 0, 0
1789130340579, 8751, 0, 0, 0
1789130340579, 3750, 1, 0, 0
1789130341579, 8753, 0, 0, 0
1789130341579, 3751, 1, 0, 0
1789130342579, 8752, 0, 0, 0
1789130342579, 3751, 1, 0, 0
1789130343579, 8717, 0, 0, 0
1789130343579, 3736, 1, 0, 0
1789130344579, 8781, 0, 0, 0
1789130344579, 3763, 1, 0, 0
1789130345579, 8753, 0, 0, 0
1789130345579, 3752, 1, 0, 0
1789130346579, 8749, 0, 0, 0
1789130346579, 3750, 1, 0, 0
1789130347579, 8751, 0, 0, 0
1789130347579, 3749, 1, 0, 0
1789130348579, 8750, 0, 0, 0
1789130348579, 3751, 1, 0, 0
1789130349579, 8753, 0, 0, 0
1789130349579, 3751, 1, 0, 0
1789130350580, 8748, 0, 0, 0
1789130350580, 3749, 1, 0, 0
1789130351580, 8752, 0, 0, 0
1789130351580, 3751, 1, 0, 0
1789130352580, 8747, 0, 0, 0
1789130352580, 3748, 1, 0, 0
1789130353580, 8754, 0, 0, 0
1789130353580, 3752, 1, 0, 0
1789130354580, 8752, 0, 0, 0
1789130354580, 3751, 1, 0, 0
1789130355580, 8747, 0, 0, 0
1789130355580, 3749, 1, 0, 0
1789130356580, 8741, 0, 0, 0
1789130356580, 3746, 1, 0, 0
1789130357580, 8754, 0, 0, 0
1789130357580, 3751, 1, 0, 0
1789130358580, 8762, 0, 0, 0
1789130358580, 3756, 1, 0, 0
1789130359580, 8748, 0, 0, 0
1789130359580, 3749, 1, 0, 0
1789130360580, 8752, 0, 0, 0
1789130360580, 3751, 1, 0, 0
1789130361581, 8752, 0, 0, 0
1789130361581, 3750, 1, 0, 0
1789130362581, 8750, 0, 0, 0
1789130362581, 3750, 1, 0, 0
1789130363581, 8751, 0, 0, 0
1789130363581, 3751, 1, 0, 0
1789130364581, 8754, 0, 0, 0
1789130364581, 3751, 1, 0, 0
1789130365581, 8749, 0, 0, 0
1789130365581, 3750, 1, 0, 0
1789130366582, 8756, 0, 0, 0
1789130366582, 3753, 1, 0, 0
1789130367582, 8753, 0, 0, 0
1789130367582, 3751, 1, 0, 0
1789130368582, 8750, 0, 0, 0
1789130368582, 3750, 1, 0, 0
1789130369582, 7877, 0, 0, 0
1789130369582, 3359, 1, 0, 0
1789130370582, 9144, 0, 0, 0
1789130370582, 3959, 1, 0, 0
1789130371582, 9231, 0, 0, 0
1789130371582, 3933, 1, 0, 0
1789130372583, 8751, 0, 0, 0
1789130372583, 3751, 1, 0, 0
1789130373583, 8754, 0, 0, 0
1789130373583, 3751, 1, 0, 0
1789130374583, 8752, 0, 0, 0
1789130374583, 3751, 1, 0, 0
1789130375583, 8750, 0, 0, 0
1789130375583, 3748, 1, 0, 0
1789130376583, 8748, 0, 0, 0
1789130376583, 3751, 1, 0, 0
1789130377583, 8756, 0, 0, 0
1789130377583, 3752, 1, 0, 0
1789130378583, 8749, 0, 0, 0
1789130378583, 3750, 1, 0, 0
1789130379583, 8752, 0, 0, 0
1789130379583, 3750, 1, 0, 0
1789130380583, 8751, 0, 0, 0
1789130380583, 3751, 1, 0, 0
1789130381583, 8737, 0, 0, 0
1789130381583, 3744, 1, 0, 0
1789130382584, 8762, 0, 0, 0
1789130382584, 3756, 1, 0, 0
1789130383584, 8750, 0, 0, 0
1789130383584, 3750, 1, 0, 0
1789130384584, 8753, 0, 0, 0
1789130384584, 3752, 1, 0, 0
1789130385584, 8749, 0, 0, 0
1789130385584, 3749, 1, 0, 0
1789130386584, 8753, 0, 0, 0
1789130386584, 3751, 1, 0, 0
1789130387584, 8748, 0, 0, 0
1789130387584, 3749, 1, 0, 0
1789130388584, 8754, 0, 0, 0
1789130388584, 3752, 1, 0, 0
1789130389584, 8751, 0, 0, 0
1789130389584, 3750, 1, 0, 0
1789130390584, 8750, 0, 0, 0
1789130390584, 3751, 1, 0, 0
1789130391585, 8751, 0, 0, 0
1789130391585, 3750, 1, 0, 0
1789130392585, 8747, 0, 0, 0
1789130392585, 3749, 1, 0, 0
1789130393585, 8757, 0, 0, 0
1789130393585, 3751, 1, 0, 0
1789130394585, 8744, 0, 0, 0
1789130394585, 3749, 1, 0, 0
1789130395585, 7689, 0, 0, 0
1789130395585, 3308, 1, 0, 0
1789130396586, 9826, 0, 0, 0
1789130396586, 4198, 1, 0, 0
1789130397586, 8748, 0, 0, 0
1789130397586, 3750, 1, 0, 0
1789130398586, 8753, 0, 0, 0
1789130398586, 3749, 1, 0, 0
1789130399587, 4426, 0, 0, 0
1789130399587, 1899, 1, 0, 0
1789130841563, 0, 0, 0, 0
1789130841563, 0, 1, 0, 0
1789130842564, 9187, 0, 0, 0
1789130842564, 3967, 1, 0, 0
1789130843564, 10741, 0, 0, 0
1789130843564, 4472, 1, 0, 0
1789130844564, 11340, 0, 0, 0
1789130844564, 4824, 1, 0, 0
1789130845564, 11979, 0, 0, 0
1789130845564, 5155, 1, 0, 0
1789130846564, 11959, 0, 0, 0
1789130846564, 4942, 1, 0, 0
1789130847564, 10592, 0, 0, 0
1789130847564, 4666, 1, 0, 0
1789130848564, 10467, 0, 0, 0
1789130848564, 4482, 1, 0, 0
1789130849565, 10441, 0, 0, 0
1789130849565, 4399, 1, 0, 0
1789130850565, 8598, 0, 0, 0
1789130850565, 3599, 1, 0, 0
1789130851565, 9197, 0, 0, 0
1789130851565, 3994, 1, 0, 0
1789130852565, 12141, 0, 0, 0
1789130852565, 5153, 1, 0, 0
1789130853565, 13560, 0, 0, 0
1789130853565, 5935, 1, 0, 0
1789130854565, 14031, 0, 0, 0
1789130854565, 5886, 1, 0, 0
1789130855565, 14096, 0, 0, 0
1789130855565, 6064, 1, 0, 0
1789130856565, 10956, 0, 0, 0
1789130856565, 4771, 1, 0, 0
1789130857565, 8637, 0, 0, 0
1789130857565, 3792, 1, 0, 0
1789130858565, 10867, 0, 0, 0
1789130858565, 4545, 1, 0, 0
1789130859565, 10466, 0, 0, 0
1789130859565, 4505, 1, 0, 0
1789130860566, 13331, 0, 0, 0
1789130860566, 5685, 1, 0, 0
1789130861566, 13349, 0, 0, 0
1789130861566, 5593, 1, 0, 0
1789130862566, 13330, 0, 0, 0
1789130862566, 5667, 1, 0, 0
1789130863566, 13336, 0, 0, 0
1789130863566, 5712, 1, 0, 0
1789130864566, 13298, 0, 0, 0
1789130864566, 5804, 1, 0, 0
1789130865566, 13507, 0, 0, 0
1789130865566, 5739, 1, 0, 0
1789130866566, 10304, 0, 0, 0
1789130866566, 4305, 1, 0, 0
1789130867566, 9486, 0, 0, 0
1789130867566, 4117, 1, 0, 0
1789130868566, 9860, 0, 0, 0
1789130868566, 4276, 1, 0, 0
1789130869566, 8850, 0, 0, 0
1789130869566, 3785, 1, 0, 0
1789130870566, 14192, 0, 0, 0
1789130870566, 6129, 1, 0, 0
1789130871567, 13925, 0, 0, 0
1789130871567, 6048, 1, 0, 0
1789130872567, 13324, 0, 0, 0
1789130872567, 5723, 1, 0, 0
1789130873567, 13785, 0, 0, 0
1789130873567, 5882, 1, 0, 0
1789130874567, 13879, 0, 0, 0
1789130874567, 5871, 1, 0, 0
1789130875567, 13458, 0, 0, 0
1789130875567, 5808, 1, 0, 0
1789130876567, 8693, 0, 0, 0
1789130876567, 3756, 1, 0, 0
1789130877567, 3521, 0, 0, 0
1789130877567, 1511, 1, 0, 0
1789130878567, 3625, 0, 0, 0
1789130878567, 1612, 1, 0, 0
1789130879567, 6376, 0, 0, 0
1789130879567, 2736, 1, 0, 0
1789130880567, 7786, 0, 0, 0
1789130880567, 3326, 1, 0, 0
1789130881567, 8935, 0, 0, 0
1789130881567, 3798, 1, 0, 0
1789130882567, 12337, 0, 0, 0
1789130882567, 5288, 1, 0, 0
1789130883568, 14376, 0, 0, 0
1789130883568, 5990, 1, 0, 0
1789130884568, 14571, 0, 0, 0
1789130884568, 6240, 1, 0, 0
1789130885568, 14823, 0, 0, 0
1789130885568, 6261, 1, 0, 0
1789130886568, 15062, 0, 0, 0
1789130886568, 6340, 1, 0, 0
1789130887568, 12458, 0, 0, 0
1789130887568, 5278, 1, 0, 0
1789130888568, 1681, 0, 0, 0
1789130888568, 757, 1, 0, 0
1789130889568, 2692, 0, 0, 0
1789130889568, 1123, 1, 0, 0
1789130890568, 3360, 0, 0, 0
1789130890568, 1413, 1, 0, 0
1789130891568, 3900, 0, 0, 0
1789130891568, 1718, 1, 0, 0
1789130892567, 6176, 0, 0, 0
1789130892567, 2740, 1, 0, 0
1789130893567, 9711, 0, 0, 0
1789130893567, 4210, 1, 0, 0
1789130894567, 12177, 0, 0, 0
1789130894567, 5313, 1, 0, 0
1789130895568, 14232, 0, 0, 0
1789130895568, 5948, 1, 0, 0
1789130896568, 14717, 0, 0, 0
1789130896568, 6287, 1, 0, 0
1789130897568, 15034, 0, 0, 0
1789130897568, 6610, 1, 0, 0
1789130898568, 15213, 0, 0, 0
1789130898568, 6484, 1, 0, 0
1789130899568, 15124, 0, 0, 0
1789130899568, 6763, 1, 0, 0
1789130900567, 6987, 0, 0, 0
1789130900567, 2980, 1, 0, 0
1789130901571, 1566, 0, 0, 0
1789130901571, 724, 1, 0, 0
1789130902571, 4588, 0, 0, 0
1789130902571, 1848, 1, 0, 0
1789130903571, 5208, 0, 0, 0
1789130903571, 2238, 1, 0, 0
1789130904571, 4853, 0, 0, 0
1789130904571, 2054, 1, 0, 0
1789130905571, 10382, 0, 0, 0
1789130905571, 4497, 1, 0, 0
1789130906571, 9998, 0, 0, 0
1789130906571, 4278, 1, 0, 0
1789130907571, 13594, 0, 0, 0
1789130907571, 6010, 1, 0, 0
1789130908571, 15516, 0, 0, 0
1789130908571, 6500, 1, 0, 0
1789130909571, 16074, 0, 0, 0
1789130909571, 6811, 1, 0, 0
1789130910572, 15991, 0, 0, 0
1789130910572, 6832, 1, 0, 0
1789130911572, 15636, 0, 0, 0
1789130911572, 6822, 1, 0, 0
1789130912572, 9905, 0, 0, 0
1789130912572, 4175, 1, 0, 0
1789130913572, 12707, 0, 0, 0
1789130913572, 5355, 1, 0, 0
1789130914572, 13320, 0, 0, 0
1789130914572, 5610, 1, 0, 0
1789130915572, 12493, 0, 0, 0
1789130915572, 5309, 1, 0, 0
1789130916572, 15981, 0, 0, 0
1789130916572, 6784, 1, 0, 0
1789130917572, 16442, 0, 0, 0
1789130917572, 6829, 1, 0, 0
1789130918572, 16426, 0, 0, 0
1789130918572, 6933, 1, 0, 0
1789130919572, 16540, 0, 0, 0
1789130919572, 6915, 1, 0, 0
1789130920573, 15141, 0, 0, 0
1789130920573, 6645, 1, 0, 0
1789130921573, 9841, 0, 0, 0
1789130921573, 4071, 1, 0, 0
1789130922573, 10836, 0, 0, 0
1789130922573, 4683, 1, 0, 0
1789130923573, 9417, 0, 0, 0
1789130923573, 4053, 1, 0, 0
1789130924573, 17276, 0, 0, 0
1789130924573, 7411, 1, 0, 0
1789130925573, 17852, 0, 0, 0
1789130925573, 7533, 1, 0, 0
1789130926573, 17827, 0, 0, 0
1789130926573, 7703, 1, 0, 0
1789130927573, 17869, 0, 0, 0
1789130927573, 7633, 1, 0, 0
1789130928573, 17961, 0, 0, 0
1789130928573, 7637, 1, 0, 0
1789130929573, 4838, 0, 0, 0
1789130929573, 2046, 1, 0, 0
1789130930574, 4679, 0, 0, 0
1789130930574, 2017, 1, 0, 0
1789130931574, 11442, 0, 0, 0
1789130931574, 5038, 1, 0, 0
1789130932574, 14602, 0, 0, 0
1789130932574, 6255, 1, 0, 0
1789130933574, 16886, 0, 0, 0
1789130933574, 7232, 1, 0, 0
1789130934574, 17895, 0, 0, 0
1789130934574, 7733, 1, 0, 0
1789130935574, 18236, 0, 0, 0
1789130935574, 7669, 1, 0, 0
1789130936574, 18106, 0, 0, 0
1789130936574, 7753, 1, 0, 0
1789130937575, 17962, 0, 0, 0
1789130937575, 7659, 1, 0, 0
1789130938575, 2872, 0, 0, 0
1789130938575, 1227, 1, 0, 0
1789130939575, 888, 0, 0, 0
1789130939575, 387, 1, 0, 0
1789130940575, 1363, 0, 0, 0
1789130940575, 572, 1, 0, 0
1789130941575, 1005, 0, 0, 0
1789130941575, 419, 1, 0, 0
1789130942575, 1590, 0, 0, 0
1789130942575, 671, 1, 0, 0
1789130943575, 10825, 0, 0, 0
1789130943575, 4660, 1, 0, 0
1789130944575, 13709, 0, 0, 0
1789130944575, 5870, 1, 0, 0
1789130945575, 16640, 0, 0, 0
1789130945575, 7148, 1, 0, 0
1789130946576, 18316, 0, 0, 0
1789130946576, 7780, 1, 0, 0
1789130947576, 18275, 0, 0, 0
1789130947576, 7773, 1, 0, 0
1789130948576, 18465, 0, 0, 0
1789130948576, 7873, 1, 0, 0
1789130949576, 17688, 0, 0, 0
1789130949576, 7326, 1, 0, 0
1789130950576, 8173, 0, 0, 0
1789130950576, 3566, 1, 0, 0
1789130951576, 10302, 0, 0, 0
1789130951576, 4359, 1, 0, 0
1789130952576, 12924, 0, 0, 0
1789130952576, 5438, 1, 0, 0
1789130953576, 16653, 0, 0, 0
1789130953576, 7013, 1, 0, 0
1789130954576, 18221, 0, 0, 0
1789130954576, 7964, 1, 0, 0
1789130955576, 18584, 0, 0, 0
1789130955576, 8099, 1, 0, 0
1789130956577, 18856, 0, 0, 0
1789130956577, 8017, 1, 0, 0
1789130957577, 18271, 0, 0, 0
1789130957577, 8015, 1, 0, 0
1789130958577, 3342, 0, 0, 0
1789130958577, 1373, 1, 0, 0
1789130959577, 5606, 0, 0, 0
1789130959577, 2313, 1, 0, 0
1789130960577, 10768, 0, 0, 0
1789130960577, 4683, 1, 0, 0
1789130961577, 14973, 0, 0, 0
1789130961577, 6382, 1, 0, 0
1789130962577, 17492, 0, 0, 0
1789130962577, 7519, 1, 0, 0
1789130963577, 18492, 0, 0, 0
1789130963577, 7993, 1, 0, 0
1789130964578, 18845, 0, 0, 0
1789130964578, 7951, 1, 0, 0
1789130965578, 18700, 0, 0, 0
1789130965578, 8038, 1, 0, 0
1789130966578, 15096, 0, 0, 0
1789130966578, 6349, 1, 0, 0
1789130967578, 2233, 0, 0, 0
1789130967578, 1045, 1, 0, 0
1789130968578, 9070, 0, 0, 0
1789130968578, 3872, 1, 0, 0
1789130969578, 12194, 0, 0, 0
1789130969578, 5024, 1, 0, 0
1789130970578, 15581, 0, 0, 0
1789130970578, 6761, 1, 0, 0
1789130971578, 17946, 0, 0, 0
1789130971578, 7663, 1, 0, 0
1789130972579, 18737, 0, 0, 0
1789130972579, 7974, 1, 0, 0
1789130973579, 18745, 0, 0, 0
1789130973579, 8113, 1, 0, 0
1789130974579, 18991, 0, 0, 0
1789130974579, 8002, 1, 0, 0
1789130975579, 5074, 0, 0, 0
1789130975579, 2139, 1, 0, 0
1789130976579, 2132, 0, 0, 0
1789130976579, 910, 1, 0, 0
1789130977579, 10942, 0, 0, 0
1789130977579, 4670, 1, 0, 0
1789130978579, 12848, 0, 0, 0
1789130978579, 5444, 1, 0, 0
1789130979580, 15228, 0, 0, 0
1789130979580, 6501, 1, 0, 0
1789130980580, 17620, 0, 0, 0
1789130980580, 7395, 1, 0, 0
1789130981580, 18972, 0, 0, 0
1789130981580, 8167, 1, 0, 0
1789130982580, 18908, 0, 0, 0
1789130982580, 8194, 1, 0, 0
1789130983580, 18615, 0, 0, 0
1789130983580, 7957, 1, 0, 0
1789130984580, 2990, 0, 0, 0
1789130984580, 1180, 1, 0, 0
1789130985580, 2314, 0, 0, 0
1789130985580, 1019, 1, 0, 0
1789130986581, 2000, 0, 0, 0
1789130986581, 845, 1, 0, 0
1789130987581, 10381, 0, 0, 0
1789130987581, 4513, 1, 0, 0
1789130988581, 13265, 0, 0, 0
1789130988581, 5668, 1, 0, 0
1789130989581, 16205, 0, 0, 0
1789130989581, 6940, 1, 0, 0
1789130990581, 18616, 0, 0, 0
1789130990581, 7781, 1, 0, 0
1789130991582, 19148, 0, 0, 0
1789130991582, 8247, 1, 0, 0
1789130992582, 19201, 0, 0, 0
1789130992582, 8162, 1, 0, 0
1789130993582, 18207, 0, 0, 0
1789130993582, 7772, 1, 0, 0
1789130994582, 15947, 0, 0, 0
1789130994582, 6857, 1, 0, 0
1789130995582, 16260, 0, 0, 0
1789130995582, 6963, 1, 0, 0
1789130996582, 16670, 0, 0, 0
1789130996582, 7099, 1, 0, 0
1789130997582, 19219, 0, 0, 0
1789130997582, 8204, 1, 0, 0
1789130998583, 19293, 0, 0, 0
1789130998583, 8032, 1, 0, 0
1789130999583, 19346, 0, 0, 0
1789130999583, 8084, 1, 0, 0
1789131000583, 16719, 0, 0, 0
1789131000583, 7213, 1, 0, 0
1789131001583, 15726, 0, 0, 0
1789131001583, 6674, 1, 0, 0
1789131002583, 15430, 0, 0, 0
1789131002583, 6584, 1, 0, 0
1789131003583, 18166, 0, 0, 0
1789131003583, 7874, 1, 0, 0
1789131004584, 19226, 0, 0, 0
1789131004584, 8250, 1, 0, 0
1789131005584, 19177, 0, 0, 0
1789131005584, 8213, 1, 0, 0
1789131006584, 19253, 0, 0, 0
1789131006584, 8351, 1, 0, 0
1789131007584, 17577, 0, 0, 0
1789131007584, 7554, 1, 0, 0
1789131008584, 15755, 0, 0, 0
1789131008584, 6689, 1, 0, 0
1789131009584, 17179, 0, 0, 0
1789131009584, 7317, 1, 0, 0
1789131010584, 15682, 0, 0, 0
1789131010584, 6668, 1, 0, 0
1789131011585, 19367, 0, 0, 0
1789131011585, 8175, 1, 0, 0
1789131012585, 19162, 0, 0, 0
1789131012585, 8351, 1, 0, 0
1789131013585, 19414, 0, 0, 0
1789131013585, 8209, 1, 0, 0
1789131014585, 17059, 0, 0, 0
1789131014585, 7273, 1, 0, 0
1789131015585, 4821, 0, 0, 0
1789131015585, 2067, 1, 0, 0
1789131016585, 10925, 0, 0, 0
1789131016585, 4815, 1, 0, 0
1789131017585, 13563, 0, 0, 0
1789131017585, 5865, 1, 0, 0
1789131018586, 17298, 0, 0, 0
1789131018586, 7471, 1, 0, 0
1789131019586, 18816, 0, 0, 0
1789131019586, 8065, 1, 0, 0
1789131020586, 19080, 0, 0, 0
1789131020586, 8190, 1, 0, 0
1789131021586, 19072, 0, 0, 0
1789131021586, 8230, 1, 0, 0
1789131022586, 12476, 0, 0, 0
1789131022586, 5391, 1, 0, 0
1789131023586, 2713, 0, 0, 0
1789131023586, 1176, 1, 0, 0
1789131024586, 9620, 0, 0, 0
1789131024586, 4191, 1, 0, 0
1789131025587, 12784, 0, 0, 0
1789131025587, 5361, 1, 0, 0
1789131026587, 15999, 0, 0, 0
1789131026587, 6913, 1, 0, 0
1789131027587, 18227, 0, 0, 0
1789131027587, 7821, 1, 0, 0
1789131028587, 19141, 0, 0, 0
1789131028587, 8094, 1, 0, 0
1789131029587, 19245, 0, 0, 0
1789131029587, 8246, 1, 0, 0
1789131030587, 18735, 0, 0, 0
1789131030587, 8081, 1, 0, 0
1789131031588, 2011, 0, 0, 0
1789131031588, 795, 1, 0, 0
1789131032588, 9680, 0, 0, 0
1789131032588, 4151, 1, 0, 0
1789131033588, 11756, 0, 0, 0
1789131033588, 5172, 1, 0, 0
1789131034588, 14482, 0, 0, 0
1789131034588, 6338, 1, 0, 0
1789131035588, 16754, 0, 0, 0
1789131035588, 7324, 1, 0, 0
1789131036588, 17889, 0, 0, 0
1789131036588, 7625, 1, 0, 0
1789131037588, 18942, 0, 0, 0
1789131037588, 7873, 1, 0, 0
1789131038589, 18945, 0, 0, 0
1789131038589, 8211, 1, 0, 0
1789131039589, 9113, 0, 0, 0
1789131039589, 3794, 1, 0, 0
1789131040589, 2982, 0, 0, 0
1789131040589, 1318, 1, 0, 0
1789131041589, 10168, 0, 0, 0
1789131041589, 4308, 1, 0, 0
1789131042589, 13489, 0, 0, 0
1789131042589, 5921, 1, 0, 0
1789131043589, 16956, 0, 0, 0
1789131043589, 7246, 1, 0, 0
1789131044589, 18748, 0, 0, 0
1789131044589, 8058, 1, 0, 0
1789131045589, 19050, 0, 0, 0
1789131045589, 8342, 1, 0, 0
1789131046590, 19226, 0, 0, 0
1789131046590, 8230, 1, 0, 0
1789131047590, 15353, 0, 0, 0
1789131047590, 6590, 1, 0, 0
1789131048590, 2816, 0, 0, 0
1789131048590, 1179, 1, 0, 0
1789131049590, 8957, 0, 0, 0
1789131049590, 3917, 1, 0, 0
1789131050590, 13083, 0, 0, 0
1789131050590, 5640, 1, 0, 0
1789131051590, 16679, 0, 0, 0
1789131051590, 7187, 1, 0, 0
1789131052591, 18524, 0, 0, 0
1789131052591, 8056, 1, 0, 0
1789131053591, 19392, 0, 0, 0
1789131053591, 8369, 1, 0, 0
1789131054591, 19455, 0, 0, 0
1789131054591, 8285, 1, 0, 0
1789131055591, 18632, 0, 0, 0
1789131055591, 8026, 1, 0, 0
1789131056591, 15418, 0, 0, 0
1789131056591, 6579, 1, 0, 0
1789131057591, 15767, 0, 0, 0
1789131057591, 6654, 1, 0, 0
1789131058591, 18090, 0, 0, 0
1789131058591, 7774, 1, 0, 0
1789131059592, 19538, 0, 0, 0
1789131059592, 8167, 1, 0, 0
1789131060592, 19112, 0, 0, 0
1789131060592, 8224, 1, 0, 0
1789131061592, 19140, 0, 0, 0
1789131061592, 8348, 1, 0, 0
1789131062592, 13426, 0, 0, 0
1789131062592, 5859, 1, 0, 0
1789131063592, 3222, 0, 0, 0
1789131063592, 1327, 1, 0, 0
1789131064592, 10086, 0, 0, 0
1789131064592, 4357, 1, 0, 0
1789131065592, 13167, 0, 0, 0
1789131065592, 5574, 1, 0, 0
1789131066593, 16566, 0, 0, 0
1789131066593, 7077, 1, 0, 0
1789131067593, 18688, 0, 0, 0
1789131067593, 7874, 1, 0, 0
1789131068593, 19384, 0, 0, 0
1789131068593, 8383, 1, 0, 0
1789131069593, 19483, 0, 0, 0
1789131069593, 8321, 1, 0, 0
1789131070593, 19475, 0, 0, 0
1789131070593, 8210, 1, 0, 0
1789131071593, 3041, 0, 0, 0
1789131071593, 1314, 1, 0, 0
1789131072593, 6151, 0, 0, 0
1789131072593, 2587, 1, 0, 0
1789131073594, 11301, 0, 0, 0
1789131073594, 4757, 1, 0, 0
1789131074594, 14833, 0, 0, 0
1789131074594, 6278, 1, 0, 0
1789131075594, 17646, 0, 0, 0
1789131075594, 7675, 1, 0, 0
1789131076594, 18956, 0, 0, 0
1789131076594, 8142, 1, 0, 0
1789131077594, 19279, 0, 0, 0
1789131077594, 8227, 1, 0, 0
1789131078594, 19287, 0, 0, 0
1789131078594, 8245, 1, 0, 0
1789131079594, 16247, 0, 0, 0
1789131079594, 6793, 1, 0, 0
1789131080595, 9943, 0, 0, 0
1789131080595, 4179, 1, 0, 0
1789131081595, 16497, 0, 0, 0
1789131081595, 6906, 1, 0, 0
1789131082595, 16660, 0, 0, 0
1789131082595, 7028, 1, 0, 0
1789131083595, 19060, 0, 0, 0
1789131083595, 8266, 1, 0, 0
1789131084595, 19249, 0, 0, 0
1789131084595, 8251, 1, 0, 0
1789131085596, 19267, 0, 0, 0
1789131085596, 8191, 1, 0, 0
1789131086596, 16502, 0, 0, 0
1789131086596, 6979, 1, 0, 0
1789131087596, 572, 0, 0, 0
1789131087596, 265, 1, 0, 0
1789131088596, 5840, 0, 0, 0
1789131088596, 2504, 1, 0, 0
1789131089596, 11383, 0, 0, 0
1789131089596, 4802, 1, 0, 0
1789131090596, 12887, 0, 0, 0
1789131090596, 5696, 1, 0, 0
1789131091596, 16286, 0, 0, 0
1789131091596, 6975, 1, 0, 0
1789131092597, 18260, 0, 0, 0
1789131092597, 8033, 1, 0, 0
1789131093597, 19331, 0, 0, 0
1789131093597, 8356, 1, 0, 0
1789131094597, 19408, 0, 0, 0
1789131094597, 8399, 1, 0, 0
1789131095597, 16123, 0, 0, 0
1789131095597, 6696, 1, 0, 0
1789131096597, 15382, 0, 0, 0
1789131096597, 6672, 1, 0, 0
1789131097597, 15760, 0, 0, 0
1789131097597, 6676, 1, 0, 0
1789131098598, 19385, 0, 0, 0
1789131098598, 8317, 1, 0, 0
1789131099598, 19516, 0, 0, 0
1789131099598, 8251, 1, 0, 0
1789131100598, 19510, 0, 0, 0
1789131100598, 8328, 1, 0, 0
1789131101598, 19361, 0, 0, 0
1789131101598, 8348, 1, 0, 0
1789131102598, 6425, 0, 0, 0
1789131102598, 2712, 1, 0, 0
1789131103598, 8655, 0, 0, 0
1789131103598, 3710, 1, 0, 0
1789131104598, 10804, 0, 0, 0
1789131104598, 4685, 1, 0, 0
1789131105598, 15147, 0, 0, 0
1789131105598, 6570, 1, 0, 0
1789131106598, 18449, 0, 0, 0
1789131106598, 7981, 1, 0, 0
1789131107599, 19349, 0, 0, 0
1789131107599, 8173, 1, 0, 0
1789131108599, 19250, 0, 0, 0
1789131108599, 8325, 1, 0, 0
1789131109599, 19352, 0, 0, 0
1789131109599, 8194, 1, 0, 0
1789131110599, 12732, 0, 0, 0
1789131110599, 5247, 1, 0, 0
1789131111599, 6948, 0, 0, 0
1789131111599, 2947, 1, 0, 0
1789131112599, 10480, 0, 0, 0
1789131112599, 4540, 1, 0, 0
1789131113599, 13261, 0, 0, 0
1789131113599, 5640, 1, 0, 0
1789131114599, 17244, 0, 0, 0
1789131114599, 7277, 1, 0, 0
1789131115600, 19075, 0, 0, 0
1789131115600, 8047, 1, 0, 0
1789131116600, 19395, 0, 0, 0
1789131116600, 8239, 1, 0, 0
1789131117600, 19322, 0, 0, 0
1789131117600, 8199, 1, 0, 0
1789131118600, 13251, 0, 0, 0
1789131118600, 5487, 1, 0, 0
1789131119600, 2628, 0, 0, 0
1789131119600, 1098, 1, 0, 0
1789131120600, 10581, 0, 0, 0
1789131120600, 4600, 1, 0, 0
1789131121600, 13286, 0, 0, 0
1789131121600, 5635, 1, 0, 0
1789131122600, 14877, 0, 0, 0
1789131122600, 6422, 1, 0, 0
1789131123601, 17577, 0, 0, 0
1789131123601, 7553, 1, 0, 0
1789131124601, 18793, 0, 0, 0
1789131124601, 8243, 1, 0, 0
1789131125601, 19462, 0, 0, 0
1789131125601, 8258, 1, 0, 0
1789131126601, 16277, 0, 0, 0
1789131126601, 6949, 1, 0, 0
1789131127601, 1576, 0, 0, 0
1789131127601, 662, 1, 0, 0
1789131128601, 4993, 0, 0, 0
1789131128601, 2257, 1, 0, 0
1789131129601, 11059, 0, 0, 0
1789131129601, 4710, 1, 0, 0
1789131130602, 13576, 0, 0, 0
1789131130602, 5691, 1, 0, 0
1789131131602, 16754, 0, 0, 0
1789131131602, 7123, 1, 0, 0
1789131132602, 18223, 0, 0, 0
1789131132602, 7768, 1, 0, 0
1789131133602, 19219, 0, 0, 0
1789131133602, 8368, 1, 0, 0
1789131134602, 19305, 0, 0, 0
1789131134602, 8329, 1, 0, 0
1789131135602, 9719, 0, 0, 0
1789131135602, 4156, 1, 0, 0
1789131136602, 1390, 0, 0, 0
1789131136602, 593, 1, 0, 0
1789131137603, 6168, 0, 0, 0
1789131137603, 2653, 1, 0, 0
1789131138603, 11378, 0, 0, 0
1789131138603, 4835, 1, 0, 0
1789131139603, 13796, 0, 0, 0
1789131139603, 6121, 1, 0, 0
1789131140603, 17211, 0, 0, 0
1789131140603, 7131, 1, 0, 0
1789131141604, 19046, 0, 0, 0
1789131141604, 8137, 1, 0, 0
1789131142604, 19506, 0, 0, 0
1789131142604, 8343, 1, 0, 0
1789131143604, 19304, 0, 0, 0
1789131143604, 8310, 1, 0, 0
1789131144604, 16832, 0, 0, 0
1789131144604, 7321, 1, 0, 0
1789131145604, 14710, 0, 0, 0
1789131145604, 6149, 1, 0, 0
1789131146604, 15632, 0, 0, 0
1789131146604, 6797, 1, 0, 0
1789131147604, 19091, 0, 0, 0
1789131147604, 8143, 1, 0, 0
1789131148605, 19215, 0, 0, 0
1789131148605, 8316, 1, 0, 0
1789131149605, 19312, 0, 0, 0
1789131149605, 8395, 1, 0, 0
1789131150605, 19439, 0, 0, 0
1789131150605, 8296, 1, 0, 0
1789131151605, 14583, 0, 0, 0
1789131151605, 6325, 1, 0, 0
1789131152605, 3981, 0, 0, 0
1789131152605, 1712, 1, 0, 0
1789131153605, 10702, 0, 0, 0
1789131153605, 4612, 1, 0, 0
1789131154605, 14649, 0, 0, 0
1789131154605, 6409, 1, 0, 0
1789131155606, 18027, 0, 0, 0
1789131155606, 7817, 1, 0, 0
1789131156606, 19211, 0, 0, 0
1789131156606, 8303, 1, 0, 0
1789131157606, 19417, 0, 0, 0
1789131157606, 8251, 1, 0, 0
1789131158606, 19442, 0, 0, 0
1789131158606, 8395, 1, 0, 0
1789131159606, 8904, 0, 0, 0
1789131159606, 3768, 1, 0, 0
1789131160606, 7321, 0, 0, 0
1789131160606, 3157, 1, 0, 0
1789131161606, 10146, 0, 0, 0
1789131161606, 4358, 1, 0, 0
1789131162607, 13458, 0, 0, 0
1789131162607, 5868, 1, 0, 0
1789131163607, 16640, 0, 0, 0
1789131163607, 7215, 1, 0, 0
1789131164607, 18300, 0, 0, 0
1789131164607, 7914, 1, 0, 0
1789131165607, 18731, 0, 0, 0
1789131165607, 7994, 1, 0, 0
1789131166607, 19045, 0, 0, 0
1789131166607, 8233, 1, 0, 0
1789131167607, 12920, 0, 0, 0
1789131167607, 5492, 1, 0, 0
1789131168607, 2959, 0, 0, 0
1789131168607, 1294, 1, 0, 0
1789131169608, 10353, 0, 0, 0
1789131169608, 4361, 1, 0, 0
1789131170608, 13353, 0, 0, 0
1789131170608, 5588, 1, 0, 0
1789131171608, 16792, 0, 0, 0
1789131171608, 7053, 1, 0, 0
1789131172608, 18163, 0, 0, 0
1789131172608, 7758, 1, 0, 0
1789131173608, 18611, 0, 0, 0
1789131173608, 8091, 1, 0, 0
1789131174608, 19373, 0, 0, 0
1789131174608, 8271, 1, 0, 0
1789131175609, 19003, 0, 0, 0
1789131175609, 8050, 1, 0, 0
1789131176609, 4800, 0, 0, 0
1789131176609, 2014, 1, 0, 0
1789131177609, 5793, 0, 0, 0
1789131177609, 2540, 1, 0, 0
1789131178609, 11067, 0, 0, 0
1789131178609, 4786, 1, 0, 0
1789131179609, 12615, 0, 0, 0
1789131179609, 5490, 1, 0, 0
1789131180609, 15263, 0, 0, 0
1789131180609, 6423, 1, 0, 0
1789131181609, 16515, 0, 0, 0
1789131181609, 7194, 1, 0, 0
1789131182609, 18729, 0, 0, 0
1789131182609, 7965, 1, 0, 0
1789131183610, 18989, 0, 0, 0
1789131183610, 8188, 1, 0, 0
1789131184610, 16944, 0, 0, 0
1789131184610, 7264, 1, 0, 0
1789131185610, 7775, 0, 0, 0
1789131185610, 3326, 1, 0, 0
1789131186610, 13311, 0, 0, 0
1789131186610, 5538, 1, 0, 0
1789131187610, 14497, 0, 0, 0
1789131187610, 5979, 1, 0, 0
1789131188610, 18013, 0, 0, 0
1789131188610, 7734, 1, 0, 0
1789131189610, 18707, 0, 0, 0
1789131189610, 7991, 1, 0, 0
1789131190610, 19338, 0, 0, 0
1789131190610, 8344, 1, 0, 0
1789131191610, 19274, 0, 0, 0
1789131191610, 8290, 1, 0, 0
1789131192611, 11499, 0, 0, 0
1789131192611, 4942, 1, 0, 0
1789131193611, 8731, 0, 0, 0
1789131193611, 3754, 1, 0, 0
1789131194611, 12018, 0, 0, 0
1789131194611, 5050, 1, 0, 0
1789131195611, 15585, 0, 0, 0
1789131195611, 6737, 1, 0, 0
1789131196611, 18399, 0, 0, 0
1789131196611, 7923, 1, 0, 0
1789131197611, 19122, 0, 0, 0
1789131197611, 8228, 1, 0, 0
1789131198611, 19207, 0, 0, 0
1789131198611, 8184, 1, 0, 0
1789131199612, 18283, 0, 0, 0
1789131199612, 7960, 1, 0, 0
1789131200612, 6960, 0, 0, 0
1789131200612, 3031, 1, 0, 0
1789131201612, 7605, 0, 0, 0
1789131201612, 3256, 1, 0, 0
1789131202612, 12464, 0, 0, 0
1789131202612, 5431, 1, 0, 0
1789131203612, 16169, 0, 0, 0
1789131203612, 7123, 1, 0, 0
1789131204612, 18652, 0, 0, 0
1789131204612, 8046, 1, 0, 0
1789131205612, 19088, 0, 0, 0
1789131205612, 8244, 1, 0, 0
1789131206613, 19223, 0, 0, 0
1789131206613, 8245, 1, 0, 0
1789131207613, 18752, 0, 0, 0
1789131207613, 8144, 1, 0, 0
1789131208613, 13560, 0, 0, 0
1789131208613, 5810, 1, 0, 0
1789131209613, 15489, 0, 0, 0
1789131209613, 6731, 1, 0, 0
1789131210613, 15686, 0, 0, 0
1789131210613, 6648, 1, 0, 0
1789131211613, 19274, 0, 0, 0
1789131211613, 8105, 1, 0, 0
1789131212613, 19337, 0, 0, 0
1789131212613, 8330, 1, 0, 0
1789131213613, 19334, 0, 0, 0
1789131213613, 8356, 1, 0, 0
1789131214613, 17971, 0, 0, 0
1789131214613, 7697, 1, 0, 0
1789131215613, 7693, 0, 0, 0
1789131215613, 3270, 1, 0, 0
1789131216614, 10051, 0, 0, 0
1789131216614, 4365, 1, 0, 0
1789131217614, 11135, 0, 0, 0
1789131217614, 4745, 1, 0, 0
1789131218614, 15252, 0, 0, 0
1789131218614, 6449, 1, 0, 0
1789131219614, 18359, 0, 0, 0
1789131219614, 7967, 1, 0, 0
1789131220614, 19137, 0, 0, 0
1789131220614, 8046, 1, 0, 0
1789131221614, 19388, 0, 0, 0
1789131221614, 8157, 1, 0, 0
1789131222614, 17966, 0, 0, 0
1789131222614, 7611, 1, 0, 0
1789131223614, 14777, 0, 0, 0
1789131223614, 6523, 1, 0, 0
1789131224614, 16723, 0, 0, 0
1789131224614, 6954, 1, 0, 0
1789131225614, 15839, 0, 0, 0
1789131225614, 6710, 1, 0, 0
1789131226614, 19197, 0, 0, 0
1789131226614, 8320, 1, 0, 0
1789131227615, 19222, 0, 0, 0
1789131227615, 8189, 1, 0, 0
1789131228615, 19405, 0, 0, 0
1789131228615, 8039, 1, 0, 0
1789131229615, 14006, 0, 0, 0
1789131229615, 6005, 1, 0, 0
1789131230615, 1659, 0, 0, 0
1789131230615, 715, 1, 0, 0
1789131231615, 7617, 0, 0, 0
1789131231615, 3257, 1, 0, 0
1789131232616, 12111, 0, 0, 0
1789131232616, 5180, 1, 0, 0
1789131233616, 13877, 0, 0, 0
1789131233616, 6010, 1, 0, 0
1789131234616, 17248, 0, 0, 0
1789131234616, 7293, 1, 0, 0
1789131235616, 18854, 0, 0, 0
1789131235616, 8150, 1, 0, 0
1789131236616, 19278, 0, 0, 0
1789131236616, 8379, 1, 0, 0
1789131237616, 18143, 0, 0, 0
1789131237616, 7820, 1, 0, 0
1789131238616, 4298, 0, 0, 0
1789131238616, 1803, 1, 0, 0
1789131239616, 6962, 0, 0, 0
1789131239616, 3044, 1, 0, 0
1789131240616, 10778, 0, 0, 0
1789131240616, 4595, 1, 0, 0
1789131241616, 14580, 0, 0, 0
1789131241616, 6346, 1, 0, 0
1789131242617, 17960, 0, 0, 0
1789131242617, 7741, 1, 0, 0
1789131243617, 19120, 0, 0, 0
1789131243617, 8117, 1, 0, 0
1789131244617, 19365, 0, 0, 0
1789131244617, 8361, 1, 0, 0
1789131245617, 19488, 0, 0, 0
1789131245617, 8348, 1, 0, 0
1789131246617, 15361, 0, 0, 0
1789131246617, 6676, 1, 0, 0
1789131247617, 16311, 0, 0, 0
1789131247617, 6989, 1, 0, 0
1789131248617, 16216, 0, 0, 0
1789131248617, 7227, 1, 0, 0
1789131249617, 18860, 0, 0, 0
1789131249617, 8187, 1, 0, 0
1789131250618, 19575, 0, 0, 0
1789131250618, 8211, 1, 0, 0
1789131251618, 19354, 0, 0, 0
1789131251618, 8295, 1, 0, 0
1789131252618, 18686, 0, 0, 0
1789131252618, 8033, 1, 0, 0
1789131253618, 10912, 0, 0, 0
1789131253618, 4491, 1, 0, 0
1789131254618, 15200, 0, 0, 0
1789131254618, 6612, 1, 0, 0
1789131255618, 14981, 0, 0, 0
1789131255618, 6392, 1, 0, 0
1789131256618, 19205, 0, 0, 0
1789131256618, 8259, 1, 0, 0
1789131257619, 19451, 0, 0, 0
1789131257619, 8333, 1, 0, 0
1789131258619, 19424, 0, 0, 0
1789131258619, 8274, 1, 0, 0
1789131259619, 18652, 0, 0, 0
1789131259619, 7857, 1, 0, 0
1789131260619, 14036, 0, 0, 0
1789131260619, 5927, 1, 0, 0
1789131261619, 16021, 0, 0, 0
1789131261619, 6737, 1, 0, 0
1789131262620, 16221, 0, 0, 0
1789131262620, 6760, 1, 0, 0
1789131263620, 19464, 0, 0, 0
1789131263620, 8085, 1, 0, 0
1789131264620, 19218, 0, 0, 0
1789131264620, 8269, 1, 0, 0
1789131265620, 19327, 0, 0, 0
1789131265620, 8221, 1, 0, 0
1789131266620, 19344, 0, 0, 0
1789131266620, 8152, 1, 0, 0
1789131267620, 7016, 0, 0, 0
1789131267620, 3076, 1, 0, 0
1789131268621, 6463, 0, 0, 0
1789131268621, 2807, 1, 0, 0
1789131269621, 10126, 0, 0, 0
1789131269621, 4457, 1, 0, 0
1789131270621, 14523, 0, 0, 0
1789131270621, 6160, 1, 0, 0
1789131271621, 17800, 0, 0, 0
1789131271621, 7453, 1, 0, 0
1789131272621, 19119, 0, 0, 0
1789131272621, 8249, 1, 0, 0
1789131273621, 19350, 0, 0, 0
1789131273621, 8294, 1, 0, 0
1789131274621, 19390, 0, 0, 0
1789131274621, 8166, 1, 0, 0
1789131275622, 14819, 0, 0, 0
1789131275622, 6324, 1, 0, 0
1789131276622, 6960, 0, 0, 0
1789131276622, 2993, 1, 0, 0
1789131277622, 12399, 0, 0, 0
1789131277622, 5306, 1, 0, 0
1789131278622, 15203, 0, 0, 0
1789131278622, 6479, 1, 0, 0
1789131279622, 18041, 0, 0, 0
1789131279622, 7839, 1, 0, 0
1789131280622, 19078, 0, 0, 0
1789131280622, 8211, 1, 0, 0
1789131281623, 19262, 0, 0, 0
1789131281623, 8305, 1, 0, 0
1789131282623, 19366, 0, 0, 0
1789131282623, 8196, 1, 0, 0
1789131283623, 12101, 0, 0, 0
1789131283623, 5125, 1, 0, 0
1789131284623, 3291, 0, 0, 0
1789131284623, 1412, 1, 0, 0
1789131285623, 9737, 0, 0, 0
1789131285623, 4188, 1, 0, 0
1789131286623, 12952, 0, 0, 0
1789131286623, 5557, 1, 0, 0
1789131287624, 16393, 0, 0, 0
1789131287624, 7157, 1, 0, 0
1789131288624, 18947, 0, 0, 0
1789131288624, 7930, 1, 0, 0
1789131289624, 19280, 0, 0, 0
1789131289624, 8372, 1, 0, 0
1789131290624, 19282, 0, 0, 0
1789131290624, 8530, 1, 0, 0
1789131291624, 18543, 0, 0, 0
1789131291624, 7949, 1, 0, 0
1789131292625, 14019, 0, 0, 0
1789131292625, 5981, 1, 0, 0
1789131293625, 15832, 0, 0, 0
1789131293625, 6843, 1, 0, 0
1789131294625, 17184, 0, 0, 0
1789131294625, 7465, 1, 0, 0
1789131295625, 19404, 0, 0, 0
1789131295625, 8283, 1, 0, 0
1789131296625, 19491, 0, 0, 0
1789131296625, 8309, 1, 0, 0
1789131297625, 19192, 0, 0, 0
1789131297625, 8432, 1, 0, 0
1789131298626, 19222, 0, 0, 0
1789131298626, 8339, 1, 0, 0
1789131299626, 7678, 0, 0, 0
1789131299626, 3255, 1, 0, 0
1789131300626, 6159, 0, 0, 0
1789131300626, 2596, 1, 0, 0
1789131301626, 10003, 0, 0, 0
1789131301626, 4174, 1, 0, 0
1789131302626, 13391, 0, 0, 0
1789131302626, 5744, 1, 0, 0
1789131303626, 17013, 0, 0, 0
1789131303626, 7167, 1, 0, 0
1789131304626, 18878, 0, 0, 0
1789131304626, 8190, 1, 0, 0
1789131305627, 19301, 0, 0, 0
1789131305627, 8029, 1, 0, 0
1789131306627, 19079, 0, 0, 0
1789131306627, 8213, 1, 0, 0
1789131307627, 17267, 0, 0, 0
1789131307627, 7392, 1, 0, 0
1789131308627, 9316, 0, 0, 0
1789131308627, 3955, 1, 0, 0
1789131309627, 17894, 0, 0, 0
1789131309627, 7552, 1, 0, 0
1789131310627, 16154, 0, 0, 0
1789131310627, 6951, 1, 0, 0
1789131311627, 19234, 0, 0, 0
1789131311627, 8140, 1, 0, 0
1789131312628, 19163, 0, 0, 0
1789131312628, 8287, 1, 0, 0
1789131313628, 19257, 0, 0, 0
1789131313628, 8288, 1, 0, 0
1789131314628, 19302, 0, 0, 0
1789131314628, 8343, 1, 0, 0
1789131315628, 6193, 0, 0, 0
1789131315628, 2555, 1, 0, 0
1789131316628, 4939, 0, 0, 0
1789131316628, 2075, 1, 0, 0
1789131317628, 11245, 0, 0, 0
1789131317628, 4827, 1, 0, 0
1789131318628, 13766, 0, 0, 0
1789131318628, 5954, 1, 0, 0
1789131319629, 15060, 0, 0, 0
1789131319629, 6533, 1, 0, 0
1789131320629, 17716, 0, 0, 0
1789131320629, 7459, 1, 0, 0
1789131321629, 18987, 0, 0, 0
1789131321629, 8196, 1, 0, 0
1789131322629, 19419, 0, 0, 0
1789131322629, 8444, 1, 0, 0
1789131323629, 16203, 0, 0, 0
1789131323629, 6875, 1, 0, 0
1789131324630, 6222, 0, 0, 0
1789131324630, 2683, 1, 0, 0
1789131325630, 11806, 0, 0, 0
1789131325630, 5076, 1, 0, 0
1789131326630, 14526, 0, 0, 0
1789131326630, 6211, 1, 0, 0
1789131327630, 17641, 0, 0, 0
1789131327630, 7592, 1, 0, 0
1789131328630, 18877, 0, 0, 0
1789131328630, 8058, 1, 0, 0
1789131329630, 19257, 0, 0, 0
1789131329630, 8182, 1, 0, 0
1789131330630, 19299, 0, 0, 0
1789131330630, 8257, 1, 0, 0
1789131331630, 13554, 0, 0, 0
1789131331630, 5655, 1, 0, 0
1789131332630, 4212, 0, 0, 0
1789131332630, 1863, 1, 0, 0
1789131333630, 9068, 0, 0, 0
1789131333630, 3979, 1, 0, 0
1789131334630, 11742, 0, 0, 0
1789131334630, 5077, 1, 0, 0
1789131335631, 15754, 0, 0, 0
1789131335631, 6668, 1, 0, 0
1789131336631, 18404, 0, 0, 0
1789131336631, 7945, 1, 0, 0
1789131337631, 19168, 0, 0, 0
1789131337631, 8307, 1, 0, 0
1789131338631, 19383, 0, 0, 0
1789131338631, 8094, 1, 0, 0
1789131339631, 18853, 0, 0, 0
1789131339631, 7978, 1, 0, 0
1789131340631, 4162, 0, 0, 0
1789131340631, 1806, 1, 0, 0
1789131341631, 11895, 0, 0, 0
1789131341631, 5083, 1, 0, 0
1789131342631, 13060, 0, 0, 0
1789131342631, 5503, 1, 0, 0
1789131343631, 15455, 0, 0, 0
1789131343631, 6670, 1, 0, 0
1789131344631, 18261, 0, 0, 0
1789131344631, 7890, 1, 0, 0
1789131345632, 19154, 0, 0, 0
1789131345632, 8202, 1, 0, 0
1789131346632, 19092, 0, 0, 0
1789131346632, 8313, 1, 0, 0
1789131347632, 19153, 0, 0, 0
1789131347632, 8319, 1, 0, 0
1789131348632, 13125, 0, 0, 0
1789131348632, 5492, 1, 0, 0
1789131349632, 2138, 0, 0, 0
1789131349632, 986, 1, 0, 0
1789131350632, 9989, 0, 0, 0
1789131350632, 4216, 1, 0, 0
1789131351632, 12551, 0, 0, 0
1789131351632, 5444, 1, 0, 0
1789131352632, 14157, 0, 0, 0
1789131352632, 6010, 1, 0, 0
1789131353632, 16799, 0, 0, 0
1789131353632, 7181, 1, 0, 0
1789131354633, 18481, 0, 0, 0
1789131354633, 7909, 1, 0, 0
1789131355633, 19277, 0, 0, 0
1789131355633, 8288, 1, 0, 0
1789131356633, 18374, 0, 0, 0
1789131356633, 7792, 1, 0, 0
1789131357633, 5216, 0, 0, 0
1789131357633, 2231, 1, 0, 0
1789131358633, 4172, 0, 0, 0
1789131358633, 1770, 1, 0, 0
1789131359633, 11105, 0, 0, 0
1789131359633, 4758, 1, 0, 0
1789131360633, 13487, 0, 0, 0
1789131360633, 5793, 1, 0, 0
1789131361633, 16635, 0, 0, 0
1789131361633, 7255, 1, 0, 0
1789131362633, 18919, 0, 0, 0
1789131362633, 7861, 1, 0, 0
1789131363634, 19179, 0, 0, 0
1789131363634, 8286, 1, 0, 0
1789131364634, 19090, 0, 0, 0
1789131364634, 8267, 1, 0, 0
1789131365634, 16895, 0, 0, 0
1789131365634, 7462, 1, 0, 0
1789131366634, 970, 0, 0, 0
1789131366634, 441, 1, 0, 0
1789131367634, 6979, 0, 0, 0
1789131367634, 2999, 1, 0, 0
1789131368634, 10801, 0, 0, 0
1789131368634, 4683, 1, 0, 0
1789131369634, 13381, 0, 0, 0
1789131369634, 5671, 1, 0, 0
1789131370634, 17086, 0, 0, 0
1789131370634, 7263, 1, 0, 0
1789131371635, 18967, 0, 0, 0
1789131371635, 8002, 1, 0, 0
1789131372635, 18780, 0, 0, 0
1789131372635, 8026, 1, 0, 0
1789131373635, 19335, 0, 0, 0
1789131373635, 8326, 1, 0, 0
1789131374635, 16625, 0, 0, 0
1789131374635, 6980, 1, 0, 0
1789131375635, 14087, 0, 0, 0
1789131375635, 6087, 1, 0, 0
1789131376635, 17500, 0, 0, 0
1789131376635, 7486, 1, 0, 0
1789131377635, 15885, 0, 0, 0
1789131377635, 6713, 1, 0, 0
1789131378635, 18902, 0, 0, 0
1789131378635, 8300, 1, 0, 0
1789131379636, 19138, 0, 0, 0
1789131379636, 8251, 1, 0, 0
1789131380636, 19008, 0, 0, 0
1789131380636, 8199, 1, 0, 0
1789131381636, 16374, 0, 0, 0
1789131381636, 7140, 1, 0, 0
1789131382636, 2979, 0, 0, 0
1789131382636, 1291, 1, 0, 0
1789131383636, 9830, 0, 0, 0
1789131383636, 4378, 1, 0, 0
1789131384636, 11006, 0, 0, 0
1789131384636, 4669, 1, 0, 0
1789131385636, 15620, 0, 0, 0
1789131385636, 6611, 1, 0, 0
