1789130186663, 559919, 0, 0, 0
1789130186663, 240112, 1, 0, 0
1789130187663, 559872, 0, 0, 0
1789130187663, 239936, 1, 0, 0
1789130188663, 560128, 0, 0, 0
1789130188663, 240064, 1, 0, 0
1789130189663, 559936, 0, 0, 0
1789130189663, 239936, 1, 0, 0
1789130190663, 560128, 0, 0, 0
1789130190663, 240064, 1, 0, 0
1789130191663, 536448, 0, 0, 0
1789130191663, 228992, 1, 0, 0
1789130192663, 583744, 0, 0, 0
1789130192663, 251072, 1, 0, 0
1789130193663, 560064, 0, 0, 0
1789130193663, 240064, 1, 0, 0
1789130194663, 559936, 0, 0, 0
1789130194663, 240000, 1, 0, 0
1789130195664, 560256, 0, 0, 0
1789130195664, 240000, 1, 0, 0
1789130196663, 559791, 0, 0, 0
1789130196663, 239983, 1, 0, 0
1789130197663, 560064, 0, 0, 0
1789130197663, 240064, 1, 0, 0
1789130198663, 560256, 0, 0, 0
1789130198663, 240000, 1, 0, 0
1789130199663, 560000, 0, 0, 0
1789130199663, 240064, 1, 0, 0
1789130200663, 559936, 0, 0, 0
1789130200663, 239808, 1, 0, 0
1789130201663, 529472, 0, 0, 0
1789130201663, 226624, 1, 0, 0
1789130202663, 538112, 0, 0, 0
1789130202663, 232320, 1, 0, 0
1789130203663, 612544, 0, 0, 0
1789130203663, 261248, 1, 0, 0
1789130204663, 560000, 0, 0, 0
1789130204663, 240064, 1, 0, 0
1789130205663, 560064, 0, 0, 0
1789130205663, 240000, 1, 0, 0
1789130206663, 560192, 0, 0, 0
1789130206663, 240128, 1, 0, 0
1789130207664, 559936, 0, 0, 0
1789130207664, 239936, 1, 0, 0
1789130208663, 559983, 0, 0, 0
1789130208663, 239983, 1, 0, 0
1789130209663, 560192, 0, 0, 0
1789130209663, 240128, 1, 0, 0
1789130210663, 559808, 0, 0, 0
1789130210663, 239872, 1, 0, 0
1789130211663, 559616, 0, 0, 0
1789130211663, 239808, 1, 0, 0
1789130212663, 559104, 0, 0, 0
1789130212663, 239424, 1, 0, 0
1789130213663, 477504, 0, 0, 0
1789130213663, 205056, 1, 0, 0
1789130214663, 141888, 0, 0, 0
1789130214663, 57856, 1, 0, 0
1789130235566, 9, 1, 0, 0
1789130236566, 188288, 0, 0, 0
1789130236566, 86784, 1, 0, 0
1789130237567, 222848, 0, 0, 0
1789130237567, 92288, 1, 0, 0
1789130238567, 217792, 0, 0, 0
1789130238567, 92096, 1, 0, 0
1789130239567, 238016, 0, 0, 0
1789130239567, 97408, 1, 0, 0
1789130240567, 238912, 0, 0, 0
1789130240567, 105088, 1, 0, 0
1789130241567, 498816, 0, 0, 0
1789130241567, 217472, 1, 0, 0
1789130242567, 740608, 0, 0, 0
1789130242567, 315456, 1, 0, 0
1789130243567, 795584, 0, 0, 0
1789130243567, 342016, 1, 0, 0
1789130244567, 818688, 0, 0, 0
1789130244567, 350656, 1, 0, 0
1789130245567, 839616, 0, 0, 0
1789130245567, 372352, 1, 0, 0
1789130246568, 864832, 0, 0, 0
1789130246568, 362240, 1, 0, 0
1789130247568, 699776, 0, 0, 0
1789130247568, 296192, 1, 0, 0
1789130248568, 628416, 0, 0, 0
1789130248568, 259136, 1, 0, 0
1789130249568, 727232, 0, 0, 0
1789130249568, 303168, 1, 0, 0
1789130250568, 684608, 0, 0, 0
1789130250568, 293184, 1, 0, 0
1789130251568, 948352, 0, 0, 0
1789130251568, 411904, 1, 0, 0
1789130252568, 965824, 0, 0, 0
1789130252568, 415360, 1, 0, 0
1789130253569, 934400, 0, 0, 0
1789130253569, 397888, 1, 0, 0
1789130254569, 942592, 0, 0, 0
1789130254569, 405696, 1, 0, 0
1789130255569, 949184, 0, 0, 0
1789130255569, 419072, 1, 0, 0
1789130256569, 659648, 0, 0, 0
1789130256569, 275968, 1, 0, 0
1789130257569, 561856, 0, 0, 0
1789130257569, 246336, 1, 0, 0
1789130258569, 668544, 0, 0, 0
1789130258569, 275840, 1, 0, 0
1789130259569, 899584, 0, 0, 0
1789130259569, 384192, 1, 0, 0
1789130260570, 950016, 0, 0, 0
1789130260570, 406656, 1, 0, 0
1789130261570, 946624, 0, 0, 0
1789130261570, 413888, 1, 0, 0
1789130262570, 949376, 0, 0, 0
1789130262570, 404544, 1, 0, 0
1789130263570, 956224, 0, 0, 0
1789130263570, 408576, 1, 0, 0
1789130264570, 978624, 0, 0, 0
1789130264570, 427968, 1, 0, 0
1789130265570, 793664, 0, 0, 0
1789130265570, 340864, 1, 0, 0
1789130266570, 704000, 0, 0, 0
1789130266570, 313280, 1, 0, 0
1789130267570, 704384, 0, 0, 0
1789130267570, 298560, 1, 0, 0
1789130268570, 679552, 0, 0, 0
1789130268570, 295808, 1, 0, 0
1789130269570, 643520, 0, 0, 0
1789130269570, 279040, 1, 0, 0
1789130270570, 888192, 0, 0, 0
1789130270570, 374016, 1, 0, 0
1789130271571, 754304, 0, 0, 0
1789130271571, 325888, 1, 0, 0
1789130272571, 1000576, 0, 0, 0
1789130272571, 426112, 1, 0, 0
1789130273571, 992448, 0, 0, 0
1789130273571, 431104, 1, 0, 0
1789130274571, 798656, 0, 0, 0
1789130274571, 341696, 1, 0, 0
1789130275571, 699328, 0, 0, 0
1789130275571, 307712, 1, 0, 0
1789130276572, 681728, 0, 0, 0
1789130276572, 300032, 1, 0, 0
1789130277572, 686592, 0, 0, 0
1789130277572, 294912, 1, 0, 0
1789130278572, 780352, 0, 0, 0
1789130278572, 330240, 1, 0, 0
1789130279572, 919744, 0, 0, 0
1789130279572, 385472, 1, 0, 0
1789130280572, 829760, 0, 0, 0
1789130280572, 361536, 1, 0, 0
1789130281572, 1092928, 0, 0, 0
1789130281572, 467072, 1, 0, 0
1789130282572, 1094016, 0, 0, 0
1789130282572, 467008, 1, 0, 0
1789130283573, 685888, 0, 0, 0
1789130283573, 295808, 1, 0, 0
1789130284573, 724480, 0, 0, 0
1789130284573, 316032, 1, 0, 0
1789130285573, 730560, 0, 0, 0
1789130285573, 310912, 1, 0, 0
1789130286573, 852288, 0, 0, 0
1789130286573, 360704, 1, 0, 0
1789130287573, 1090944, 0, 0, 0
1789130287573, 477568, 1, 0, 0
1789130288573, 1013504, 0, 0, 0
1789130288573, 447104, 1, 0, 0
1789130289573, 1054080, 0, 0, 0
1789130289573, 458624, 1, 0, 0
1789130290574, 1163648, 0, 0, 0
1789130290574, 504000, 1, 0, 0
1789130291574, 797696, 0, 0, 0
1789130291574, 285696, 1, 0, 0
1789130292574, 560064, 0, 0, 0
1789130292574, 240000, 1, 0, 0
1789130293574, 559936, 0, 0, 0
1789130293574, 239808, 1, 0, 0
1789130294574, 540160, 0, 0, 0
1789130294574, 236992, 1, 0, 0
1789130295574, 580352, 0, 0, 0
1789130295574, 243392, 1, 0, 0
1789130296574, 559936, 0, 0, 0
1789130296574, 239872, 1, 0, 0
1789130297574, 559744, 0, 0, 0
1789130297574, 239936, 1, 0, 0
1789130298574, 560384, 0, 0, 0
1789130298574, 240064, 1, 0, 0
1789130299574, 559872, 0, 0, 0
1789130299574, 240064, 1, 0, 0
1789130300574, 560256, 0, 0, 0
1789130300574, 240192, 1, 0, 0
1789130301574, 560128, 0, 0, 0
1789130301574, 239872, 1, 0, 0
1789130302574, 559936, 0, 0, 0
1789130302574, 240064, 1, 0, 0
1789130303575, 559808, 0, 0, 0
1789130303575, 239936, 1, 0, 0
1789130304575, 560000, 0, 0, 0
1789130304575, 240064, 1, 0, 0
1789130305575, 558208, 0, 0, 0
1789130305575, 239424, 1, 0, 0
1789130306576, 562496, 0, 0, 0
1789130306576, 240896, 1, 0, 0
1789130307576, 559616, 0, 0, 0
1789130307576, 239808, 1, 0, 0
1789130308576, 560704, 0, 0, 0
1789130308576, 240128, 1, 0, 0
1789130309576, 559936, 0, 0, 0
1789130309576, 240000, 1, 0, 0
1789130310576, 560064, 0, 0, 0
1789130310576, 240128, 1, 0, 0
1789130311576, 560064, 0, 0, 0
1789130311576, 240064, 1, 0, 0
1789130312576, 559936, 0, 0, 0
1789130312576, 239936, 1, 0, 0
1789130313576, 560128, 0, 0, 0
1789130313576, 239936, 1, 0, 0
1789130314576, 560064, 0, 0, 0
1789130314576, 240192, 1, 0, 0
1789130315576, 560000, 0, 0, 0
1789130315576, 239936, 1, 0, 0
1789130316576, 560192, 0, 0, 0
1789130316576, 240128, 1, 0, 0
1789130317576, 559168, 0, 0, 0
1789130317576, 239680, 1, 0, 0
1789130318577, 560512, 0, 0, 0
1789130318577, 240128, 1, 0, 0
1789130319577, 559232, 0, 0, 0
1789130319577, 239680, 1, 0, 0
1789130320577, 560640, 0, 0, 0
1789130320577, 240320, 1, 0, 0
1789130321577, 559936, 0, 0, 0
1789130321577, 239872, 1, 0, 0
1789130322577, 560640, 0, 0, 0
1789130322577, 240384, 1, 0, 0
1789130323577, 560192, 0, 0, 0
1789130323577, 240064, 1, 0, 0
1789130324577, 559744, 0, 0, 0
1789130324577, 239872, 1, 0, 0
1789130325577, 560128, 0, 0, 0
1789130325577, 240064, 1, 0, 0
1789130326577, 560000, 0, 0, 0
1789130326577, 240064, 1, 0, 0
1789130327577, 560128, 0, 0, 0
1789130327577, 240000, 1, 0, 0
1789130328577, 560128, 0, 0, 0
1789130328577, 240064, 1, 0, 0
1789130329577, 560064, 0, 0, 0
1789130329577, 240000, 1, 0, 0
1789130330577, 560128, 0, 0, 0
1789130330577, 239936, 1, 0, 0
1789130331577, 555200, 0, 0, 0
1789130331577, 233600, 1, 0, 0
1789130332578, 564736, 0, 0, 0
1789130332578, 246464, 1, 0, 0
1789130333578, 520448, 0, 0, 0
1789130333578, 222720, 1, 0, 0
1789130334578, 599360, 0, 0, 0
1789130334578, 257216, 1, 0, 0
1789130335578, 560064, 0, 0, 0
1789130335578, 240064, 1, 0, 0
1789130336578, 560448, 0, 0, 0
1789130336578, 240128, 1, 0, 0
1789130337578, 560064, 0, 0, 0
1789130337578, 240064, 1, 0, 0
1789130338578, 560256, 0, 0, 0
1789130338578, 240128, 1, 0, 0
1789130339579, 559808, 0, 0, 0
1789130339579, 239936, 1, 0, 0
1789130340579, 560064, 0, 0, 0
1789130340579, 240000, 1, 0, 0
1789130341579, 560192, 0, 0, 0
1789130341579, 240064, 1, 0, 0
1789130342579, 560128, 0, 0, 0
1789130342579, 240064, 1, 0, 0
1789130343579, 557888, 0, 0, 0
1789130343579, 239104, 1, 0, 0
1789130344579, 561984, 0, 0, 0
1789130344579, 240832, 1, 0, 0
1789130345579, 560192, 0, 0, 0
1789130345579, 240128, 1, 0, 0
1789130346579, 559936, 0, 0, 0
1789130346579, 240000, 1, 0, 0
1789130347579, 560064, 0, 0, 0
1789130347579, 239936, 1, 0, 0
1789130348579, 560000, 0, 0, 0
1789130348579, 240064, 1, 0, 0
1789130349579, 560192, 0, 0, 0
1789130349579, 240064, 1, 0, 0
1789130350580, 559872, 0, 0, 0
1789130350580, 239936, 1, 0, 0
1789130351580, 560128, 0, 0, 0
1789130351580, 240064, 1, 0, 0
1789130352580, 559808, 0, 0, 0
1789130352580, 239872, 1, 0, 0
1789130353580, 560256, 0, 0, 0
1789130353580, 240128, 1, 0, 0
1789130354580, 560128, 0, 0, 0
1789130354580, 240064, 1, 0, 0
1789130355580, 559808, 0, 0, 0
1789130355580, 239936, 1, 0, 0
1789130356580, 559424, 0, 0, 0
1789130356580, 239744, 1, 0, 0
1789130357580, 560256, 0, 0, 0
1789130357580, 240064, 1, 0, 0
1789130358580, 560768, 0, 0, 0
1789130358580, 240384, 1, 0, 0
1789130359580, 559872, 0, 0, 0
1789130359580, 239936, 1, 0, 0
1789130360580, 560128, 0, 0, 0
1789130360580, 240064, 1, 0, 0
1789130361581, 560128, 0, 0, 0
1789130361581, 240000, 1, 0, 0
1789130362581, 560000, 0, 0, 0
1789130362581, 240000, 1, 0, 0
1789130363581, 560064, 0, 0, 0
1789130363581, 240064, 1, 0, 0
1789130364581, 560256, 0, 0, 0
1789130364581, 240064, 1, 0, 0
1789130365581, 559936, 0, 0, 0
1789130365581, 240000, 1, 0, 0
1789130366582, 560384, 0, 0, 0
1789130366582, 240192, 1, 0, 0
1789130367582, 560192, 0, 0, 0
1789130367582, 240064, 1, 0, 0
1789130368582, 560000, 0, 0, 0
1789130368582, 240000, 1, 0, 0
1789130369582, 504128, 0, 0, 0
1789130369582, 214976, 1, 0, 0
1789130370582, 585216, 0, 0, 0
1789130370582, 253376, 1, 0, 0
1789130371582, 590784, 0, 0, 0
1789130371582, 251712, 1, 0, 0
1789130372583, 560064, 0, 0, 0
1789130372583, 240064, 1, 0, 0
1789130373583, 560256, 0, 0, 0
1789130373583, 240064, 1, 0, 0
1789130374583, 560128, 0, 0, 0
1789130374583, 240064, 1, 0, 0
1789130375583, 560000, 0, 0, 0
1789130375583, 239872, 1, 0, 0
1789130376583, 559872, 0, 0, 0
1789130376583, 240064, 1, 0, 0
1789130377583, 560384, 0, 0, 0
1789130377583, 240128, 1, 0, 0
1789130378583, 559936, 0, 0, 0
1789130378583, 240000, 1, 0, 0
1789130379583, 560128, 0, 0, 0
1789130379583, 240000, 1, 0, 0
1789130380583, 560064, 0, 0, 0
1789130380583, 240064, 1, 0, 0
1789130381583, 559168, 0, 0, 0
1789130381583, 239616, 1, 0, 0
1789130382584, 560768, 0, 0, 0
1789130382584, 240384, 1, 0, 0
1789130383584, 560000, 0, 0, 0
1789130383584, 240000, 1, 0, 0
1789130384584, 560192, 0, 0, 0
1789130384584, 240128, 1, 0, 0
1789130385584, 559936, 0, 0, 0
1789130385584, 239936, 1, 0, 0
1789130386584, 560192, 0, 0, 0
1789130386584, 240064, 1, 0, 0
1789130387584, 559872, 0, 0, 0
1789130387584, 239936, 1, 0, 0
1789130388584, 560256, 0, 0, 0
1789130388584, 240128, 1, 0, 0
1789130389584, 560064, 0, 0, 0
1789130389584, 240000, 1, 0, 0
1789130390584, 560000, 0, 0, 0
1789130390584, 240064, 1, 0, 0
1789130391585, 560064, 0, 0, 0
1789130391585, 240000, 1, 0, 0
1789130392585, 559808, 0, 0, 0
1789130392585, 239936, 1, 0, 0
1789130393585, 560448, 0, 0, 0
1789130393585, 240064, 1, 0, 0
1789130394585, 559616, 0, 0, 0
1789130394585, 239936, 1, 0, 0
1789130395585, 492096, 0, 0, 0
1789130395585, 211712, 1, 0, 0
1789130396586, 628864, 0, 0, 0
1789130396586, 268672, 1, 0, 0
1789130397586, 559872, 0, 0, 0
1789130397586, 240000, 1, 0, 0
1789130398586, 560192, 0, 0, 0
1789130398586, 239936, 1, 0, 0
1789130399587, 283264, 0, 0, 0
1789130399587, 121536, 1, 0, 0
1789130841563, 1, 0, 0, 0
1789130841563, 0, 1, 0, 0
1789130842564, 587968, 0, 0, 0
1789130842564, 253888, 1, 0, 0
1789130843564, 687424, 0, 0, 0
1789130843564, 286208, 1, 0, 0
1789130844564, 725760, 0, 0, 0
1789130844564, 308736, 1, 0, 0
1789130845564, 766656, 0, 0, 0
1789130845564, 329920, 1, 0, 0
1789130846564, 765376, 0, 0, 0
1789130846564, 316288, 1, 0, 0
1789130847564, 677888, 0, 0, 0
1789130847564, 298624, 1, 0, 0
1789130848564, 669888, 0, 0, 0
1789130848564, 286848, 1, 0, 0
1789130849565, 668224, 0, 0, 0
1789130849565, 281536, 1, 0, 0
1789130850565, 550272, 0, 0, 0
1789130850565, 230336, 1, 0, 0
1789130851565, 588608, 0, 0, 0
1789130851565, 255616, 1, 0, 0
1789130852565, 777024, 0, 0, 0
1789130852565, 329792, 1, 0, 0
1789130853565, 867840, 0, 0, 0
1789130853565, 379840, 1, 0, 0
1789130854565, 897984, 0, 0, 0
1789130854565, 376704, 1, 0, 0
1789130855565, 902144, 0, 0, 0
1789130855565, 388096, 1, 0, 0
1789130856565, 701184, 0, 0, 0
1789130856565, 305344, 1, 0, 0
1789130857565, 552768, 0, 0, 0
1789130857565, 242688, 1, 0, 0
1789130858565, 695488, 0, 0, 0
1789130858565, 290880, 1, 0, 0
1789130859565, 669824, 0, 0, 0
1789130859565, 288320, 1, 0, 0
1789130860566, 853184, 0, 0, 0
1789130860566, 363840, 1, 0, 0
1789130861566, 854336, 0, 0, 0
1789130861566, 357952, 1, 0, 0
1789130862566, 853120, 0, 0, 0
1789130862566, 362688, 1, 0, 0
1789130863566, 853504, 0, 0, 0
1789130863566, 365568, 1, 0, 0
1789130864566, 851072, 0, 0, 0
1789130864566, 371456, 1, 0, 0
1789130865566, 864448, 0, 0, 0
1789130865566, 367296, 1, 0, 0
1789130866566, 659456, 0, 0, 0
1789130866566, 275520, 1, 0, 0
1789130867566, 607104, 0, 0, 0
1789130867566, 263488, 1, 0, 0
1789130868566, 631040, 0, 0, 0
1789130868566, 273664, 1, 0, 0
1789130869566, 566400, 0, 0, 0
1789130869566, 242240, 1, 0, 0
1789130870566, 908288, 0, 0, 0
1789130870566, 392256, 1, 0, 0
1789130871567, 891200, 0, 0, 0
1789130871567, 387072, 1, 0, 0
1789130872567, 852736, 0, 0, 0
1789130872567, 366272, 1, 0, 0
1789130873567, 882240, 0, 0, 0
1789130873567, 376448, 1, 0, 0
1789130874567, 888256, 0, 0, 0
1789130874567, 375744, 1, 0, 0
1789130875567, 861312, 0, 0, 0
1789130875567, 371712, 1, 0, 0
1789130876567, 556352, 0, 0, 0
1789130876567, 240384, 1, 0, 0
1789130877567, 225344, 0, 0, 0
1789130877567, 96704, 1, 0, 0
1789130878567, 232000, 0, 0, 0
1789130878567, 103168, 1, 0, 0
1789130879567, 408064, 0, 0, 0
1789130879567, 175104, 1, 0, 0
1789130880567, 498304, 0, 0, 0
1789130880567, 212864, 1, 0, 0
1789130881567, 571840, 0, 0, 0
1789130881567, 243072, 1, 0, 0
1789130882567, 789568, 0, 0, 0
1789130882567, 338432, 1, 0, 0
1789130883568, 920064, 0, 0, 0
1789130883568, 383360, 1, 0, 0
1789130884568, 932544, 0, 0, 0
1789130884568, 399360, 1, 0, 0
1789130885568, 948672, 0, 0, 0
1789130885568, 400704, 1, 0, 0
1789130886568, 963968, 0, 0, 0
1789130886568, 405760, 1, 0, 0
1789130887568, 797312, 0, 0, 0
1789130887568, 337792, 1, 0, 0
1789130888568, 107584, 0, 0, 0
1789130888568, 48448, 1, 0, 0
1789130889568, 172288, 0, 0, 0
1789130889568, 71872, 1, 0, 0
1789130890568, 215040, 0, 0, 0
1789130890568, 90432, 1, 0, 0
1789130891568, 249600, 0, 0, 0
1789130891568, 109952, 1, 0, 0
1789130892567, 395275, 0, 0, 0
1789130892567, 175407, 1, 0, 0
1789130893567, 621504, 0, 0, 0
1789130893567, 269440, 1, 0, 0
1789130894567, 779328, 0, 0, 0
1789130894567, 340032, 1, 0, 0
1789130895568, 910848, 0, 0, 0
1789130895568, 380672, 1, 0, 0
1789130896568, 941888, 0, 0, 0
1789130896568, 402368, 1, 0, 0
1789130897568, 962176, 0, 0, 0
1789130897568, 423040, 1, 0, 0
1789130898568, 973632, 0, 0, 0
1789130898568, 414976, 1, 0, 0
1789130899568, 967936, 0, 0, 0
1789130899568, 432832, 1, 0, 0
1789130900567, 447231, 0, 0, 0
1789130900567, 190782, 1, 0, 0
1789130901571, 100243, 0, 0, 0
1789130901571, 46388, 1, 0, 0
1789130902571, 293632, 0, 0, 0
1789130902571, 118272, 1, 0, 0
1789130903571, 333312, 0, 0, 0
1789130903571, 143232, 1, 0, 0
1789130904571, 310592, 0, 0, 0
1789130904571, 131456, 1, 0, 0
1789130905571, 664448, 0, 0, 0
1789130905571, 287808, 1, 0, 0
1789130906571, 639872, 0, 0, 0
1789130906571, 273792, 1, 0, 0
1789130907571, 870016, 0, 0, 0
1789130907571, 384640, 1, 0, 0
1789130908571, 993024, 0, 0, 0
1789130908571, 416000, 1, 0, 0
1789130909571, 1028736, 0, 0, 0
1789130909571, 435904, 1, 0, 0
1789130910572, 1023424, 0, 0, 0
1789130910572, 437248, 1, 0, 0
1789130911572, 1000704, 0, 0, 0
1789130911572, 436608, 1, 0, 0
1789130912572, 633920, 0, 0, 0
1789130912572, 267200, 1, 0, 0
1789130913572, 813248, 0, 0, 0
1789130913572, 342720, 1, 0, 0
1789130914572, 852480, 0, 0, 0
1789130914572, 359040, 1, 0, 0
1789130915572, 799552, 0, 0, 0
1789130915572, 339776, 1, 0, 0
1789130916572, 1022784, 0, 0, 0
1789130916572, 434176, 1, 0, 0
1789130917572, 1052288, 0, 0, 0
1789130917572, 437056, 1, 0, 0
1789130918572, 1051264, 0, 0, 0
1789130918572, 443712, 1, 0, 0
1789130919572, 1058560, 0, 0, 0
1789130919572, 442560, 1, 0, 0
1789130920573, 969024, 0, 0, 0
1789130920573, 425280, 1, 0, 0
1789130921573, 629824, 0, 0, 0
1789130921573, 260544, 1, 0, 0
1789130922573, 693504, 0, 0, 0
1789130922573, 299712, 1, 0, 0
1789130923573, 602688, 0, 0, 0
1789130923573, 259392, 1, 0, 0
1789130924573, 1105664, 0, 0, 0
1789130924573, 474304, 1, 0, 0
1789130925573, 1142528, 0, 0, 0
1789130925573, 482112, 1, 0, 0
1789130926573, 1140928, 0, 0, 0
1789130926573, 492992, 1, 0, 0
1789130927573, 1143616, 0, 0, 0
1789130927573, 488512, 1, 0, 0
1789130928573, 1149504, 0, 0, 0
1789130928573, 488768, 1, 0, 0
1789130929573, 309632, 0, 0, 0
1789130929573, 130944, 1, 0, 0
1789130930574, 299456, 0, 0, 0
1789130930574, 129088, 1, 0, 0
1789130931574, 732288, 0, 0, 0
1789130931574, 322432, 1, 0, 0
1789130932574, 934528, 0, 0, 0
1789130932574, 400320, 1, 0, 0
1789130933574, 1080704, 0, 0, 0
1789130933574, 462848, 1, 0, 0
1789130934574, 1145280, 0, 0, 0
1789130934574, 494848, 1, 0, 0
1789130935574, 1167104, 0, 0, 0
1789130935574, 490880, 1, 0, 0
1789130936574, 1158784, 0, 0, 0
1789130936574, 496192, 1, 0, 0
1789130937575, 1149568, 0, 0, 0
1789130937575, 490176, 1, 0, 0
1789130938575, 183808, 0, 0, 0
1789130938575, 78528, 1, 0, 0
1789130939575, 56832, 0, 0, 0
1789130939575, 24768, 1, 0, 0
1789130940575, 87232, 0, 0, 0
1789130940575, 36608, 1, 0, 0
1789130941575, 64320, 0, 0, 0
1789130941575, 26816, 1, 0, 0
1789130942575, 101760, 0, 0, 0
1789130942575, 42944, 1, 0, 0
1789130943575, 692800, 0, 0, 0
1789130943575, 298240, 1, 0, 0
1789130944575, 877376, 0, 0, 0
1789130944575, 375680, 1, 0, 0
1789130945575, 1064960, 0, 0, 0
1789130945575, 457472, 1, 0, 0
1789130946576, 1172224, 0, 0, 0
1789130946576, 497920, 1, 0, 0
1789130947576, 1169600, 0, 0, 0
1789130947576, 497472, 1, 0, 0
1789130948576, 1181760, 0, 0, 0
1789130948576, 503872, 1, 0, 0
1789130949576, 1132032, 0, 0, 0
1789130949576, 468864, 1, 0, 0
1789130950576, 523072, 0, 0, 0
1789130950576, 228224, 1, 0, 0
1789130951576, 659328, 0, 0, 0
1789130951576, 278976, 1, 0, 0
1789130952576, 827136, 0, 0, 0
1789130952576, 348032, 1, 0, 0
1789130953576, 1065792, 0, 0, 0
1789130953576, 448832, 1, 0, 0
1789130954576, 1166144, 0, 0, 0
1789130954576, 509696, 1, 0, 0
1789130955576, 1189376, 0, 0, 0
1789130955576, 518336, 1, 0, 0
1789130956577, 1206784, 0, 0, 0
1789130956577, 513088, 1, 0, 0
1789130957577, 1169344, 0, 0, 0
1789130957577, 512960, 1, 0, 0
1789130958577, 213888, 0, 0, 0
1789130958577, 87872, 1, 0, 0
1789130959577, 358784, 0, 0, 0
1789130959577, 148032, 1, 0, 0
1789130960577, 689152, 0, 0, 0
1789130960577, 299712, 1, 0, 0
1789130961577, 958272, 0, 0, 0
1789130961577, 408448, 1, 0, 0
1789130962577, 1119488, 0, 0, 0
1789130962577, 481216, 1, 0, 0
1789130963577, 1183488, 0, 0, 0
1789130963577, 511552, 1, 0, 0
1789130964578, 1206080, 0, 0, 0
1789130964578, 508864, 1, 0, 0
1789130965578, 1196800, 0, 0, 0
1789130965578, 514432, 1, 0, 0
1789130966578, 966144, 0, 0, 0
1789130966578, 406336, 1, 0, 0
1789130967578, 142912, 0, 0, 0
1789130967578, 66880, 1, 0, 0
1789130968578, 580480, 0, 0, 0
1789130968578, 247808, 1, 0, 0
1789130969578, 780416, 0, 0, 0
1789130969578, 321536, 1, 0, 0
1789130970578, 997184, 0, 0, 0
1789130970578, 432704, 1, 0, 0
1789130971578, 1148544, 0, 0, 0
1789130971578, 490432, 1, 0, 0
1789130972579, 1199168, 0, 0, 0
1789130972579, 510336, 1, 0, 0
1789130973579, 1199680, 0, 0, 0
1789130973579, 519232, 1, 0, 0
1789130974579, 1215424, 0, 0, 0
1789130974579, 512128, 1, 0, 0
1789130975579, 324736, 0, 0, 0
1789130975579, 136896, 1, 0, 0
1789130976579, 136448, 0, 0, 0
1789130976579, 58240, 1, 0, 0
1789130977579, 700288, 0, 0, 0
1789130977579, 298880, 1, 0, 0
1789130978579, 822272, 0, 0, 0
1789130978579, 348416, 1, 0, 0
1789130979580, 974592, 0, 0, 0
1789130979580, 416064, 1, 0, 0
1789130980580, 1127680, 0, 0, 0
1789130980580, 473280, 1, 0, 0
1789130981580, 1214208, 0, 0, 0
1789130981580, 522688, 1, 0, 0
1789130982580, 1210112, 0, 0, 0
1789130982580, 524416, 1, 0, 0
1789130983580, 1191360, 0, 0, 0
1789130983580, 509248, 1, 0, 0
1789130984580, 191360, 0, 0, 0
1789130984580, 75520, 1, 0, 0
1789130985580, 148096, 0, 0, 0
1789130985580, 65216, 1, 0, 0
1789130986581, 128000, 0, 0, 0
1789130986581, 54080, 1, 0, 0
1789130987581, 664384, 0, 0, 0
1789130987581, 288832, 1, 0, 0
1789130988581, 848960, 0, 0, 0
1789130988581, 362752, 1, 0, 0
1789130989581, 1037120, 0, 0, 0
1789130989581, 444160, 1, 0, 0
1789130990581, 1191424, 0, 0, 0
1789130990581, 497984, 1, 0, 0
1789130991582, 1225472, 0, 0, 0
1789130991582, 527808, 1, 0, 0
1789130992582, 1228864, 0, 0, 0
1789130992582, 522368, 1, 0, 0
1789130993582, 1165248, 0, 0, 0
1789130993582, 497408, 1, 0, 0
1789130994582, 1020608, 0, 0, 0
1789130994582, 438848, 1, 0, 0
1789130995582, 1040640, 0, 0, 0
1789130995582, 445632, 1, 0, 0
1789130996582, 1066880, 0, 0, 0
1789130996582, 454336, 1, 0, 0
1789130997582, 1230016, 0, 0, 0
1789130997582, 525056, 1, 0, 0
1789130998583, 1234752, 0, 0, 0
1789130998583, 514048, 1, 0, 0
1789130999583, 1238144, 0, 0, 0
1789130999583, 517376, 1, 0, 0
1789131000583, 1070016, 0, 0, 0
1789131000583, 461632, 1, 0, 0
1789131001583, 1006464, 0, 0, 0
1789131001583, 427136, 1, 0, 0
1789131002583, 987520, 0, 0, 0
1789131002583, 421376, 1, 0, 0
1789131003583, 1162624, 0, 0, 0
1789131003583, 503936, 1, 0, 0
1789131004584, 1230464, 0, 0, 0
1789131004584, 528000, 1, 0, 0
1789131005584, 1227328, 0, 0, 0
1789131005584, 525632, 1, 0, 0
1789131006584, 1232192, 0, 0, 0
1789131006584, 534464, 1, 0, 0
1789131007584, 1124928, 0, 0, 0
1789131007584, 483456, 1, 0, 0
1789131008584, 1008320, 0, 0, 0
1789131008584, 428096, 1, 0, 0
1789131009584, 1099456, 0, 0, 0
1789131009584, 468288, 1, 0, 0
1789131010584, 1003648, 0, 0, 0
1789131010584, 426752, 1, 0, 0
1789131011585, 1239488, 0, 0, 0
1789131011585, 523200, 1, 0, 0
1789131012585, 1226368, 0, 0, 0
1789131012585, 534464, 1, 0, 0
1789131013585, 1242496, 0, 0, 0
1789131013585, 525376, 1, 0, 0
1789131014585, 1091776, 0, 0, 0
1789131014585, 465472, 1, 0, 0
1789131015585, 308544, 0, 0, 0
1789131015585, 132288, 1, 0, 0
1789131016585, 699200, 0, 0, 0
1789131016585, 308160, 1, 0, 0
1789131017585, 868032, 0, 0, 0
1789131017585, 375360, 1, 0, 0
1789131018586, 1107072, 0, 0, 0
1789131018586, 478144, 1, 0, 0
1789131019586, 1204224, 0, 0, 0
1789131019586, 516160, 1, 0, 0
1789131020586, 1221120, 0, 0, 0
1789131020586, 524160, 1, 0, 0
1789131021586, 1220608, 0, 0, 0
1789131021586, 526720, 1, 0, 0
1789131022586, 798464, 0, 0, 0
1789131022586, 345024, 1, 0, 0
1789131023586, 173632, 0, 0, 0
1789131023586, 75264, 1, 0, 0
1789131024586, 615680, 0, 0, 0
1789131024586, 268224, 1, 0, 0
1789131025587, 818176, 0, 0, 0
1789131025587, 343104, 1, 0, 0
1789131026587, 1023936, 0, 0, 0
1789131026587, 442432, 1, 0, 0
1789131027587, 1166528, 0, 0, 0
1789131027587, 500544, 1, 0, 0
1789131028587, 1225024, 0, 0, 0
1789131028587, 518016, 1, 0, 0
1789131029587, 1231680, 0, 0, 0
1789131029587, 527744, 1, 0, 0
1789131030587, 1199040, 0, 0, 0
1789131030587, 517184, 1, 0, 0
1789131031588, 128704, 0, 0, 0
1789131031588, 50880, 1, 0, 0
1789131032588, 619520, 0, 0, 0
1789131032588, 265664, 1, 0, 0
1789131033588, 752384, 0, 0, 0
1789131033588, 331008, 1, 0, 0
1789131034588, 926848, 0, 0, 0
1789131034588, 405632, 1, 0, 0
1789131035588, 1072256, 0, 0, 0
1789131035588, 468736, 1, 0, 0
1789131036588, 1144896, 0, 0, 0
1789131036588, 488000, 1, 0, 0
1789131037588, 1212288, 0, 0, 0
1789131037588, 503872, 1, 0, 0
1789131038589, 1212480, 0, 0, 0
1789131038589, 525504, 1, 0, 0
1789131039589, 583232, 0, 0, 0
1789131039589, 242816, 1, 0, 0
1789131040589, 190848, 0, 0, 0
1789131040589, 84352, 1, 0, 0
1789131041589, 650752, 0, 0, 0
1789131041589, 275712, 1, 0, 0
1789131042589, 863296, 0, 0, 0
1789131042589, 378944, 1, 0, 0
1789131043589, 1085184, 0, 0, 0
1789131043589, 463744, 1, 0, 0
1789131044589, 1199872, 0, 0, 0
1789131044589, 515712, 1, 0, 0
1789131045589, 1219200, 0, 0, 0
1789131045589, 533888, 1, 0, 0
1789131046590, 1230464, 0, 0, 0
1789131046590, 526720, 1, 0, 0
1789131047590, 982592, 0, 0, 0
1789131047590, 421760, 1, 0, 0
1789131048590, 180224, 0, 0, 0
1789131048590, 75456, 1, 0, 0
1789131049590, 573248, 0, 0, 0
1789131049590, 250688, 1, 0, 0
1789131050590, 837312, 0, 0, 0
1789131050590, 360960, 1, 0, 0
1789131051590, 1067456, 0, 0, 0
1789131051590, 459968, 1, 0, 0
1789131052591, 1185536, 0, 0, 0
1789131052591, 515584, 1, 0, 0
1789131053591, 1241088, 0, 0, 0
1789131053591, 535616, 1, 0, 0
1789131054591, 1245120, 0, 0, 0
1789131054591, 530240, 1, 0, 0
1789131055591, 1192448, 0, 0, 0
1789131055591, 513664, 1, 0, 0
1789131056591, 986752, 0, 0, 0
1789131056591, 421056, 1, 0, 0
1789131057591, 1009088, 0, 0, 0
1789131057591, 425856, 1, 0, 0
1789131058591, 1157760, 0, 0, 0
1789131058591, 497536, 1, 0, 0
1789131059592, 1250432, 0, 0, 0
1789131059592, 522688, 1, 0, 0
1789131060592, 1223168, 0, 0, 0
1789131060592, 526336, 1, 0, 0
1789131061592, 1224960, 0, 0, 0
1789131061592, 534272, 1, 0, 0
1789131062592, 859264, 0, 0, 0
1789131062592, 374976, 1, 0, 0
1789131063592, 206208, 0, 0, 0
1789131063592, 84928, 1, 0, 0
1789131064592, 645504, 0, 0, 0
1789131064592, 278848, 1, 0, 0
1789131065592, 842688, 0, 0, 0
1789131065592, 356736, 1, 0, 0
1789131066593, 1060224, 0, 0, 0
1789131066593, 452928, 1, 0, 0
1789131067593, 1196032, 0, 0, 0
1789131067593, 503936, 1, 0, 0
1789131068593, 1240576, 0, 0, 0
1789131068593, 536512, 1, 0, 0
1789131069593, 1246912, 0, 0, 0
1789131069593, 532544, 1, 0, 0
1789131070593, 1246400, 0, 0, 0
1789131070593, 525440, 1, 0, 0
1789131071593, 194624, 0, 0, 0
1789131071593, 84096, 1, 0, 0
1789131072593, 393664, 0, 0, 0
1789131072593, 165568, 1, 0, 0
1789131073594, 723264, 0, 0, 0
1789131073594, 304448, 1, 0, 0
1789131074594, 949312, 0, 0, 0
1789131074594, 401792, 1, 0, 0
1789131075594, 1129280, 0, 0, 0
1789131075594, 491200, 1, 0, 0
1789131076594, 1213248, 0, 0, 0
1789131076594, 521088, 1, 0, 0
1789131077594, 1233856, 0, 0, 0
1789131077594, 526528, 1, 0, 0
1789131078594, 1234368, 0, 0, 0
1789131078594, 527680, 1, 0, 0
1789131079594, 1039808, 0, 0, 0
1789131079594, 434752, 1, 0, 0
1789131080595, 636352, 0, 0, 0
1789131080595, 267456, 1, 0, 0
1789131081595, 1055808, 0, 0, 0
1789131081595, 441984, 1, 0, 0
1789131082595, 1066240, 0, 0, 0
1789131082595, 449792, 1, 0, 0
1789131083595, 1219840, 0, 0, 0
1789131083595, 529024, 1, 0, 0
1789131084595, 1231936, 0, 0, 0
1789131084595, 528064, 1, 0, 0
1789131085596, 1233088, 0, 0, 0
1789131085596, 524224, 1, 0, 0
1789131086596, 1056128, 0, 0, 0
1789131086596, 446656, 1, 0, 0
1789131087596, 36608, 0, 0, 0
1789131087596, 16960, 1, 0, 0
1789131088596, 373760, 0, 0, 0
1789131088596, 160256, 1, 0, 0
1789131089596, 728512, 0, 0, 0
1789131089596, 307328, 1, 0, 0
1789131090596, 824768, 0, 0, 0
1789131090596, 364544, 1, 0, 0
1789131091596, 1042304, 0, 0, 0
1789131091596, 446400, 1, 0, 0
1789131092597, 1168640, 0, 0, 0
1789131092597, 514112, 1, 0, 0
1789131093597, 1237184, 0, 0, 0
1789131093597, 534784, 1, 0, 0
1789131094597, 1242112, 0, 0, 0
1789131094597, 537536, 1, 0, 0
1789131095597, 1031872, 0, 0, 0
1789131095597, 428544, 1, 0, 0
1789131096597, 984448, 0, 0, 0
1789131096597, 427008, 1, 0, 0
1789131097597, 1008640, 0, 0, 0
1789131097597, 427264, 1, 0, 0
1789131098598, 1240640, 0, 0, 0
1789131098598, 532288, 1, 0, 0
1789131099598, 1249024, 0, 0, 0
1789131099598, 528064, 1, 0, 0
1789131100598, 1248640, 0, 0, 0
1789131100598, 532992, 1, 0, 0
1789131101598, 1239104, 0, 0, 0
1789131101598, 534272, 1, 0, 0
1789131102598, 411200, 0, 0, 0
1789131102598, 173568, 1, 0, 0
1789131103598, 553920, 0, 0, 0
1789131103598, 237440, 1, 0, 0
1789131104598, 691456, 0, 0, 0
1789131104598, 299840, 1, 0, 0
1789131105598, 969408, 0, 0, 0
1789131105598, 420480, 1, 0, 0
1789131106598, 1180736, 0, 0, 0
1789131106598, 510784, 1, 0, 0
1789131107599, 1238336, 0, 0, 0
1789131107599, 523072, 1, 0, 0
1789131108599, 1232000, 0, 0, 0
1789131108599, 532800, 1, 0, 0
1789131109599, 1238528, 0, 0, 0
1789131109599, 524416, 1, 0, 0
1789131110599, 814848, 0, 0, 0
1789131110599, 335808, 1, 0, 0
1789131111599, 444672, 0, 0, 0
1789131111599, 188608, 1, 0, 0
1789131112599, 670720, 0, 0, 0
1789131112599, 290560, 1, 0, 0
1789131113599, 848704, 0, 0, 0
1789131113599, 360960, 1, 0, 0
1789131114599, 1103616, 0, 0, 0
1789131114599, 465728, 1, 0, 0
1789131115600, 1220800, 0, 0, 0
1789131115600, 515008, 1, 0, 0
1789131116600, 1241280, 0, 0, 0
1789131116600, 527296, 1, 0, 0
1789131117600, 1236608, 0, 0, 0
1789131117600, 524736, 1, 0, 0
1789131118600, 848064, 0, 0, 0
1789131118600, 351168, 1, 0, 0
1789131119600, 168192, 0, 0, 0
1789131119600, 70272, 1, 0, 0
1789131120600, 677184, 0, 0, 0
1789131120600, 294400, 1, 0, 0
1789131121600, 850304, 0, 0, 0
1789131121600, 360640, 1, 0, 0
1789131122600, 952128, 0, 0, 0
1789131122600, 411008, 1, 0, 0
1789131123601, 1124928, 0, 0, 0
1789131123601, 483392, 1, 0, 0
1789131124601, 1202752, 0, 0, 0
1789131124601, 527552, 1, 0, 0
1789131125601, 1245568, 0, 0, 0
1789131125601, 528512, 1, 0, 0
1789131126601, 1041728, 0, 0, 0
1789131126601, 444736, 1, 0, 0
1789131127601, 100864, 0, 0, 0
1789131127601, 42368, 1, 0, 0
1789131128601, 319552, 0, 0, 0
1789131128601, 144448, 1, 0, 0
1789131129601, 707776, 0, 0, 0
1789131129601, 301440, 1, 0, 0
1789131130602, 868864, 0, 0, 0
1789131130602, 364224, 1, 0, 0
1789131131602, 1072256, 0, 0, 0
1789131131602, 455872, 1, 0, 0
1789131132602, 1166272, 0, 0, 0
1789131132602, 497152, 1, 0, 0
1789131133602, 1230016, 0, 0, 0
1789131133602, 535552, 1, 0, 0
1789131134602, 1235520, 0, 0, 0
1789131134602, 533056, 1, 0, 0
1789131135602, 622016, 0, 0, 0
1789131135602, 265984, 1, 0, 0
1789131136602, 88960, 0, 0, 0
1789131136602, 37952, 1, 0, 0
1789131137603, 394752, 0, 0, 0
1789131137603, 169792, 1, 0, 0
1789131138603, 728192, 0, 0, 0
1789131138603, 309440, 1, 0, 0
1789131139603, 882944, 0, 0, 0
1789131139603, 391744, 1, 0, 0
1789131140603, 1101504, 0, 0, 0
1789131140603, 456384, 1, 0, 0
1789131141604, 1218944, 0, 0, 0
1789131141604, 520768, 1, 0, 0
1789131142604, 1248384, 0, 0, 0
1789131142604, 533952, 1, 0, 0
1789131143604, 1235392, 0, 0, 0
1789131143604, 531840, 1, 0, 0
1789131144604, 1077312, 0, 0, 0
1789131144604, 468544, 1, 0, 0
1789131145604, 941440, 0, 0, 0
1789131145604, 393536, 1, 0, 0
1789131146604, 1000448, 0, 0, 0
1789131146604, 435008, 1, 0, 0
1789131147604, 1221824, 0, 0, 0
1789131147604, 521152, 1, 0, 0
1789131148605, 1229760, 0, 0, 0
1789131148605, 532224, 1, 0, 0
1789131149605, 1235968, 0, 0, 0
1789131149605, 537280, 1, 0, 0
1789131150605, 1244096, 0, 0, 0
1789131150605, 530944, 1, 0, 0
1789131151605, 933312, 0, 0, 0
1789131151605, 404800, 1, 0, 0
1789131152605, 254784, 0, 0, 0
1789131152605, 109568, 1, 0, 0
1789131153605, 684928, 0, 0, 0
1789131153605, 295168, 1, 0, 0
1789131154605, 937536, 0, 0, 0
1789131154605, 410176, 1, 0, 0
1789131155606, 1153728, 0, 0, 0
1789131155606, 500288, 1, 0, 0
1789131156606, 1229504, 0, 0, 0
1789131156606, 531392, 1, 0, 0
1789131157606, 1242688, 0, 0, 0
1789131157606, 528064, 1, 0, 0
1789131158606, 1244288, 0, 0, 0
1789131158606, 537280, 1, 0, 0
1789131159606, 569856, 0, 0, 0
1789131159606, 241152, 1, 0, 0
1789131160606, 468544, 0, 0, 0
1789131160606, 202048, 1, 0, 0
1789131161606, 649344, 0, 0, 0
1789131161606, 278912, 1, 0, 0
1789131162607, 861312, 0, 0, 0
1789131162607, 375552, 1, 0, 0
1789131163607, 1064960, 0, 0, 0
1789131163607, 461760, 1, 0, 0
1789131164607, 1171200, 0, 0, 0
1789131164607, 506496, 1, 0, 0
1789131165607, 1198784, 0, 0, 0
1789131165607, 511616, 1, 0, 0
1789131166607, 1218880, 0, 0, 0
1789131166607, 526912, 1, 0, 0
1789131167607, 826880, 0, 0, 0
1789131167607, 351488, 1, 0, 0
1789131168607, 189376, 0, 0, 0
1789131168607, 82816, 1, 0, 0
1789131169608, 662592, 0, 0, 0
1789131169608, 279104, 1, 0, 0
1789131170608, 854592, 0, 0, 0
1789131170608, 357632, 1, 0, 0
1789131171608, 1074688, 0, 0, 0
1789131171608, 451392, 1, 0, 0
1789131172608, 1162432, 0, 0, 0
1789131172608, 496512, 1, 0, 0
1789131173608, 1191104, 0, 0, 0
1789131173608, 517824, 1, 0, 0
1789131174608, 1239872, 0, 0, 0
1789131174608, 529344, 1, 0, 0
1789131175609, 1216192, 0, 0, 0
1789131175609, 515200, 1, 0, 0
1789131176609, 307136, 0, 0, 0
1789131176609, 128896, 1, 0, 0
1789131177609, 370752, 0, 0, 0
1789131177609, 162560, 1, 0, 0
1789131178609, 708288, 0, 0, 0
1789131178609, 306304, 1, 0, 0
1789131179609, 807360, 0, 0, 0
1789131179609, 351360, 1, 0, 0
1789131180609, 976832, 0, 0, 0
1789131180609, 411072, 1, 0, 0
1789131181609, 1056960, 0, 0, 0
1789131181609, 460416, 1, 0, 0
1789131182609, 1198656, 0, 0, 0
1789131182609, 509760, 1, 0, 0
1789131183610, 1215296, 0, 0, 0
1789131183610, 524032, 1, 0, 0
1789131184610, 1084416, 0, 0, 0
1789131184610, 464896, 1, 0, 0
1789131185610, 497600, 0, 0, 0
1789131185610, 212864, 1, 0, 0
1789131186610, 851904, 0, 0, 0
1789131186610, 354432, 1, 0, 0
1789131187610, 927808, 0, 0, 0
1789131187610, 382656, 1, 0, 0
1789131188610, 1152832, 0, 0, 0
1789131188610, 494976, 1, 0, 0
1789131189610, 1197248, 0, 0, 0
1789131189610, 511424, 1, 0, 0
1789131190610, 1237632, 0, 0, 0
1789131190610, 534016, 1, 0, 0
1789131191610, 1233536, 0, 0, 0
1789131191610, 530560, 1, 0, 0
1789131192611, 735936, 0, 0, 0
1789131192611, 316288, 1, 0, 0
1789131193611, 558784, 0, 0, 0
1789131193611, 240256, 1, 0, 0
1789131194611, 769152, 0, 0, 0
1789131194611, 323200, 1, 0, 0
1789131195611, 997440, 0, 0, 0
1789131195611, 431168, 1, 0, 0
1789131196611, 1177536, 0, 0, 0
1789131196611, 507072, 1, 0, 0
1789131197611, 1223808, 0, 0, 0
1789131197611, 526592, 1, 0, 0
1789131198611, 1229248, 0, 0, 0
1789131198611, 523776, 1, 0, 0
1789131199612, 1170112, 0, 0, 0
1789131199612, 509440, 1, 0, 0
1789131200612, 445440, 0, 0, 0
1789131200612, 193984, 1, 0, 0
1789131201612, 486720, 0, 0, 0
1789131201612, 208384, 1, 0, 0
1789131202612, 797696, 0, 0, 0
1789131202612, 347584, 1, 0, 0
1789131203612, 1034816, 0, 0, 0
1789131203612, 455872, 1, 0, 0
1789131204612, 1193728, 0, 0, 0
1789131204612, 514944, 1, 0, 0
1789131205612, 1221632, 0, 0, 0
1789131205612, 527616, 1, 0, 0
1789131206613, 1230272, 0, 0, 0
1789131206613, 527680, 1, 0, 0
1789131207613, 1200128, 0, 0, 0
1789131207613, 521216, 1, 0, 0
1789131208613, 867840, 0, 0, 0
1789131208613, 371840, 1, 0, 0
1789131209613, 991296, 0, 0, 0
1789131209613, 430784, 1, 0, 0
1789131210613, 1003904, 0, 0, 0
1789131210613, 425472, 1, 0, 0
1789131211613, 1233536, 0, 0, 0
1789131211613, 518720, 1, 0, 0
1789131212613, 1237568, 0, 0, 0
1789131212613, 533120, 1, 0, 0
1789131213613, 1237376, 0, 0, 0
1789131213613, 534784, 1, 0, 0
1789131214613, 1150144, 0, 0, 0
1789131214613, 492608, 1, 0, 0
1789131215613, 492352, 0, 0, 0
1789131215613, 209280, 1, 0, 0
1789131216614, 643264, 0, 0, 0
1789131216614, 279360, 1, 0, 0
1789131217614, 712640, 0, 0, 0
1789131217614, 303680, 1, 0, 0
1789131218614, 976128, 0, 0, 0
1789131218614, 412736, 1, 0, 0
1789131219614, 1174976, 0, 0, 0
1789131219614, 509888, 1, 0, 0
1789131220614, 1224768, 0, 0, 0
1789131220614, 514944, 1, 0, 0
1789131221614, 1240832, 0, 0, 0
1789131221614, 522048, 1, 0, 0
1789131222614, 1149824, 0, 0, 0
1789131222614, 487104, 1, 0, 0
1789131223614, 945728, 0, 0, 0
1789131223614, 417472, 1, 0, 0
1789131224614, 1070272, 0, 0, 0
1789131224614, 445056, 1, 0, 0
1789131225614, 1013696, 0, 0, 0
1789131225614, 429440, 1, 0, 0
1789131226614, 1228608, 0, 0, 0
1789131226614, 532480, 1, 0, 0
1789131227615, 1230208, 0, 0, 0
1789131227615, 524096, 1, 0, 0
1789131228615, 1241920, 0, 0, 0
1789131228615, 514496, 1, 0, 0
1789131229615, 896384, 0, 0, 0
1789131229615, 384320, 1, 0, 0
1789131230615, 106176, 0, 0, 0
1789131230615, 45760, 1, 0, 0
1789131231615, 487488, 0, 0, 0
1789131231615, 208448, 1, 0, 0
1789131232616, 775104, 0, 0, 0
1789131232616, 331520, 1, 0, 0
1789131233616, 888128, 0, 0, 0
1789131233616, 384640, 1, 0, 0
1789131234616, 1103872, 0, 0, 0
1789131234616, 466752, 1, 0, 0
1789131235616, 1206656, 0, 0, 0
1789131235616, 521600, 1, 0, 0
1789131236616, 1233792, 0, 0, 0
1789131236616, 536256, 1, 0, 0
1789131237616, 1161152, 0, 0, 0
1789131237616, 500480, 1, 0, 0
1789131238616, 275072, 0, 0, 0
1789131238616, 115392, 1, 0, 0
1789131239616, 445568, 0, 0, 0
1789131239616, 194816, 1, 0, 0
1789131240616, 689792, 0, 0, 0
1789131240616, 294080, 1, 0, 0
1789131241616, 933120, 0, 0, 0
1789131241616, 406144, 1, 0, 0
1789131242617, 1149440, 0, 0, 0
1789131242617, 495424, 1, 0, 0
1789131243617, 1223680, 0, 0, 0
1789131243617, 519488, 1, 0, 0
1789131244617, 1239360, 0, 0, 0
1789131244617, 535104, 1, 0, 0
1789131245617, 1247232, 0, 0, 0
1789131245617, 534272, 1, 0, 0
1789131246617, 983040, 0, 0, 0
1789131246617, 427264, 1, 0, 0
1789131247617, 1043904, 0, 0, 0
1789131247617, 447296, 1, 0, 0
1789131248617, 1037888, 0, 0, 0
1789131248617, 462528, 1, 0, 0
1789131249617, 1207040, 0, 0, 0
1789131249617, 523968, 1, 0, 0
1789131250618, 1252800, 0, 0, 0
1789131250618, 525504, 1, 0, 0
1789131251618, 1238656, 0, 0, 0
1789131251618, 530880, 1, 0, 0
1789131252618, 1195904, 0, 0, 0
1789131252618, 514112, 1, 0, 0
1789131253618, 698368, 0, 0, 0
1789131253618, 287424, 1, 0, 0
1789131254618, 972800, 0, 0, 0
1789131254618, 423168, 1, 0, 0
1789131255618, 958784, 0, 0, 0
1789131255618, 409088, 1, 0, 0
1789131256618, 1229120, 0, 0, 0
1789131256618, 528576, 1, 0, 0
1789131257619, 1244864, 0, 0, 0
1789131257619, 533312, 1, 0, 0
1789131258619, 1243136, 0, 0, 0
1789131258619, 529536, 1, 0, 0
1789131259619, 1193728, 0, 0, 0
1789131259619, 502848, 1, 0, 0
1789131260619, 898304, 0, 0, 0
1789131260619, 379328, 1, 0, 0
1789131261619, 1025344, 0, 0, 0
1789131261619, 431168, 1, 0, 0
1789131262620, 1038144, 0, 0, 0
1789131262620, 432640, 1, 0, 0
1789131263620, 1245696, 0, 0, 0
1789131263620, 517440, 1, 0, 0
1789131264620, 1229952, 0, 0, 0
1789131264620, 529216, 1, 0, 0
1789131265620, 1236928, 0, 0, 0
1789131265620, 526144, 1, 0, 0
1789131266620, 1238016, 0, 0, 0
1789131266620, 521728, 1, 0, 0
1789131267620, 449024, 0, 0, 0
1789131267620, 196864, 1, 0, 0
1789131268621, 413632, 0, 0, 0
1789131268621, 179648, 1, 0, 0
1789131269621, 648064, 0, 0, 0
1789131269621, 285248, 1, 0, 0
1789131270621, 929472, 0, 0, 0
1789131270621, 394240, 1, 0, 0
1789131271621, 1139200, 0, 0, 0
1789131271621, 476992, 1, 0, 0
1789131272621, 1223616, 0, 0, 0
1789131272621, 527936, 1, 0, 0
1789131273621, 1238400, 0, 0, 0
1789131273621, 530816, 1, 0, 0
1789131274621, 1240960, 0, 0, 0
1789131274621, 522624, 1, 0, 0
1789131275622, 948416, 0, 0, 0
1789131275622, 404736, 1, 0, 0
1789131276622, 445440, 0, 0, 0
1789131276622, 191552, 1, 0, 0
1789131277622, 793536, 0, 0, 0
1789131277622, 339584, 1, 0, 0
1789131278622, 972992, 0, 0, 0
1789131278622, 414656, 1, 0, 0
1789131279622, 1154624, 0, 0, 0
1789131279622, 501696, 1, 0, 0
1789131280622, 1220992, 0, 0, 0
1789131280622, 525504, 1, 0, 0
1789131281623, 1232768, 0, 0, 0
1789131281623, 531520, 1, 0, 0
1789131282623, 1239424, 0, 0, 0
1789131282623, 524544, 1, 0, 0
1789131283623, 774464, 0, 0, 0
1789131283623, 328000, 1, 0, 0
1789131284623, 210624, 0, 0, 0
1789131284623, 90368, 1, 0, 0
1789131285623, 623168, 0, 0, 0
1789131285623, 268032, 1, 0, 0
1789131286623, 828928, 0, 0, 0
1789131286623, 355648, 1, 0, 0
1789131287624, 1049152, 0, 0, 0
1789131287624, 458048, 1, 0, 0
1789131288624, 1212608, 0, 0, 0
1789131288624, 507520, 1, 0, 0
1789131289624, 1233920, 0, 0, 0
1789131289624, 535808, 1, 0, 0
1789131290624, 1234048, 0, 0, 0
1789131290624, 545920, 1, 0, 0
1789131291624, 1186752, 0, 0, 0
1789131291624, 508736, 1, 0, 0
1789131292625, 897216, 0, 0, 0
1789131292625, 382784, 1, 0, 0
1789131293625, 1013248, 0, 0, 0
1789131293625, 437952, 1, 0, 0
1789131294625, 1099776, 0, 0, 0
1789131294625, 477760, 1, 0, 0
1789131295625, 1241856, 0, 0, 0
1789131295625, 530112, 1, 0, 0
1789131296625, 1247424, 0, 0, 0
1789131296625, 531776, 1, 0, 0
1789131297625, 1228288, 0, 0, 0
1789131297625, 539648, 1, 0, 0
1789131298626, 1230208, 0, 0, 0
1789131298626, 533696, 1, 0, 0
1789131299626, 491392, 0, 0, 0
1789131299626, 208320, 1, 0, 0
1789131300626, 394176, 0, 0, 0
1789131300626, 166144, 1, 0, 0
1789131301626, 640192, 0, 0, 0
1789131301626, 267136, 1, 0, 0
1789131302626, 857024, 0, 0, 0
1789131302626, 367616, 1, 0, 0
1789131303626, 1088832, 0, 0, 0
1789131303626, 458688, 1, 0, 0
1789131304626, 1208192, 0, 0, 0
1789131304626, 524160, 1, 0, 0
1789131305627, 1235264, 0, 0, 0
1789131305627, 513856, 1, 0, 0
1789131306627, 1221056, 0, 0, 0
1789131306627, 525632, 1, 0, 0
1789131307627, 1105088, 0, 0, 0
1789131307627, 473088, 1, 0, 0
1789131308627, 596224, 0, 0, 0
1789131308627, 253120, 1, 0, 0
1789131309627, 1145216, 0, 0, 0
1789131309627, 483328, 1, 0, 0
1789131310627, 1033856, 0, 0, 0
1789131310627, 444864, 1, 0, 0
1789131311627, 1230976, 0, 0, 0
1789131311627, 520960, 1, 0, 0
1789131312628, 1226432, 0, 0, 0
1789131312628, 530368, 1, 0, 0
1789131313628, 1232448, 0, 0, 0
1789131313628, 530432, 1, 0, 0
1789131314628, 1235328, 0, 0, 0
1789131314628, 533952, 1, 0, 0
1789131315628, 396352, 0, 0, 0
1789131315628, 163520, 1, 0, 0
1789131316628, 316096, 0, 0, 0
1789131316628, 132800, 1, 0, 0
1789131317628, 719680, 0, 0, 0
1789131317628, 308928, 1, 0, 0
1789131318628, 881024, 0, 0, 0
1789131318628, 381056, 1, 0, 0
1789131319629, 963840, 0, 0, 0
1789131319629, 418112, 1, 0, 0
1789131320629, 1133824, 0, 0, 0
1789131320629, 477376, 1, 0, 0
1789131321629, 1215168, 0, 0, 0
1789131321629, 524544, 1, 0, 0
1789131322629, 1242816, 0, 0, 0
1789131322629, 540416, 1, 0, 0
1789131323629, 1036992, 0, 0, 0
1789131323629, 440000, 1, 0, 0
1789131324630, 398208, 0, 0, 0
1789131324630, 171712, 1, 0, 0
1789131325630, 755648, 0, 0, 0
1789131325630, 324864, 1, 0, 0
1789131326630, 929664, 0, 0, 0
1789131326630, 397504, 1, 0, 0
1789131327630, 1129024, 0, 0, 0
1789131327630, 485888, 1, 0, 0
1789131328630, 1208128, 0, 0, 0
1789131328630, 515712, 1, 0, 0
1789131329630, 1232448, 0, 0, 0
1789131329630, 523648, 1, 0, 0
1789131330630, 1235136, 0, 0, 0
1789131330630, 528448, 1, 0, 0
1789131331630, 867456, 0, 0, 0
1789131331630, 361920, 1, 0, 0
1789131332630, 269568, 0, 0, 0
1789131332630, 119232, 1, 0, 0
1789131333630, 580352, 0, 0, 0
1789131333630, 254656, 1, 0, 0
1789131334630, 751488, 0, 0, 0
1789131334630, 324864, 1, 0, 0
1789131335631, 1008256, 0, 0, 0
1789131335631, 426752, 1, 0, 0
1789131336631, 1177856, 0, 0, 0
1789131336631, 508480, 1, 0, 0
1789131337631, 1226752, 0, 0, 0
1789131337631, 531648, 1, 0, 0
1789131338631, 1240512, 0, 0, 0
1789131338631, 518016, 1, 0, 0
1789131339631, 1206592, 0, 0, 0
1789131339631, 510592, 1, 0, 0
1789131340631, 266304, 0, 0, 0
1789131340631, 115584, 1, 0, 0
1789131341631, 761280, 0, 0, 0
1789131341631, 325312, 1, 0, 0
1789131342631, 835840, 0, 0, 0
1789131342631, 352192, 1, 0, 0
1789131343631, 989120, 0, 0, 0
1789131343631, 426880, 1, 0, 0
1789131344631, 1168704, 0, 0, 0
1789131344631, 504960, 1, 0, 0
1789131345632, 1225856, 0, 0, 0
1789131345632, 524928, 1, 0, 0
1789131346632, 1221888, 0, 0, 0
1789131346632, 532032, 1, 0, 0
1789131347632, 1225792, 0, 0, 0
1789131347632, 532416, 1, 0, 0
1789131348632, 840000, 0, 0, 0
1789131348632, 351488, 1, 0, 0
1789131349632, 136832, 0, 0, 0
1789131349632, 63104, 1, 0, 0
1789131350632, 639296, 0, 0, 0
1789131350632, 269824, 1, 0, 0
1789131351632, 803264, 0, 0, 0
1789131351632, 348416, 1, 0, 0
1789131352632, 906048, 0, 0, 0
1789131352632, 384640, 1, 0, 0
1789131353632, 1075136, 0, 0, 0
1789131353632, 459584, 1, 0, 0
1789131354633, 1182784, 0, 0, 0
1789131354633, 506176, 1, 0, 0
1789131355633, 1233728, 0, 0, 0
1789131355633, 530432, 1, 0, 0
1789131356633, 1175936, 0, 0, 0
1789131356633, 498688, 1, 0, 0
1789131357633, 333824, 0, 0, 0
1789131357633, 142784, 1, 0, 0
1789131358633, 267008, 0, 0, 0
1789131358633, 113280, 1, 0, 0
1789131359633, 710720, 0, 0, 0
1789131359633, 304512, 1, 0, 0
1789131360633, 863168, 0, 0, 0
1789131360633, 370752, 1, 0, 0
1789131361633, 1064640, 0, 0, 0
1789131361633, 464320, 1, 0, 0
1789131362633, 1210816, 0, 0, 0
1789131362633, 503104, 1, 0, 0
1789131363634, 1227456, 0, 0, 0
1789131363634, 530304, 1, 0, 0
1789131364634, 1221760, 0, 0, 0
1789131364634, 529088, 1, 0, 0
1789131365634, 1081280, 0, 0, 0
1789131365634, 477568, 1, 0, 0
1789131366634, 62080, 0, 0, 0
1789131366634, 28224, 1, 0, 0
1789131367634, 446656, 0, 0, 0
1789131367634, 191936, 1, 0, 0
1789131368634, 691264, 0, 0, 0
1789131368634, 299712, 1, 0, 0
1789131369634, 856384, 0, 0, 0
1789131369634, 362944, 1, 0, 0
1789131370634, 1093504, 0, 0, 0
1789131370634, 464832, 1, 0, 0
1789131371635, 1213888, 0, 0, 0
1789131371635, 512128, 1, 0, 0
1789131372635, 1201920, 0, 0, 0
1789131372635, 513664, 1, 0, 0
1789131373635, 1237440, 0, 0, 0
1789131373635, 532864, 1, 0, 0
1789131374635, 1064000, 0, 0, 0
1789131374635, 446720, 1, 0, 0
1789131375635, 901568, 0, 0, 0
1789131375635, 389568, 1, 0, 0
1789131376635, 1120000, 0, 0, 0
1789131376635, 479104, 1, 0, 0
1789131377635, 1016640, 0, 0, 0
1789131377635, 429632, 1, 0, 0
1789131378635, 1209728, 0, 0, 0
1789131378635, 531200, 1, 0, 0
1789131379636, 1224832, 0, 0, 0
1789131379636, 528064, 1, 0, 0
1789131380636, 1216512, 0, 0, 0
1789131380636, 524736, 1, 0, 0
1789131381636, 1047936, 0, 0, 0
1789131381636, 456960, 1, 0, 0
1789131382636, 190656, 0, 0, 0
1789131382636, 82624, 1, 0, 0
1789131383636, 629120, 0, 0, 0
1789131383636, 280192, 1, 0, 0
1789131384636, 704384, 0, 0, 0
1789131384636, 298816, 1, 0, 0
1789131385636, 999680, 0, 0, 0
1789131385636, 423104, 1, 0, 0
