1789130186663, 559855, 0, 0, 0
1789130186663, 239983, 1, 0, 0
1789130187663, 560128, 0, 0, 0
1789130187663, 240000, 1, 0, 0
1789130188663, 560000, 0, 0, 0
1789130188663, 240064, 1, 0, 0
1789130189663, 560000, 0, 0, 0
1789130189663, 239872, 1, 0, 0
1789130190663, 560256, 0, 0, 0
1789130190663, 240064, 1, 0, 0
1789130191663, 544000, 0, 0, 0
1789130191663, 228416, 1, 0, 0
1789130192663, 576064, 0, 0, 0
1789130192663, 251776, 1, 0, 0
1789130193663, 559936, 0, 0, 0
1789130193663, 240000, 1, 0, 0
1789130194663, 560064, 0, 0, 0
1789130194663, 239936, 1, 0, 0
1789130195664, 560064, 0, 0, 0
1789130195664, 240064, 1, 0, 0
1789130196663, 560176, 0, 0, 0
1789130196663, 239983, 1, 0, 0
1789130197663, 559744, 0, 0, 0
1789130197663, 240000, 1, 0, 0
1789130198663, 560256, 0, 0, 0
1789130198663, 240064, 1, 0, 0
1789130199663, 560128, 0, 0, 0
1789130199663, 239936, 1, 0, 0
1789130200663, 559616, 0, 0, 0
1789130200663, 239744, 1, 0, 0
1789130201663, 529152, 0, 0, 0
1789130201663, 226048, 1, 0, 0
1789130202663, 535744, 0, 0, 0
1789130202663, 235776, 1, 0, 0
1789130203663, 615424, 0, 0, 0
1789130203663, 258560, 1, 0, 0
1789130204663, 560192, 0, 0, 0
1789130204663, 240000, 1, 0, 0
1789130205663, 560000, 0, 0, 0
1789130205663, 240128, 1, 0, 0
1789130206663, 560192, 0, 0, 0
1789130206663, 240000, 1, 0, 0
1789130207664, 559936, 0, 0, 0
1789130207664, 240000, 1, 0, 0
1789130208663, 560176, 0, 0, 0
1789130208663, 239983, 1, 0, 0
1789130209663, 560000, 0, 0, 0
1789130209663, 240000, 1, 0, 0
1789130210663, 559808, 0, 0, 0
1789130210663, 240000, 1, 0, 0
1789130211663, 560064, 0, 0, 0
1789130211663, 239936, 1, 0, 0
1789130212663, 558400, 0, 0, 0
1789130212663, 239232, 1, 0, 0
1789130213663, 477184, 0, 0, 0
1789130213663, 202496, 1, 0, 0
1789130214663, 142272, 0, 0, 0
1789130214663, 59968, 1, 0, 0
1789130235566, 6, 1, 0, 0
1789130236566, 296320, 0, 0, 0
1789130236566, 122496, 1, 0, 0
1789130237567, 343296, 0, 0, 0
1789130237567, 144064, 1, 0, 0
1789130238567, 339200, 0, 0, 0
1789130238567, 145472, 1, 0, 0
1789130239567, 367424, 0, 0, 0
1789130239567, 155072, 1, 0, 0
1789130240567, 383168, 0, 0, 0
1789130240567, 152256, 1, 0, 0
1789130241567, 577600, 0, 0, 0
1789130241567, 252352, 1, 0, 0
1789130242567, 779968, 0, 0, 0
1789130242567, 323264, 1, 0, 0
1789130243567, 827968, 0, 0, 0
1789130243567, 356480, 1, 0, 0
1789130244567, 848512, 0, 0, 0
1789130244567, 363008, 1, 0, 0
1789130245567, 875392, 0, 0, 0
1789130245567, 369408, 1, 0, 0
1789130246568, 876992, 0, 0, 0
1789130246568, 382464, 1, 0, 0
1789130247568, 712576, 0, 0, 0
1789130247568, 306432, 1, 0, 0
1789130248568, 639808, 0, 0, 0
1789130248568, 278400, 1, 0, 0
1789130249568, 739904, 0, 0, 0
1789130249568, 304704, 1, 0, 0
1789130250568, 697472, 0, 0, 0
1789130250568, 294016, 1, 0, 0
1789130251568, 968384, 0, 0, 0
1789130251568, 415744, 1, 0, 0
1789130252568, 982464, 0, 0, 0
1789130252568, 425344, 1, 0, 0
1789130253569, 938688, 0, 0, 0
1789130253569, 399232, 1, 0, 0
1789130254569, 951808, 0, 0, 0
1789130254569, 404160, 1, 0, 0
1789130255569, 959936, 0, 0, 0
1789130255569, 410048, 1, 0, 0
1789130256569, 658688, 0, 0, 0
1789130256569, 280320, 1, 0, 0
1789130257569, 569024, 0, 0, 0
1789130257569, 251136, 1, 0, 0
1789130258569, 664320, 0, 0, 0
1789130258569, 280640, 1, 0, 0
1789130259569, 906176, 0, 0, 0
1789130259569, 377728, 1, 0, 0
1789130260570, 949504, 0, 0, 0
1789130260570, 409664, 1, 0, 0
1789130261570, 953536, 0, 0, 0
1789130261570, 410112, 1, 0, 0
1789130262570, 956544, 0, 0, 0
1789130262570, 411712, 1, 0, 0
1789130263570, 962560, 0, 0, 0
1789130263570, 417728, 1, 0, 0
1789130264570, 984704, 0, 0, 0
1789130264570, 422912, 1, 0, 0
1789130265570, 806080, 0, 0, 0
1789130265570, 339584, 1, 0, 0
1789130266570, 696640, 0, 0, 0
1789130266570, 301952, 1, 0, 0
1789130267570, 711360, 0, 0, 0
1789130267570, 301248, 1, 0, 0
1789130268570, 687808, 0, 0, 0
1789130268570, 298176, 1, 0, 0
1789130269570, 649088, 0, 0, 0
1789130269570, 278080, 1, 0, 0
1789130270570, 891456, 0, 0, 0
1789130270570, 377216, 1, 0, 0
1789130271571, 753536, 0, 0, 0
1789130271571, 317312, 1, 0, 0
1789130272571, 1004608, 0, 0, 0
1789130272571, 425408, 1, 0, 0
1789130273571, 1008000, 0, 0, 0
1789130273571, 423552, 1, 0, 0
1789130274571, 804544, 0, 0, 0
1789130274571, 340096, 1, 0, 0
1789130275571, 718784, 0, 0, 0
1789130275571, 307456, 1, 0, 0
1789130276572, 685312, 0, 0, 0
1789130276572, 294720, 1, 0, 0
1789130277572, 672704, 0, 0, 0
1789130277572, 300480, 1, 0, 0
1789130278572, 784832, 0, 0, 0
1789130278572, 334784, 1, 0, 0
1789130279572, 922880, 0, 0, 0
1789130279572, 393280, 1, 0, 0
1789130280572, 832896, 0, 0, 0
1789130280572, 357632, 1, 0, 0
1789130281572, 1090048, 0, 0, 0
1789130281572, 470400, 1, 0, 0
1789130282572, 1103552, 0, 0, 0
1789130282572, 476480, 1, 0, 0
1789130283573, 687808, 0, 0, 0
1789130283573, 296768, 1, 0, 0
1789130284573, 731712, 0, 0, 0
1789130284573, 306880, 1, 0, 0
1789130285573, 729152, 0, 0, 0
1789130285573, 325824, 1, 0, 0
1789130286573, 846656, 0, 0, 0
1789130286573, 374912, 1, 0, 0
1789130287573, 1107968, 0, 0, 0
1789130287573, 477312, 1, 0, 0
1789130288573, 1033984, 0, 0, 0
1789130288573, 440768, 1, 0, 0
1789130289573, 778624, 0, 0, 0
1789130289573, 370048, 1, 0, 0
1789130290574, 560192, 0, 0, 0
1789130290574, 240128, 1, 0, 0
1789130291574, 560064, 0, 0, 0
1789130291574, 240000, 1, 0, 0
1789130292574, 558848, 0, 0, 0
1789130292574, 239680, 1, 0, 0
1789130293574, 560960, 0, 0, 0
1789130293574, 240256, 1, 0, 0
1789130294574, 539840, 0, 0, 0
1789130294574, 230912, 1, 0, 0
1789130295574, 580416, 0, 0, 0
1789130295574, 249152, 1, 0, 0
1789130296574, 559936, 0, 0, 0
1789130296574, 240000, 1, 0, 0
1789130297574, 560128, 0, 0, 0
1789130297574, 240064, 1, 0, 0
1789130298574, 559808, 0, 0, 0
1789130298574, 239872, 1, 0, 0
1789130299574, 560512, 0, 0, 0
1789130299574, 240128, 1, 0, 0
1789130300574, 560000, 0, 0, 0
1789130300574, 240064, 1, 0, 0
1789130301574, 559744, 0, 0, 0
1789130301574, 239872, 1, 0, 0
1789130302575, 560192, 0, 0, 0
1789130302575, 240064, 1, 0, 0
1789130303575, 560000, 0, 0, 0
1789130303575, 240000, 1, 0, 0
1789130304575, 560000, 0, 0, 0
1789130304575, 240064, 1, 0, 0
1789130305575, 558336, 0, 0, 0
1789130305575, 239040, 1, 0, 0
1789130306576, 562176, 0, 0, 0
1789130306576, 241216, 1, 0, 0
1789130307576, 559552, 0, 0, 0
1789130307576, 239872, 1, 0, 0
1789130308576, 560448, 0, 0, 0
1789130308576, 240128, 1, 0, 0
1789130309576, 560320, 0, 0, 0
1789130309576, 240128, 1, 0, 0
1789130310576, 560128, 0, 0, 0
1789130310576, 240064, 1, 0, 0
1789130311576, 559872, 0, 0, 0
1789130311576, 239936, 1, 0, 0
1789130312576, 560064, 0, 0, 0
1789130312576, 240000, 1, 0, 0
1789130313576, 559936, 0, 0, 0
1789130313576, 240000, 1, 0, 0
1789130314576, 560256, 0, 0, 0
1789130314576, 240064, 1, 0, 0
1789130315576, 559488, 0, 0, 0
1789130315576, 239808, 1, 0, 0
1789130316576, 560320, 0, 0, 0
1789130316576, 240128, 1, 0, 0
1789130317576, 559744, 0, 0, 0
1789130317576, 239808, 1, 0, 0
1789130318577, 560640, 0, 0, 0
1789130318577, 240320, 1, 0, 0
1789130319577, 558464, 0, 0, 0
1789130319577, 239232, 1, 0, 0
1789130320577, 561088, 0, 0, 0
1789130320577, 240704, 1, 0, 0
1789130321577, 560192, 0, 0, 0
1789130321577, 240000, 1, 0, 0
1789130322577, 560256, 0, 0, 0
1789130322577, 240128, 1, 0, 0
1789130323577, 559872, 0, 0, 0
1789130323577, 239936, 1, 0, 0
1789130324577, 560256, 0, 0, 0
1789130324577, 240064, 1, 0, 0
1789130325577, 560000, 0, 0, 0
1789130325577, 240000, 1, 0, 0
1789130326577, 559872, 0, 0, 0
1789130326577, 240000, 1, 0, 0
1789130327577, 560000, 0, 0, 0
1789130327577, 240000, 1, 0, 0
1789130328577, 560128, 0, 0, 0
1789130328577, 239936, 1, 0, 0
1789130329577, 560192, 0, 0, 0
1789130329577, 240256, 1, 0, 0
1789130330577, 560064, 0, 0, 0
1789130330577, 239936, 1, 0, 0
1789130331577, 555456, 0, 0, 0
1789130331577, 237696, 1, 0, 0
1789130332578, 564736, 0, 0, 0
1789130332578, 242304, 1, 0, 0
1789130333578, 517696, 0, 0, 0
1789130333578, 220416, 1, 0, 0
1789130334578, 602240, 0, 0, 0
1789130334578, 259648, 1, 0, 0
1789130335578, 559936, 0, 0, 0
1789130335578, 240000, 1, 0, 0
1789130336578, 560384, 0, 0, 0
1789130336578, 240192, 1, 0, 0
1789130337578, 560128, 0, 0, 0
1789130337578, 240000, 1, 0, 0
1789130338579, 560000, 0, 0, 0
1789130338579, 240128, 1, 0, 0
1789130339579, 560000, 0, 0, 0
1789130339579, 239936, 1, 0, 0
1789130340579, 560320, 0, 0, 0
1789130340579, 240000, 1, 0, 0
1789130341579, 559744, 0, 0, 0
1789130341579, 240000, 1, 0, 0
1789130342579, 560128, 0, 0, 0
1789130342579, 240064, 1, 0, 0
1789130343579, 559296, 0, 0, 0
1789130343579, 239680, 1, 0, 0
1789130344579, 560768, 0, 0, 0
1789130344579, 240256, 1, 0, 0
1789130345579, 560192, 0, 0, 0
1789130345579, 240192, 1, 0, 0
1789130346579, 559936, 0, 0, 0
1789130346579, 239936, 1, 0, 0
1789130347579, 560256, 0, 0, 0
1789130347579, 240000, 1, 0, 0
1789130348579, 559936, 0, 0, 0
1789130348579, 240064, 1, 0, 0
1789130349579, 559936, 0, 0, 0
1789130349579, 240064, 1, 0, 0
1789130350580, 560128, 0, 0, 0
1789130350580, 239872, 1, 0, 0
1789130351580, 559872, 0, 0, 0
1789130351580, 240064, 1, 0, 0
1789130352580, 560192, 0, 0, 0
1789130352580, 240064, 1, 0, 0
1789130353580, 560064, 0, 0, 0
1789130353580, 240000, 1, 0, 0
1789130354580, 560192, 0, 0, 0
1789130354580, 240128, 1, 0, 0
1789130355580, 559872, 0, 0, 0
1789130355580, 239936, 1, 0, 0
1789130356580, 559616, 0, 0, 0
1789130356580, 239872, 1, 0, 0
1789130357580, 559808, 0, 0, 0
1789130357580, 239872, 1, 0, 0
1789130358580, 560832, 0, 0, 0
1789130358580, 240384, 1, 0, 0
1789130359580, 560064, 0, 0, 0
1789130359580, 239936, 1, 0, 0
1789130360580, 559936, 0, 0, 0
1789130360580, 240064, 1, 0, 0
1789130361581, 560192, 0, 0, 0
1789130361581, 239936, 1, 0, 0
1789130362581, 560000, 0, 0, 0
1789130362581, 240128, 1, 0, 0
1789130363581, 559872, 0, 0, 0
1789130363581, 239936, 1, 0, 0
1789130364581, 560256, 0, 0, 0
1789130364581, 240128, 1, 0, 0
1789130365581, 560192, 0, 0, 0
1789130365581, 240000, 1, 0, 0
1789130366582, 560320, 0, 0, 0
1789130366582, 240192, 1, 0, 0
1789130367582, 560128, 0, 0, 0
1789130367582, 240064, 1, 0, 0
1789130368582, 560064, 0, 0, 0
1789130368582, 240000, 1, 0, 0
1789130369582, 504512, 0, 0, 0
1789130369582, 214272, 1, 0, 0
1789130370582, 588096, 0, 0, 0
1789130370582, 254592, 1, 0, 0
1789130371582, 587456, 0, 0, 0
1789130371582, 251200, 1, 0, 0
1789130372583, 560128, 0, 0, 0
1789130372583, 240064, 1, 0, 0
1789130373583, 560128, 0, 0, 0
1789130373583, 240064, 1, 0, 0
1789130374583, 560192, 0, 0, 0
1789130374583, 240000, 1, 0, 0
1789130375583, 559936, 0, 0, 0
1789130375583, 240000, 1, 0, 0
1789130376583, 560192, 0, 0, 0
1789130376583, 240128, 1, 0, 0
1789130377583, 560000, 0, 0, 0
1789130377583, 240000, 1, 0, 0
1789130378583, 560128, 0, 0, 0
1789130378583, 240064, 1, 0, 0
1789130379583, 559936, 0, 0, 0
1789130379583, 239936, 1, 0, 0
1789130380583, 560128, 0, 0, 0
1789130380583, 240000, 1, 0, 0
1789130381584, 559552, 0, 0, 0
1789130381584, 239744, 1, 0, 0
1789130382584, 560512, 0, 0, 0
1789130382584, 240192, 1, 0, 0
1789130383584, 560000, 0, 0, 0
1789130383584, 240192, 1, 0, 0
1789130384584, 560128, 0, 0, 0
1789130384584, 239936, 1, 0, 0
1789130385584, 559872, 0, 0, 0
1789130385584, 239872, 1, 0, 0
1789130386584, 560192, 0, 0, 0
1789130386584, 240256, 1, 0, 0
1789130387584, 560000, 0, 0, 0
1789130387584, 239936, 1, 0, 0
1789130388584, 560192, 0, 0, 0
1789130388584, 240128, 1, 0, 0
1789130389584, 560128, 0, 0, 0
1789130389584, 240064, 1, 0, 0
1789130390584, 559936, 0, 0, 0
1789130390584, 240064, 1, 0, 0
1789130391585, 560256, 0, 0, 0
1789130391585, 239872, 1, 0, 0
1789130392585, 559872, 0, 0, 0
1789130392585, 240064, 1, 0, 0
1789130393585, 560128, 0, 0, 0
1789130393585, 240064, 1, 0, 0
1789130394585, 560128, 0, 0, 0
1789130394585, 239936, 1, 0, 0
1789130395585, 488576, 0, 0, 0
1789130395585, 209792, 1, 0, 0
1789130396586, 631872, 0, 0, 0
1789130396586, 270592, 1, 0, 0
1789130397586, 560064, 0, 0, 0
1789130397586, 240000, 1, 0, 0
1789130398586, 560000, 0, 0, 0
1789130398586, 240000, 1, 0, 0
1789130399587, 283520, 0, 0, 0
1789130399587, 121344, 1, 0, 0
1789130841563, 4798, 0, 0, 0
1789130841563, 2066, 1, 0, 0
1789130842564, 668672, 0, 0, 0
1789130842564, 292352, 1, 0, 0
1789130843564, 764864, 0, 0, 0
1789130843564, 323520, 1, 0, 0
1789130844564, 805760, 0, 0, 0
1789130844564, 342528, 1, 0, 0
1789130845564, 835200, 0, 0, 0
1789130845564, 361920, 1, 0, 0
1789130846564, 816320, 0, 0, 0
1789130846564, 350784, 1, 0, 0
1789130847564, 733888, 0, 0, 0
1789130847564, 304512, 1, 0, 0
1789130848565, 703296, 0, 0, 0
1789130848565, 302848, 1, 0, 0
1789130849565, 707904, 0, 0, 0
1789130849565, 301952, 1, 0, 0
1789130850565, 575040, 0, 0, 0
1789130850565, 240384, 1, 0, 0
1789130851565, 606016, 0, 0, 0
1789130851565, 258560, 1, 0, 0
1789130852565, 803264, 0, 0, 0
1789130852565, 337280, 1, 0, 0
1789130853565, 897280, 0, 0, 0
1789130853565, 382848, 1, 0, 0
1789130854565, 916160, 0, 0, 0
1789130854565, 398912, 1, 0, 0
1789130855565, 926144, 0, 0, 0
1789130855565, 393216, 1, 0, 0
1789130856565, 721216, 0, 0, 0
1789130856565, 318464, 1, 0, 0
1789130857565, 571136, 0, 0, 0
1789130857565, 241920, 1, 0, 0
1789130858565, 707200, 0, 0, 0
1789130858565, 295296, 1, 0, 0
1789130859565, 689728, 0, 0, 0
1789130859565, 289472, 1, 0, 0
1789130860566, 869632, 0, 0, 0
1789130860566, 368704, 1, 0, 0
1789130861566, 868800, 0, 0, 0
1789130861566, 371136, 1, 0, 0
1789130862566, 866176, 0, 0, 0
1789130862566, 375680, 1, 0, 0
1789130863566, 866880, 0, 0, 0
1789130863566, 360064, 1, 0, 0
1789130864566, 872576, 0, 0, 0
1789130864566, 368448, 1, 0, 0
1789130865566, 874304, 0, 0, 0
1789130865566, 366976, 1, 0, 0
1789130866566, 668160, 0, 0, 0
1789130866566, 284672, 1, 0, 0
1789130867566, 618624, 0, 0, 0
1789130867566, 257472, 1, 0, 0
1789130868566, 639424, 0, 0, 0
1789130868566, 276672, 1, 0, 0
1789130869566, 575872, 0, 0, 0
1789130869566, 243712, 1, 0, 0
1789130870566, 930688, 0, 0, 0
1789130870566, 396544, 1, 0, 0
1789130871567, 909888, 0, 0, 0
1789130871567, 385792, 1, 0, 0
1789130872567, 874304, 0, 0, 0
1789130872567, 369664, 1, 0, 0
1789130873567, 886272, 0, 0, 0
1789130873567, 383040, 1, 0, 0
1789130874567, 888448, 0, 0, 0
1789130874567, 382912, 1, 0, 0
1789130875567, 861376, 0, 0, 0
1789130875567, 378560, 1, 0, 0
1789130876567, 556928, 0, 0, 0
1789130876567, 236480, 1, 0, 0
1789130877567, 227008, 0, 0, 0
1789130877567, 100416, 1, 0, 0
1789130878567, 242048, 0, 0, 0
1789130878567, 105408, 1, 0, 0
1789130879567, 399808, 0, 0, 0
1789130879567, 172288, 1, 0, 0
1789130880567, 501376, 0, 0, 0
1789130880567, 220096, 1, 0, 0
1789130881567, 571968, 0, 0, 0
1789130881567, 249344, 1, 0, 0
1789130882567, 808320, 0, 0, 0
1789130882567, 337792, 1, 0, 0
1789130883568, 931776, 0, 0, 0
1789130883568, 388480, 1, 0, 0
1789130884568, 943104, 0, 0, 0
1789130884568, 402368, 1, 0, 0
1789130885568, 956352, 0, 0, 0
1789130885568, 416256, 1, 0, 0
1789130886568, 972480, 0, 0, 0
1789130886568, 419392, 1, 0, 0
1789130887568, 816704, 0, 0, 0
1789130887568, 346176, 1, 0, 0
1789130888568, 113856, 0, 0, 0
1789130888568, 48128, 1, 0, 0
1789130889568, 167808, 0, 0, 0
1789130889568, 76096, 1, 0, 0
1789130890568, 207616, 0, 0, 0
1789130890568, 91456, 1, 0, 0
1789130891568, 246592, 0, 0, 0
1789130891568, 109056, 1, 0, 0
1789130892567, 405205, 0, 0, 0
1789130892567, 168232, 1, 0, 0
1789130893567, 634880, 0, 0, 0
1789130893567, 269312, 1, 0, 0
1789130894567, 798976, 0, 0, 0
1789130894567, 338368, 1, 0, 0
1789130895568, 915584, 0, 0, 0
1789130895568, 390720, 1, 0, 0
1789130896568, 963072, 0, 0, 0
1789130896568, 409920, 1, 0, 0
1789130897568, 977216, 0, 0, 0
1789130897568, 418176, 1, 0, 0
1789130898568, 989056, 0, 0, 0
1789130898568, 419136, 1, 0, 0
1789130899568, 995264, 0, 0, 0
1789130899568, 417408, 1, 0, 0
1789130900567, 454406, 0, 0, 0
1789130900567, 186618, 1, 0, 0
1789130901571, 110325, 0, 0, 0
1789130901571, 47409, 1, 0, 0
1789130902571, 278720, 0, 0, 0
1789130902571, 125184, 1, 0, 0
1789130903571, 344960, 0, 0, 0
1789130903571, 149568, 1, 0, 0
1789130904571, 314496, 0, 0, 0
1789130904571, 130752, 1, 0, 0
1789130905571, 666944, 0, 0, 0
1789130905571, 291648, 1, 0, 0
1789130906571, 642304, 0, 0, 0
1789130906571, 278976, 1, 0, 0
1789130907571, 888768, 0, 0, 0
1789130907571, 383232, 1, 0, 0
1789130908571, 998912, 0, 0, 0
1789130908571, 424896, 1, 0, 0
1789130909571, 1034176, 0, 0, 0
1789130909571, 449344, 1, 0, 0
1789130910572, 1039040, 0, 0, 0
1789130910572, 439744, 1, 0, 0
1789130911572, 1022144, 0, 0, 0
1789130911572, 440640, 1, 0, 0
1789130912572, 630016, 0, 0, 0
1789130912572, 274560, 1, 0, 0
1789130913572, 824320, 0, 0, 0
1789130913572, 351168, 1, 0, 0
1789130914572, 846720, 0, 0, 0
1789130914572, 372480, 1, 0, 0
1789130915572, 804096, 0, 0, 0
1789130915572, 338880, 1, 0, 0
1789130916572, 1034048, 0, 0, 0
1789130916572, 441024, 1, 0, 0
1789130917572, 1048192, 0, 0, 0
1789130917572, 451392, 1, 0, 0
1789130918572, 1045632, 0, 0, 0
1789130918572, 456128, 1, 0, 0
1789130919573, 1065280, 0, 0, 0
1789130919573, 452288, 1, 0, 0
1789130920573, 978752, 0, 0, 0
1789130920573, 419136, 1, 0, 0
1789130921573, 620032, 0, 0, 0
1789130921573, 267072, 1, 0, 0
1789130922573, 700736, 0, 0, 0
1789130922573, 290304, 1, 0, 0
1789130923573, 603968, 0, 0, 0
1789130923573, 259520, 1, 0, 0
1789130924573, 1118528, 0, 0, 0
1789130924573, 472192, 1, 0, 0
1789130925573, 1146176, 0, 0, 0
1789130925573, 489152, 1, 0, 0
1789130926573, 1146240, 0, 0, 0
1789130926573, 486592, 1, 0, 0
1789130927573, 1154880, 0, 0, 0
1789130927573, 493760, 1, 0, 0
1789130928573, 1161984, 0, 0, 0
1789130928573, 489280, 1, 0, 0
1789130929573, 307072, 0, 0, 0
1789130929573, 131072, 1, 0, 0
1789130930574, 302336, 0, 0, 0
1789130930574, 129984, 1, 0, 0
1789130931574, 743936, 0, 0, 0
1789130931574, 317376, 1, 0, 0
1789130932574, 941248, 0, 0, 0
1789130932574, 399936, 1, 0, 0
1789130933574, 1082560, 0, 0, 0
1789130933574, 473984, 1, 0, 0
1789130934574, 1153216, 0, 0, 0
1789130934574, 496256, 1, 0, 0
1789130935574, 1163648, 0, 0, 0
1789130935574, 501056, 1, 0, 0
1789130936574, 1167552, 0, 0, 0
1789130936574, 500800, 1, 0, 0
1789130937575, 1159872, 0, 0, 0
1789130937575, 487040, 1, 0, 0
1789130938575, 183680, 0, 0, 0
1789130938575, 80192, 1, 0, 0
1789130939575, 57088, 0, 0, 0
1789130939575, 26112, 1, 0, 0
1789130940575, 99008, 0, 0, 0
1789130940575, 39552, 1, 0, 0
1789130941575, 64192, 0, 0, 0
1789130941575, 27776, 1, 0, 0
1789130942575, 97088, 0, 0, 0
1789130942575, 43392, 1, 0, 0
1789130943575, 695104, 0, 0, 0
1789130943575, 300480, 1, 0, 0
1789130944575, 875840, 0, 0, 0
1789130944575, 382336, 1, 0, 0
1789130945575, 1068672, 0, 0, 0
1789130945575, 460352, 1, 0, 0
1789130946576, 1171072, 0, 0, 0
1789130946576, 503232, 1, 0, 0
1789130947576, 1178560, 0, 0, 0
1789130947576, 499072, 1, 0, 0
1789130948576, 1184512, 0, 0, 0
1789130948576, 513408, 1, 0, 0
1789130949576, 1117120, 0, 0, 0
1789130949576, 487424, 1, 0, 0
1789130950576, 536960, 0, 0, 0
1789130950576, 227520, 1, 0, 0
1789130951576, 658240, 0, 0, 0
1789130951576, 282240, 1, 0, 0
1789130952576, 810688, 0, 0, 0
1789130952576, 367104, 1, 0, 0
1789130953576, 1055552, 0, 0, 0
1789130953576, 461888, 1, 0, 0
1789130954576, 1177920, 0, 0, 0
1789130954576, 508544, 1, 0, 0
1789130955576, 1204608, 0, 0, 0
1789130955576, 516928, 1, 0, 0
1789130956577, 1212288, 0, 0, 0
1789130956577, 517376, 1, 0, 0
1789130957577, 1194688, 0, 0, 0
1789130957577, 502848, 1, 0, 0
1789130958577, 215488, 0, 0, 0
1789130958577, 93248, 1, 0, 0
1789130959577, 360640, 0, 0, 0
1789130959577, 152128, 1, 0, 0
1789130960577, 688640, 0, 0, 0
1789130960577, 296640, 1, 0, 0
1789130961577, 968192, 0, 0, 0
1789130961577, 405888, 1, 0, 0
1789130962577, 1118080, 0, 0, 0
1789130962577, 485184, 1, 0, 0
1789130963577, 1196032, 0, 0, 0
1789130963577, 512576, 1, 0, 0
1789130964578, 1207744, 0, 0, 0
1789130964578, 512768, 1, 0, 0
1789130965578, 1218752, 0, 0, 0
1789130965578, 507392, 1, 0, 0
1789130966578, 968960, 0, 0, 0
1789130966578, 408960, 1, 0, 0
1789130967578, 149696, 0, 0, 0
1789130967578, 63168, 1, 0, 0
1789130968578, 579712, 0, 0, 0
1789130968578, 253952, 1, 0, 0
1789130969578, 775424, 0, 0, 0
1789130969578, 330368, 1, 0, 0
1789130970578, 993600, 0, 0, 0
1789130970578, 433408, 1, 0, 0
1789130971578, 1150336, 0, 0, 0
1789130971578, 495936, 1, 0, 0
1789130972579, 1198656, 0, 0, 0
1789130972579, 517504, 1, 0, 0
1789130973579, 1202240, 0, 0, 0
1789130973579, 521088, 1, 0, 0
1789130974579, 1201792, 0, 0, 0
1789130974579, 523520, 1, 0, 0
1789130975579, 330176, 0, 0, 0
1789130975579, 141120, 1, 0, 0
1789130976579, 138688, 0, 0, 0
1789130976579, 59648, 1, 0, 0
1789130977579, 702656, 0, 0, 0
1789130977579, 295936, 1, 0, 0
1789130978579, 817024, 0, 0, 0
1789130978579, 351168, 1, 0, 0
1789130979580, 976384, 0, 0, 0
1789130979580, 413056, 1, 0, 0
1789130980580, 1121152, 0, 0, 0
1789130980580, 481152, 1, 0, 0
1789130981580, 1214272, 0, 0, 0
1789130981580, 516416, 1, 0, 0
1789130982580, 1219904, 0, 0, 0
1789130982580, 519360, 1, 0, 0
1789130983580, 1186944, 0, 0, 0
1789130983580, 510656, 1, 0, 0
1789130984580, 178304, 0, 0, 0
1789130984580, 79040, 1, 0, 0
1789130985580, 150976, 0, 0, 0
1789130985580, 64320, 1, 0, 0
1789130986581, 114752, 0, 0, 0
1789130986581, 48832, 1, 0, 0
1789130987581, 664448, 0, 0, 0
1789130987581, 286528, 1, 0, 0
1789130988581, 846400, 0, 0, 0
1789130988581, 364544, 1, 0, 0
1789130989581, 1045760, 0, 0, 0
1789130989581, 436672, 1, 0, 0
1789130990581, 1175360, 0, 0, 0
1789130990581, 512896, 1, 0, 0
1789130991582, 1230080, 0, 0, 0
1789130991582, 523456, 1, 0, 0
1789130992582, 1219968, 0, 0, 0
1789130992582, 527936, 1, 0, 0
1789130993582, 1164992, 0, 0, 0
1789130993582, 505856, 1, 0, 0
1789130994582, 1018112, 0, 0, 0
1789130994582, 437504, 1, 0, 0
1789130995582, 1044992, 0, 0, 0
1789130995582, 444800, 1, 0, 0
1789130996582, 1071936, 0, 0, 0
1789130996582, 456640, 1, 0, 0
1789130997582, 1228096, 0, 0, 0
1789130997582, 529024, 1, 0, 0
1789130998583, 1223680, 0, 0, 0
1789130998583, 530368, 1, 0, 0
1789130999583, 1229760, 0, 0, 0
1789130999583, 526528, 1, 0, 0
1789131000583, 1075968, 0, 0, 0
1789131000583, 460288, 1, 0, 0
1789131001583, 997248, 0, 0, 0
1789131001583, 432896, 1, 0, 0
1789131002583, 983616, 0, 0, 0
1789131002583, 420736, 1, 0, 0
1789131003583, 1158464, 0, 0, 0
1789131003583, 506112, 1, 0, 0
1789131004584, 1236800, 0, 0, 0
1789131004584, 523392, 1, 0, 0
1789131005584, 1225280, 0, 0, 0
1789131005584, 532096, 1, 0, 0
1789131006584, 1232832, 0, 0, 0
1789131006584, 535360, 1, 0, 0
1789131007584, 1132608, 0, 0, 0
1789131007584, 485440, 1, 0, 0
1789131008584, 1015616, 0, 0, 0
1789131008584, 430336, 1, 0, 0
1789131009584, 1092160, 0, 0, 0
1789131009584, 477632, 1, 0, 0
1789131010584, 1000384, 0, 0, 0
1789131010584, 428864, 1, 0, 0
1789131011585, 1239680, 0, 0, 0
1789131011585, 531968, 1, 0, 0
1789131012585, 1235008, 0, 0, 0
1789131012585, 531392, 1, 0, 0
1789131013585, 1232640, 0, 0, 0
1789131013585, 534400, 1, 0, 0
1789131014585, 1093248, 0, 0, 0
1789131014585, 467776, 1, 0, 0
1789131015585, 312512, 0, 0, 0
1789131015585, 131008, 1, 0, 0
1789131016585, 704832, 0, 0, 0
1789131016585, 303360, 1, 0, 0
1789131017585, 870912, 0, 0, 0
1789131017585, 374464, 1, 0, 0
1789131018586, 1123008, 0, 0, 0
1789131018586, 465856, 1, 0, 0
1789131019586, 1198720, 0, 0, 0
1789131019586, 527232, 1, 0, 0
1789131020586, 1231168, 0, 0, 0
1789131020586, 521920, 1, 0, 0
1789131021586, 1230208, 0, 0, 0
1789131021586, 514112, 1, 0, 0
1789131022586, 803328, 0, 0, 0
1789131022586, 345408, 1, 0, 0
1789131023586, 181632, 0, 0, 0
1789131023586, 78016, 1, 0, 0
1789131024586, 616768, 0, 0, 0
1789131024586, 260608, 1, 0, 0
1789131025587, 816128, 0, 0, 0
1789131025587, 345280, 1, 0, 0
1789131026587, 1018048, 0, 0, 0
1789131026587, 445824, 1, 0, 0
1789131027587, 1163648, 0, 0, 0
1789131027587, 504448, 1, 0, 0
1789131028587, 1222720, 0, 0, 0
1789131028587, 520128, 1, 0, 0
1789131029587, 1221696, 0, 0, 0
1789131029587, 536256, 1, 0, 0
1789131030587, 1205184, 0, 0, 0
1789131030587, 511936, 1, 0, 0
1789131031588, 119616, 0, 0, 0
1789131031588, 50048, 1, 0, 0
1789131032588, 610240, 0, 0, 0
1789131032588, 268480, 1, 0, 0
1789131033588, 763200, 0, 0, 0
1789131033588, 330496, 1, 0, 0
1789131034588, 937472, 0, 0, 0
1789131034588, 398784, 1, 0, 0
1789131035588, 1078272, 0, 0, 0
1789131035588, 462336, 1, 0, 0
1789131036588, 1143680, 0, 0, 0
1789131036588, 490112, 1, 0, 0
1789131037588, 1193664, 0, 0, 0
1789131037588, 517504, 1, 0, 0
1789131038589, 1220480, 0, 0, 0
1789131038589, 520448, 1, 0, 0
1789131039589, 591040, 0, 0, 0
1789131039589, 250624, 1, 0, 0
1789131040589, 194752, 0, 0, 0
1789131040589, 80128, 1, 0, 0
1789131041589, 659456, 0, 0, 0
1789131041589, 277952, 1, 0, 0
1789131042589, 872384, 0, 0, 0
1789131042589, 372416, 1, 0, 0
1789131043589, 1090432, 0, 0, 0
1789131043589, 460096, 1, 0, 0
1789131044589, 1196544, 0, 0, 0
1789131044589, 519680, 1, 0, 0
1789131045589, 1229120, 0, 0, 0
1789131045589, 529536, 1, 0, 0
1789131046590, 1232448, 0, 0, 0
1789131046590, 526848, 1, 0, 0
1789131047590, 985920, 0, 0, 0
1789131047590, 422016, 1, 0, 0
1789131048590, 167488, 0, 0, 0
1789131048590, 75520, 1, 0, 0
1789131049590, 572096, 0, 0, 0
1789131049590, 254976, 1, 0, 0
1789131050590, 836672, 0, 0, 0
1789131050590, 358784, 1, 0, 0
1789131051590, 1078848, 0, 0, 0
1789131051590, 449472, 1, 0, 0
1789131052591, 1180416, 0, 0, 0
1789131052591, 524480, 1, 0, 0
1789131053591, 1240064, 0, 0, 0
1789131053591, 535424, 1, 0, 0
1789131054591, 1236992, 0, 0, 0
1789131054591, 539328, 1, 0, 0
1789131055591, 1203904, 0, 0, 0
1789131055591, 513088, 1, 0, 0
1789131056591, 1003648, 0, 0, 0
1789131056591, 427456, 1, 0, 0
1789131057591, 993472, 0, 0, 0
1789131057591, 430656, 1, 0, 0
1789131058591, 1172608, 0, 0, 0
1789131058591, 492160, 1, 0, 0
1789131059592, 1241216, 0, 0, 0
1789131059592, 532992, 1, 0, 0
1789131060592, 1235328, 0, 0, 0
1789131060592, 515776, 1, 0, 0
1789131061592, 1228928, 0, 0, 0
1789131061592, 533696, 1, 0, 0
1789131062592, 870016, 0, 0, 0
1789131062592, 372800, 1, 0, 0
1789131063592, 196992, 0, 0, 0
1789131063592, 83008, 1, 0, 0
1789131064592, 651008, 0, 0, 0
1789131064592, 276864, 1, 0, 0
1789131065592, 839168, 0, 0, 0
1789131065592, 362176, 1, 0, 0
1789131066593, 1058752, 0, 0, 0
1789131066593, 454592, 1, 0, 0
1789131067593, 1191232, 0, 0, 0
1789131067593, 509120, 1, 0, 0
1789131068593, 1245312, 0, 0, 0
1789131068593, 532480, 1, 0, 0
1789131069593, 1248960, 0, 0, 0
1789131069593, 533056, 1, 0, 0
1789131070593, 1227328, 0, 0, 0
1789131070593, 539392, 1, 0, 0
1789131071593, 192064, 0, 0, 0
1789131071593, 84992, 1, 0, 0
1789131072593, 384000, 0, 0, 0
1789131072593, 171584, 1, 0, 0
1789131073594, 707648, 0, 0, 0
1789131073594, 310080, 1, 0, 0
1789131074594, 950720, 0, 0, 0
1789131074594, 402176, 1, 0, 0
1789131075594, 1132800, 0, 0, 0
1789131075594, 488384, 1, 0, 0
1789131076594, 1223872, 0, 0, 0
1789131076594, 510528, 1, 0, 0
1789131077594, 1233600, 0, 0, 0
1789131077594, 527936, 1, 0, 0
1789131078594, 1230144, 0, 0, 0
1789131078594, 528896, 1, 0, 0
1789131079594, 1038656, 0, 0, 0
1789131079594, 439616, 1, 0, 0
1789131080595, 627904, 0, 0, 0
1789131080595, 273664, 1, 0, 0
1789131081595, 1053440, 0, 0, 0
1789131081595, 444032, 1, 0, 0
1789131082595, 1047872, 0, 0, 0
1789131082595, 460928, 1, 0, 0
1789131083595, 1220480, 0, 0, 0
1789131083595, 528768, 1, 0, 0
1789131084595, 1232768, 0, 0, 0
1789131084595, 524544, 1, 0, 0
1789131085596, 1230016, 0, 0, 0
1789131085596, 527232, 1, 0, 0
1789131086596, 1051840, 0, 0, 0
1789131086596, 446336, 1, 0, 0
1789131087596, 36096, 0, 0, 0
1789131087596, 14720, 1, 0, 0
1789131088596, 369280, 0, 0, 0
1789131088596, 163264, 1, 0, 0
1789131089596, 723008, 0, 0, 0
1789131089596, 310016, 1, 0, 0
1789131090596, 836416, 0, 0, 0
1789131090596, 360896, 1, 0, 0
1789131091597, 1045376, 0, 0, 0
1789131091597, 446208, 1, 0, 0
1789131092597, 1176768, 0, 0, 0
1789131092597, 513536, 1, 0, 0
1789131093597, 1234432, 0, 0, 0
1789131093597, 538176, 1, 0, 0
1789131094597, 1248000, 0, 0, 0
1789131094597, 532736, 1, 0, 0
1789131095597, 1019584, 0, 0, 0
1789131095597, 439616, 1, 0, 0
1789131096597, 985664, 0, 0, 0
1789131096597, 428864, 1, 0, 0
1789131097597, 1009024, 0, 0, 0
1789131097597, 430144, 1, 0, 0
1789131098598, 1236800, 0, 0, 0
1789131098598, 534720, 1, 0, 0
1789131099598, 1245184, 0, 0, 0
1789131099598, 532480, 1, 0, 0
1789131100598, 1256896, 0, 0, 0
1789131100598, 527488, 1, 0, 0
1789131101598, 1252672, 0, 0, 0
1789131101598, 527424, 1, 0, 0
1789131102598, 397568, 0, 0, 0
1789131102598, 173824, 1, 0, 0
1789131103598, 559296, 0, 0, 0
1789131103598, 235456, 1, 0, 0
1789131104598, 689920, 0, 0, 0
1789131104598, 299712, 1, 0, 0
1789131105598, 974592, 0, 0, 0
1789131105598, 415296, 1, 0, 0
1789131106598, 1179840, 0, 0, 0
1789131106598, 510080, 1, 0, 0
1789131107599, 1242816, 0, 0, 0
1789131107599, 520704, 1, 0, 0
1789131108599, 1235456, 0, 0, 0
1789131108599, 530752, 1, 0, 0
1789131109599, 1233920, 0, 0, 0
1789131109599, 527232, 1, 0, 0
1789131110599, 812928, 0, 0, 0
1789131110599, 342400, 1, 0, 0
1789131111599, 450112, 0, 0, 0
1789131111599, 187712, 1, 0, 0
1789131112599, 668224, 0, 0, 0
1789131112599, 294528, 1, 0, 0
1789131113599, 846208, 0, 0, 0
1789131113599, 364416, 1, 0, 0
1789131114599, 1091072, 0, 0, 0
1789131114599, 473728, 1, 0, 0
1789131115600, 1221312, 0, 0, 0
1789131115600, 515968, 1, 0, 0
1789131116600, 1244160, 0, 0, 0
1789131116600, 527360, 1, 0, 0
1789131117600, 1238592, 0, 0, 0
1789131117600, 521152, 1, 0, 0
1789131118600, 845504, 0, 0, 0
1789131118600, 357248, 1, 0, 0
1789131119600, 169472, 0, 0, 0
1789131119600, 71808, 1, 0, 0
1789131120600, 676992, 0, 0, 0
1789131120600, 297472, 1, 0, 0
1789131121600, 848064, 0, 0, 0
1789131121600, 361984, 1, 0, 0
1789131122600, 952640, 0, 0, 0
1789131122600, 407872, 1, 0, 0
1789131123601, 1123456, 0, 0, 0
1789131123601, 482112, 1, 0, 0
1789131124601, 1221184, 0, 0, 0
1789131124601, 514176, 1, 0, 0
1789131125601, 1243520, 0, 0, 0
1789131125601, 526784, 1, 0, 0
1789131126601, 1048256, 0, 0, 0
1789131126601, 440576, 1, 0, 0
1789131127601, 101824, 0, 0, 0
1789131127601, 44544, 1, 0, 0
1789131128601, 328704, 0, 0, 0
1789131128601, 141056, 1, 0, 0
1789131129602, 700992, 0, 0, 0
1789131129602, 308288, 1, 0, 0
1789131130602, 856512, 0, 0, 0
1789131130602, 375488, 1, 0, 0
1789131131602, 1073152, 0, 0, 0
1789131131602, 454912, 1, 0, 0
1789131132602, 1165632, 0, 0, 0
1789131132602, 503104, 1, 0, 0
1789131133602, 1239744, 0, 0, 0
1789131133602, 526208, 1, 0, 0
1789131134602, 1235456, 0, 0, 0
1789131134602, 533888, 1, 0, 0
1789131135602, 628864, 0, 0, 0
1789131135602, 266880, 1, 0, 0
1789131136603, 79168, 0, 0, 0
1789131136603, 34560, 1, 0, 0
1789131137603, 396864, 0, 0, 0
1789131137603, 170176, 1, 0, 0
1789131138603, 721728, 0, 0, 0
1789131138603, 310336, 1, 0, 0
1789131139603, 887296, 0, 0, 0
1789131139603, 386304, 1, 0, 0
1789131140603, 1073344, 0, 0, 0
1789131140603, 481536, 1, 0, 0
1789131141604, 1214656, 0, 0, 0
1789131141604, 519296, 1, 0, 0
1789131142604, 1247616, 0, 0, 0
1789131142604, 534848, 1, 0, 0
1789131143604, 1249920, 0, 0, 0
1789131143604, 517952, 1, 0, 0
1789131144604, 1088256, 0, 0, 0
1789131144604, 456192, 1, 0, 0
1789131145604, 933760, 0, 0, 0
1789131145604, 393344, 1, 0, 0
1789131146604, 1002112, 0, 0, 0
1789131146604, 430592, 1, 0, 0
1789131147604, 1224704, 0, 0, 0
1789131147604, 521024, 1, 0, 0
1789131148605, 1228416, 0, 0, 0
1789131148605, 534336, 1, 0, 0
1789131149605, 1251904, 0, 0, 0
1789131149605, 527616, 1, 0, 0
1789131150605, 1238016, 0, 0, 0
1789131150605, 533376, 1, 0, 0
1789131151605, 946752, 0, 0, 0
1789131151605, 398208, 1, 0, 0
1789131152605, 263360, 0, 0, 0
1789131152605, 107968, 1, 0, 0
1789131153605, 682368, 0, 0, 0
1789131153605, 290560, 1, 0, 0
1789131154605, 954048, 0, 0, 0
1789131154605, 394240, 1, 0, 0
1789131155606, 1161920, 0, 0, 0
1789131155606, 492480, 1, 0, 0
1789131156606, 1225792, 0, 0, 0
1789131156606, 530944, 1, 0, 0
1789131157606, 1232640, 0, 0, 0
1789131157606, 537152, 1, 0, 0
1789131158606, 1243008, 0, 0, 0
1789131158606, 534848, 1, 0, 0
1789131159606, 568576, 0, 0, 0
1789131159606, 232320, 1, 0, 0
1789131160606, 471168, 0, 0, 0
1789131160606, 196736, 1, 0, 0
1789131161606, 649088, 0, 0, 0
1789131161606, 277184, 1, 0, 0
1789131162607, 869696, 0, 0, 0
1789131162607, 367104, 1, 0, 0
1789131163607, 1065216, 0, 0, 0
1789131163607, 458624, 1, 0, 0
1789131164607, 1177472, 0, 0, 0
1789131164607, 505344, 1, 0, 0
1789131165607, 1197632, 0, 0, 0
1789131165607, 514944, 1, 0, 0
1789131166607, 1220544, 0, 0, 0
1789131166607, 525760, 1, 0, 0
1789131167607, 824192, 0, 0, 0
1789131167607, 342976, 1, 0, 0
1789131168607, 194496, 0, 0, 0
1789131168607, 78528, 1, 0, 0
1789131169608, 657792, 0, 0, 0
1789131169608, 278400, 1, 0, 0
1789131170608, 852608, 0, 0, 0
1789131170608, 363264, 1, 0, 0
1789131171608, 1069440, 0, 0, 0
1789131171608, 454848, 1, 0, 0
1789131172608, 1150656, 0, 0, 0
1789131172608, 507968, 1, 0, 0
1789131173608, 1201856, 0, 0, 0
1789131173608, 511040, 1, 0, 0
1789131174608, 1236736, 0, 0, 0
1789131174608, 531264, 1, 0, 0
1789131175609, 1216320, 0, 0, 0
1789131175609, 518208, 1, 0, 0
1789131176609, 297536, 0, 0, 0
1789131176609, 130816, 1, 0, 0
1789131177609, 374144, 0, 0, 0
1789131177609, 160448, 1, 0, 0
1789131178609, 708160, 0, 0, 0
1789131178609, 307456, 1, 0, 0
1789131179609, 812352, 0, 0, 0
1789131179609, 349056, 1, 0, 0
1789131180609, 965312, 0, 0, 0
1789131180609, 416896, 1, 0, 0
1789131181609, 1060864, 0, 0, 0
1789131181609, 458112, 1, 0, 0
1789131182609, 1189120, 0, 0, 0
1789131182609, 514432, 1, 0, 0
1789131183610, 1204224, 0, 0, 0
1789131183610, 529280, 1, 0, 0
1789131184610, 1083712, 0, 0, 0
1789131184610, 464128, 1, 0, 0
1789131185610, 485888, 0, 0, 0
1789131185610, 211712, 1, 0, 0
1789131186610, 842304, 0, 0, 0
1789131186610, 361984, 1, 0, 0
1789131187610, 916928, 0, 0, 0
1789131187610, 392832, 1, 0, 0
1789131188610, 1148608, 0, 0, 0
1789131188610, 496064, 1, 0, 0
1789131189610, 1195200, 0, 0, 0
1789131189610, 516352, 1, 0, 0
1789131190610, 1245888, 0, 0, 0
1789131190610, 527552, 1, 0, 0
1789131191611, 1239232, 0, 0, 0
1789131191611, 528000, 1, 0, 0
1789131192611, 728896, 0, 0, 0
1789131192611, 312064, 1, 0, 0
1789131193611, 566208, 0, 0, 0
1789131193611, 240000, 1, 0, 0
1789131194611, 768960, 0, 0, 0
1789131194611, 326656, 1, 0, 0
1789131195611, 999936, 0, 0, 0
1789131195611, 429312, 1, 0, 0
1789131196611, 1175680, 0, 0, 0
1789131196611, 510976, 1, 0, 0
1789131197611, 1221632, 0, 0, 0
1789131197611, 530752, 1, 0, 0
1789131198611, 1232576, 0, 0, 0
1789131198611, 520192, 1, 0, 0
1789131199612, 1181056, 0, 0, 0
1789131199612, 504192, 1, 0, 0
1789131200612, 454848, 0, 0, 0
1789131200612, 189696, 1, 0, 0
1789131201612, 490944, 0, 0, 0
1789131201612, 211200, 1, 0, 0
1789131202612, 798208, 0, 0, 0
1789131202612, 347520, 1, 0, 0
1789131203612, 1033728, 0, 0, 0
1789131203612, 454144, 1, 0, 0
1789131204612, 1197184, 0, 0, 0
1789131204612, 511872, 1, 0, 0
1789131205612, 1222080, 0, 0, 0
1789131205612, 529536, 1, 0, 0
1789131206613, 1227904, 0, 0, 0
1789131206613, 528768, 1, 0, 0
1789131207613, 1205120, 0, 0, 0
1789131207613, 520832, 1, 0, 0
1789131208613, 855552, 0, 0, 0
1789131208613, 373632, 1, 0, 0
1789131209613, 986752, 0, 0, 0
1789131209613, 432384, 1, 0, 0
1789131210613, 1007296, 0, 0, 0
1789131210613, 422272, 1, 0, 0
1789131211613, 1234880, 0, 0, 0
1789131211613, 520256, 1, 0, 0
1789131212613, 1227648, 0, 0, 0
1789131212613, 543168, 1, 0, 0
1789131213613, 1246208, 0, 0, 0
1789131213613, 528064, 1, 0, 0
1789131214613, 1153728, 0, 0, 0
1789131214613, 494144, 1, 0, 0
1789131215613, 497280, 0, 0, 0
1789131215613, 207104, 1, 0, 0
1789131216614, 650944, 0, 0, 0
1789131216614, 278528, 1, 0, 0
1789131217614, 700800, 0, 0, 0
1789131217614, 306496, 1, 0, 0
1789131218614, 978688, 0, 0, 0
1789131218614, 411584, 1, 0, 0
1789131219614, 1187840, 0, 0, 0
1789131219614, 500608, 1, 0, 0
1789131220614, 1217536, 0, 0, 0
1789131220614, 518400, 1, 0, 0
1789131221614, 1228352, 0, 0, 0
1789131221614, 531456, 1, 0, 0
1789131222614, 1147584, 0, 0, 0
1789131222614, 482624, 1, 0, 0
1789131223614, 961280, 0, 0, 0
1789131223614, 406848, 1, 0, 0
1789131224614, 1043904, 0, 0, 0
1789131224614, 462336, 1, 0, 0
1789131225614, 1011136, 0, 0, 0
1789131225614, 433856, 1, 0, 0
1789131226614, 1231808, 0, 0, 0
1789131226614, 525696, 1, 0, 0
1789131227615, 1220160, 0, 0, 0
1789131227615, 535616, 1, 0, 0
1789131228615, 1228480, 0, 0, 0
1789131228615, 528896, 1, 0, 0
1789131229615, 896832, 0, 0, 0
1789131229615, 390400, 1, 0, 0
1789131230615, 103808, 0, 0, 0
1789131230615, 45376, 1, 0, 0
1789131231615, 484928, 0, 0, 0
1789131231615, 208832, 1, 0, 0
1789131232616, 776448, 0, 0, 0
1789131232616, 332864, 1, 0, 0
1789131233616, 895232, 0, 0, 0
1789131233616, 382272, 1, 0, 0
1789131234616, 1106432, 0, 0, 0
1789131234616, 465152, 1, 0, 0
1789131235616, 1204160, 0, 0, 0
1789131235616, 528896, 1, 0, 0
1789131236616, 1245056, 0, 0, 0
1789131236616, 525632, 1, 0, 0
1789131237616, 1164672, 0, 0, 0
1789131237616, 501760, 1, 0, 0
1789131238616, 267712, 0, 0, 0
1789131238616, 113984, 1, 0, 0
1789131239616, 453184, 0, 0, 0
1789131239616, 190080, 1, 0, 0
1789131240616, 689216, 0, 0, 0
1789131240616, 294848, 1, 0, 0
1789131241617, 933312, 0, 0, 0
1789131241617, 407488, 1, 0, 0
1789131242617, 1153600, 0, 0, 0
1789131242617, 492864, 1, 0, 0
1789131243617, 1218304, 0, 0, 0
1789131243617, 524096, 1, 0, 0
1789131244617, 1244480, 0, 0, 0
1789131244617, 532352, 1, 0, 0
1789131245617, 1237760, 0, 0, 0
1789131245617, 542208, 1, 0, 0
1789131246617, 971328, 0, 0, 0
1789131246617, 429056, 1, 0, 0
1789131247617, 1039104, 0, 0, 0
1789131247617, 448768, 1, 0, 0
1789131248617, 1054848, 0, 0, 0
1789131248617, 446464, 1, 0, 0
1789131249617, 1225152, 0, 0, 0
1789131249617, 512512, 1, 0, 0
1789131250618, 1240448, 0, 0, 0
1789131250618, 534528, 1, 0, 0
1789131251618, 1243968, 0, 0, 0
1789131251618, 526848, 1, 0, 0
1789131252618, 1195456, 0, 0, 0
1789131252618, 513344, 1, 0, 0
1789131253618, 688640, 0, 0, 0
1789131253618, 299008, 1, 0, 0
1789131254618, 987200, 0, 0, 0
1789131254618, 415872, 1, 0, 0
1789131255618, 953856, 0, 0, 0
1789131255618, 410880, 1, 0, 0
1789131256619, 1230720, 0, 0, 0
1789131256619, 524416, 1, 0, 0
1789131257619, 1235200, 0, 0, 0
1789131257619, 540800, 1, 0, 0
1789131258619, 1247296, 0, 0, 0
1789131258619, 524608, 1, 0, 0
1789131259619, 1175168, 0, 0, 0
1789131259619, 517824, 1, 0, 0
1789131260619, 892288, 0, 0, 0
1789131260619, 384192, 1, 0, 0
1789131261619, 1025088, 0, 0, 0
1789131261619, 422272, 1, 0, 0
1789131262620, 1022400, 0, 0, 0
1789131262620, 439872, 1, 0, 0
1789131263620, 1230272, 0, 0, 0
1789131263620, 526720, 1, 0, 0
1789131264620, 1220544, 0, 0, 0
1789131264620, 533888, 1, 0, 0
1789131265620, 1233152, 0, 0, 0
1789131265620, 527232, 1, 0, 0
1789131266620, 1224832, 0, 0, 0
1789131266620, 527872, 1, 0, 0
1789131267620, 429248, 0, 0, 0
1789131267620, 186432, 1, 0, 0
1789131268621, 425728, 0, 0, 0
1789131268621, 181504, 1, 0, 0
1789131269621, 659520, 0, 0, 0
1789131269621, 279680, 1, 0, 0
1789131270621, 919168, 0, 0, 0
1789131270621, 397440, 1, 0, 0
1789131271621, 1131200, 0, 0, 0
1789131271621, 483904, 1, 0, 0
1789131272621, 1223040, 0, 0, 0
1789131272621, 527680, 1, 0, 0
1789131273621, 1237952, 0, 0, 0
1789131273621, 531520, 1, 0, 0
1789131274622, 1236672, 0, 0, 0
1789131274622, 525312, 1, 0, 0
1789131275622, 942464, 0, 0, 0
1789131275622, 408000, 1, 0, 0
1789131276622, 448704, 0, 0, 0
1789131276622, 192512, 1, 0, 0
1789131277622, 796672, 0, 0, 0
1789131277622, 332288, 1, 0, 0
1789131278622, 973952, 0, 0, 0
1789131278622, 422528, 1, 0, 0
1789131279622, 1161344, 0, 0, 0
1789131279622, 492160, 1, 0, 0
1789131280622, 1217728, 0, 0, 0
1789131280622, 524480, 1, 0, 0
1789131281623, 1237952, 0, 0, 0
1789131281623, 526720, 1, 0, 0
1789131282623, 1243968, 0, 0, 0
1789131282623, 521856, 1, 0, 0
1789131283623, 776576, 0, 0, 0
1789131283623, 328768, 1, 0, 0
1789131284623, 210112, 0, 0, 0
1789131284623, 86720, 1, 0, 0
1789131285623, 622080, 0, 0, 0
1789131285623, 268736, 1, 0, 0
1789131286623, 826496, 0, 0, 0
1789131286623, 358848, 1, 0, 0
1789131287624, 1047168, 0, 0, 0
1789131287624, 457280, 1, 0, 0
1789131288624, 1200448, 0, 0, 0
1789131288624, 510336, 1, 0, 0
1789131289624, 1244928, 0, 0, 0
1789131289624, 523712, 1, 0, 0
1789131290624, 1242240, 0, 0, 0
1789131290624, 535296, 1, 0, 0
1789131291624, 1187072, 0, 0, 0
1789131291624, 509120, 1, 0, 0
1789131292625, 901888, 0, 0, 0
1789131292625, 378432, 1, 0, 0
1789131293625, 1027392, 0, 0, 0
1789131293625, 427392, 1, 0, 0
1789131294625, 1102912, 0, 0, 0
1789131294625, 476864, 1, 0, 0
1789131295625, 1250944, 0, 0, 0
1789131295625, 523072, 1, 0, 0
1789131296625, 1249152, 0, 0, 0
1789131296625, 530048, 1, 0, 0
1789131297625, 1233792, 0, 0, 0
1789131297625, 535168, 1, 0, 0
1789131298626, 1235136, 0, 0, 0
1789131298626, 531904, 1, 0, 0
1789131299626, 497408, 0, 0, 0
1789131299626, 213504, 1, 0, 0
1789131300626, 392512, 0, 0, 0
1789131300626, 167744, 1, 0, 0
1789131301626, 633856, 0, 0, 0
1789131301626, 267840, 1, 0, 0
1789131302626, 861952, 0, 0, 0
1789131302626, 366080, 1, 0, 0
1789131303626, 1072576, 0, 0, 0
1789131303626, 473344, 1, 0, 0
1789131304626, 1201664, 0, 0, 0
1789131304626, 530112, 1, 0, 0
1789131305627, 1223808, 0, 0, 0
1789131305627, 525696, 1, 0, 0
1789131306627, 1224768, 0, 0, 0
1789131306627, 525184, 1, 0, 0
1789131307627, 1102464, 0, 0, 0
1789131307627, 475264, 1, 0, 0
1789131308627, 607168, 0, 0, 0
1789131308627, 260416, 1, 0, 0
1789131309627, 1141056, 0, 0, 0
1789131309627, 478592, 1, 0, 0
1789131310627, 1037632, 0, 0, 0
1789131310627, 443072, 1, 0, 0
1789131311627, 1234880, 0, 0, 0
1789131311627, 514880, 1, 0, 0
1789131312628, 1231808, 0, 0, 0
1789131312628, 521472, 1, 0, 0
1789131313628, 1235904, 0, 0, 0
1789131313628, 526784, 1, 0, 0
1789131314628, 1243584, 0, 0, 0
1789131314628, 521920, 1, 0, 0
1789131315628, 393792, 0, 0, 0
1789131315628, 171456, 1, 0, 0
1789131316628, 302272, 0, 0, 0
1789131316628, 136128, 1, 0, 0
1789131317628, 720448, 0, 0, 0
1789131317628, 310784, 1, 0, 0
1789131318628, 875840, 0, 0, 0
1789131318628, 387840, 1, 0, 0
1789131319629, 967808, 0, 0, 0
1789131319629, 413568, 1, 0, 0
1789131320629, 1125184, 0, 0, 0
1789131320629, 484416, 1, 0, 0
1789131321629, 1209152, 0, 0, 0
1789131321629, 531712, 1, 0, 0
1789131322629, 1246848, 0, 0, 0
1789131322629, 535680, 1, 0, 0
1789131323629, 1047232, 0, 0, 0
1789131323629, 442944, 1, 0, 0
1789131324630, 402624, 0, 0, 0
1789131324630, 171840, 1, 0, 0
1789131325630, 758592, 0, 0, 0
1789131325630, 319168, 1, 0, 0
1789131326630, 936960, 0, 0, 0
1789131326630, 394048, 1, 0, 0
1789131327630, 1130240, 0, 0, 0
1789131327630, 488320, 1, 0, 0
1789131328630, 1202688, 0, 0, 0
1789131328630, 519424, 1, 0, 0
1789131329630, 1233792, 0, 0, 0
1789131329630, 520960, 1, 0, 0
1789131330630, 1226304, 0, 0, 0
1789131330630, 533824, 1, 0, 0
1789131331630, 857792, 0, 0, 0
1789131331630, 370432, 1, 0, 0
1789131332630, 271616, 0, 0, 0
1789131332630, 118400, 1, 0, 0
1789131333630, 587520, 0, 0, 0
1789131333630, 244352, 1, 0, 0
1789131334630, 748544, 0, 0, 0
1789131334630, 326848, 1, 0, 0
1789131335631, 1010432, 0, 0, 0
1789131335631, 427456, 1, 0, 0
1789131336631, 1170560, 0, 0, 0
1789131336631, 513344, 1, 0, 0
1789131337631, 1239360, 0, 0, 0
1789131337631, 521984, 1, 0, 0
1789131338631, 1229376, 0, 0, 0
1789131338631, 528576, 1, 0, 0
1789131339631, 1201280, 0, 0, 0
1789131339631, 514368, 1, 0, 0
1789131340631, 273152, 0, 0, 0
1789131340631, 119104, 1, 0, 0
1789131341631, 757376, 0, 0, 0
1789131341631, 329088, 1, 0, 0
1789131342631, 837440, 0, 0, 0
1789131342631, 357056, 1, 0, 0
1789131343631, 988800, 0, 0, 0
1789131343631, 435072, 1, 0, 0
1789131344631, 1174784, 0, 0, 0
1789131344631, 502784, 1, 0, 0
1789131345632, 1221056, 0, 0, 0
1789131345632, 529856, 1, 0, 0
1789131346632, 1240384, 0, 0, 0
1789131346632, 523712, 1, 0, 0
1789131347632, 1231232, 0, 0, 0
1789131347632, 531520, 1, 0, 0
1789131348632, 826048, 0, 0, 0
1789131348632, 355584, 1, 0, 0
1789131349632, 135296, 0, 0, 0
1789131349632, 60608, 1, 0, 0
1789131350632, 637952, 0, 0, 0
1789131350632, 266880, 1, 0, 0
1789131351632, 803840, 0, 0, 0
1789131351632, 349696, 1, 0, 0
1789131352632, 909440, 0, 0, 0
1789131352632, 387072, 1, 0, 0
1789131353632, 1074880, 0, 0, 0
1789131353632, 459648, 1, 0, 0
1789131354633, 1188736, 0, 0, 0
1789131354633, 503552, 1, 0, 0
1789131355633, 1241728, 0, 0, 0
1789131355633, 526784, 1, 0, 0
1789131356633, 1165184, 0, 0, 0
1789131356633, 506048, 1, 0, 0
1789131357633, 329984, 0, 0, 0
1789131357633, 150144, 1, 0, 0
1789131358633, 275584, 0, 0, 0
1789131358633, 116416, 1, 0, 0
1789131359633, 709312, 0, 0, 0
1789131359633, 305024, 1, 0, 0
1789131360633, 881536, 0, 0, 0
1789131360633, 368192, 1, 0, 0
1789131361633, 1082112, 0, 0, 0
1789131361633, 454528, 1, 0, 0
1789131362633, 1205760, 0, 0, 0
1789131362633, 510208, 1, 0, 0
1789131363634, 1231232, 0, 0, 0
1789131363634, 530560, 1, 0, 0
1789131364634, 1226816, 0, 0, 0
1789131364634, 528384, 1, 0, 0
1789131365634, 1091008, 0, 0, 0
1789131365634, 470464, 1, 0, 0
1789131366634, 58368, 0, 0, 0
1789131366634, 25600, 1, 0, 0
1789131367634, 443456, 0, 0, 0
1789131367634, 191040, 1, 0, 0
1789131368634, 695424, 0, 0, 0
1789131368634, 295616, 1, 0, 0
1789131369634, 851840, 0, 0, 0
1789131369634, 366400, 1, 0, 0
1789131370635, 1097664, 0, 0, 0
1789131370635, 464000, 1, 0, 0
1789131371635, 1203648, 0, 0, 0
1789131371635, 524608, 1, 0, 0
1789131372635, 1200704, 0, 0, 0
1789131372635, 516480, 1, 0, 0
1789131373635, 1246848, 0, 0, 0
1789131373635, 526208, 1, 0, 0
1789131374635, 1074304, 0, 0, 0
1789131374635, 454144, 1, 0, 0
1789131375635, 921024, 0, 0, 0
1789131375635, 388736, 1, 0, 0
1789131376635, 1119168, 0, 0, 0
1789131376635, 482624, 1, 0, 0
1789131377635, 1005888, 0, 0, 0
1789131377635, 438784, 1, 0, 0
1789131378635, 1210560, 0, 0, 0
1789131378635, 534208, 1, 0, 0
1789131379636, 1228096, 0, 0, 0
1789131379636, 525184, 1, 0, 0
1789131380636, 1234176, 0, 0, 0
1789131380636, 522304, 1, 0, 0
1789131381636, 1069568, 0, 0, 0
1789131381636, 455232, 1, 0, 0
1789131382636, 199616, 0, 0, 0
1789131382636, 83520, 1, 0, 0
1789131383636, 633152, 0, 0, 0
1789131383636, 275136, 1, 0, 0
1789131384636, 702080, 0, 0, 0
1789131384636, 298688, 1, 0, 0
1789131385636, 998272, 0, 0, 0
1789131385636, 425856, 1, 0, 0
