1789130186663, 8753, 0, 0, 0
1789130186663, 3750, 1, 0, 0
1789130187663, 8747, 0, 0, 0
1789130187663, 3750, 1, 0, 0
1789130188663, 8753, 0, 0, 0
1789130188663, 3750, 1, 0, 0
1789130189663, 8747, 0, 0, 0
1789130189663, 3750, 1, 0, 0
1789130190663, 8751, 0, 0, 0
1789130190663, 3751, 1, 0, 0
1789130191663, 8441, 0, 0, 0
1789130191663, 3593, 1, 0, 0
1789130192663, 9063, 0, 0, 0
1789130192663, 3908, 1, 0, 0
1789130193663, 8750, 0, 0, 0
1789130193663, 3750, 1, 0, 0
1789130194663, 8751, 0, 0, 0
1789130194663, 3751, 1, 0, 0
1789130195664, 8752, 0, 0, 0
1789130195664, 3751, 1, 0, 0
1789130196663, 8750, 0, 0, 0
1789130196663, 3749, 1, 0, 0
1789130197663, 8748, 0, 0, 0
1789130197663, 3749, 1, 0, 0
1789130198663, 8752, 0, 0, 0
1789130198663, 3751, 1, 0, 0
1789130199663, 8751, 0, 0, 0
1789130199663, 3750, 1, 0, 0
1789130200663, 8744, 0, 0, 0
1789130200663, 3747, 1, 0, 0
1789130201663, 8265, 0, 0, 0
1789130201663, 3538, 1, 0, 0
1789130202663, 8478, 0, 0, 0
1789130202663, 3640, 1, 0, 0
1789130203663, 9516, 0, 0, 0
1789130203663, 4077, 1, 0, 0
1789130204663, 8751, 0, 0, 0
1789130204663, 3750, 1, 0, 0
1789130205663, 8750, 0, 0, 0
1789130205663, 3750, 1, 0, 0
1789130206663, 8752, 0, 0, 0
1789130206663, 3751, 1, 0, 0
1789130207664, 8751, 0, 0, 0
1789130207664, 3751, 1, 0, 0
1789130208663, 8749, 0, 0, 0
1789130208663, 3749, 1, 0, 0
1789130209663, 8754, 0, 0, 0
1789130209663, 3750, 1, 0, 0
1789130210663, 8746, 0, 0, 0
1789130210663, 3749, 1, 0, 0
1789130211663, 8741, 0, 0, 0
1789130211663, 3747, 1, 0, 0
1789130212663, 8724, 0, 0, 0
1789130212663, 3743, 1, 0, 0
1789130213663, 7501, 0, 0, 0
1789130213663, 3201, 1, 0, 0
1789130214663, 2202, 0, 0, 0
1789130214663, 929, 1, 0, 0
1789130235566, 0, 1, 0, 0
1789130236566, 2287, 0, 0, 0
1789130236566, 951, 1, 0, 0
1789130237566, 2617, 0, 0, 0
1789130237566, 1097, 1, 0, 0
1789130238567, 2570, 0, 0, 0
1789130238567, 1106, 1, 0, 0
1789130239567, 2744, 0, 0, 0
1789130239567, 1160, 1, 0, 0
1789130240567, 2785, 0, 0, 0
1789130240567, 1124, 1, 0, 0
1789130241567, 7212, 0, 0, 0
1789130241567, 2933, 1, 0, 0
1789130242567, 11257, 0, 0, 0
1789130242567, 4819, 1, 0, 0
1789130243567, 12132, 0, 0, 0
1789130243567, 5242, 1, 0, 0
1789130244567, 12479, 0, 0, 0
1789130244567, 5518, 1, 0, 0
1789130245567, 13031, 0, 0, 0
1789130245567, 5477, 1, 0, 0
1789130246568, 13358, 0, 0, 0
1789130246568, 5684, 1, 0, 0
1789130247568, 10648, 0, 0, 0
1789130247568, 4566, 1, 0, 0
1789130248568, 9859, 0, 0, 0
1789130248568, 4013, 1, 0, 0
1789130249568, 11101, 0, 0, 0
1789130249568, 4737, 1, 0, 0
1789130250568, 10654, 0, 0, 0
1789130250568, 4551, 1, 0, 0
1789130251568, 14769, 0, 0, 0
1789130251568, 6477, 1, 0, 0
1789130252568, 15167, 0, 0, 0
1789130252568, 6421, 1, 0, 0
1789130253568, 14522, 0, 0, 0
1789130253568, 6295, 1, 0, 0
1789130254569, 14615, 0, 0, 0
1789130254569, 6339, 1, 0, 0
1789130255569, 14889, 0, 0, 0
1789130255569, 6416, 1, 0, 0
1789130256569, 10301, 0, 0, 0
1789130256569, 4410, 1, 0, 0
1789130257569, 8834, 0, 0, 0
1789130257569, 3838, 1, 0, 0
1789130258569, 10309, 0, 0, 0
1789130258569, 4367, 1, 0, 0
1789130259569, 13947, 0, 0, 0
1789130259569, 5900, 1, 0, 0
1789130260570, 14747, 0, 0, 0
1789130260570, 6234, 1, 0, 0
1789130261570, 14955, 0, 0, 0
1789130261570, 6216, 1, 0, 0
1789130262570, 14795, 0, 0, 0
1789130262570, 6315, 1, 0, 0
1789130263570, 14755, 0, 0, 0
1789130263570, 6399, 1, 0, 0
1789130264570, 15302, 0, 0, 0
1789130264570, 6576, 1, 0, 0
1789130265570, 12493, 0, 0, 0
1789130265570, 5283, 1, 0, 0
1789130266570, 10979, 0, 0, 0
1789130266570, 4824, 1, 0, 0
1789130267570, 10950, 0, 0, 0
1789130267570, 4686, 1, 0, 0
1789130268570, 10748, 0, 0, 0
1789130268570, 4490, 1, 0, 0
1789130269570, 9962, 0, 0, 0
1789130269570, 4269, 1, 0, 0
1789130270570, 13815, 0, 0, 0
1789130270570, 5855, 1, 0, 0
1789130271571, 11519, 0, 0, 0
1789130271571, 5021, 1, 0, 0
1789130272571, 15586, 0, 0, 0
1789130272571, 6615, 1, 0, 0
1789130273571, 15565, 0, 0, 0
1789130273571, 6642, 1, 0, 0
1789130274571, 12373, 0, 0, 0
1789130274571, 5317, 1, 0, 0
1789130275571, 11335, 0, 0, 0
1789130275571, 4817, 1, 0, 0
1789130276572, 10604, 0, 0, 0
1789130276572, 4559, 1, 0, 0
1789130277572, 10640, 0, 0, 0
1789130277572, 4616, 1, 0, 0
1789130278572, 12157, 0, 0, 0
1789130278572, 5340, 1, 0, 0
1789130279572, 14372, 0, 0, 0
1789130279572, 5978, 1, 0, 0
1789130280572, 12983, 0, 0, 0
1789130280572, 5570, 1, 0, 0
1789130281572, 16971, 0, 0, 0
1789130281572, 7287, 1, 0, 0
1789130282572, 17019, 0, 0, 0
1789130282572, 7266, 1, 0, 0
1789130283573, 10467, 0, 0, 0
1789130283573, 4547, 1, 0, 0
1789130284573, 11311, 0, 0, 0
1789130284573, 4890, 1, 0, 0
1789130285573, 11452, 0, 0, 0
1789130285573, 4901, 1, 0, 0
1789130286573, 13244, 0, 0, 0
1789130286573, 5601, 1, 0, 0
1789130287573, 17013, 0, 0, 0
1789130287573, 7423, 1, 0, 0
1789130288573, 15930, 0, 0, 0
1789130288573, 6848, 1, 0, 0
1789130289573, 16484, 0, 0, 0
1789130289573, 7281, 1, 0, 0
1789130290574, 18189, 0, 0, 0
1789130290574, 7776, 1, 0, 0
1789130291574, 20001, 0, 0, 0
1789130291574, 8911, 1, 0, 0
1789130292574, 8742, 0, 0, 0
1789130292574, 3748, 1, 0, 0
1789130293574, 8757, 0, 0, 0
1789130293574, 3753, 1, 0, 0
1789130294574, 8410, 0, 0, 0
1789130294574, 3668, 1, 0, 0
1789130295574, 9094, 0, 0, 0
1789130295574, 3832, 1, 0, 0
1789130296574, 8745, 0, 0, 0
1789130296574, 3752, 1, 0, 0
1789130297574, 8755, 0, 0, 0
1789130297574, 3748, 1, 0, 0
1789130298574, 8751, 0, 0, 0
1789130298574, 3751, 1, 0, 0
1789130299574, 8746, 0, 0, 0
1789130299574, 3749, 1, 0, 0
1789130300574, 8755, 0, 0, 0
1789130300574, 3753, 1, 0, 0
1789130301574, 8749, 0, 0, 0
1789130301574, 3749, 1, 0, 0
1789130302574, 8753, 0, 0, 0
1789130302574, 3751, 1, 0, 0
1789130303575, 8750, 0, 0, 0
1789130303575, 3749, 1, 0, 0
1789130304575, 8744, 0, 0, 0
1789130304575, 3748, 1, 0, 0
1789130305575, 8730, 0, 0, 0
1789130305575, 3746, 1, 0, 0
1789130306576, 8781, 0, 0, 0
1789130306576, 3759, 1, 0, 0
1789130307576, 8742, 0, 0, 0
1789130307576, 3747, 1, 0, 0
1789130308576, 8761, 0, 0, 0
1789130308576, 3755, 1, 0, 0
1789130309576, 8754, 0, 0, 0
1789130309576, 3749, 1, 0, 0
1789130310576, 8751, 0, 0, 0
1789130310576, 3753, 1, 0, 0
1789130311576, 8749, 0, 0, 0
1789130311576, 3750, 1, 0, 0
1789130312576, 8750, 0, 0, 0
1789130312576, 3750, 1, 0, 0
1789130313576, 8753, 0, 0, 0
1789130313576, 3751, 1, 0, 0
1789130314576, 8748, 0, 0, 0
1789130314576, 3748, 1, 0, 0
1789130315576, 8747, 0, 0, 0
1789130315576, 3749, 1, 0, 0
1789130316576, 8756, 0, 0, 0
1789130316576, 3753, 1, 0, 0
1789130317576, 8742, 0, 0, 0
1789130317576, 3746, 1, 0, 0
1789130318576, 8750, 0, 0, 0
1789130318576, 3750, 1, 0, 0
1789130319577, 8745, 0, 0, 0
1789130319577, 3748, 1, 0, 0
1789130320577, 8760, 0, 0, 0
1789130320577, 3754, 1, 0, 0
1789130321577, 8757, 0, 0, 0
1789130321577, 3753, 1, 0, 0
1789130322577, 8748, 0, 0, 0
1789130322577, 3749, 1, 0, 0
1789130323577, 8753, 0, 0, 0
1789130323577, 3752, 1, 0, 0
1789130324577, 8747, 0, 0, 0
1789130324577, 3750, 1, 0, 0
1789130325577, 8752, 0, 0, 0
1789130325577, 3750, 1, 0, 0
1789130326577, 8749, 0, 0, 0
1789130326577, 3749, 1, 0, 0
1789130327577, 8755, 0, 0, 0
1789130327577, 3750, 1, 0, 0
1789130328577, 8747, 0, 0, 0
1789130328577, 3751, 1, 0, 0
1789130329577, 8751, 0, 0, 0
1789130329577, 3751, 1, 0, 0
1789130330577, 8752, 0, 0, 0
1789130330577, 3749, 1, 0, 0
1789130331577, 8659, 0, 0, 0
1789130331577, 3696, 1, 0, 0
1789130332578, 8843, 0, 0, 0
1789130332578, 3806, 1, 0, 0
1789130333578, 8107, 0, 0, 0
1789130333578, 3492, 1, 0, 0
1789130334578, 9391, 0, 0, 0
1789130334578, 4006, 1, 0, 0
1789130335578, 8753, 0, 0, 0
1789130335578, 3753, 1, 0, 0
1789130336578, 8756, 0, 0, 0
1789130336578, 3752, 1, 0, 0
1789130337578, 8750, 0, 0, 0
1789130337578, 3750, 1, 0, 0
1789130338578, 8753, 0, 0, 0
1789130338578, 3752, 1, 0, 0
1789130339579, 8746, 0, 0, 0
1789130339579, 3748, 1, 0, 0
1789130340579, 8752, 0, 0, 0
1789130340579, 3750, 1, 0, 0
1789130341579, 8752, 0, 0, 0
1789130341579, 3751, 1, 0, 0
1789130342579, 8752, 0, 0, 0
1789130342579, 3751, 1, 0, 0
1789130343579, 8723, 0, 0, 0
1789130343579, 3738, 1, 0, 0
1789130344579, 8777, 0, 0, 0
1789130344579, 3763, 1, 0, 0
1789130345579, 8754, 0, 0, 0
1789130345579, 3750, 1, 0, 0
1789130346579, 8752, 0, 0, 0
1789130346579, 3752, 1, 0, 0
1789130347579, 8747, 0, 0, 0
1789130347579, 3749, 1, 0, 0
1789130348579, 8750, 0, 0, 0
1789130348579, 3749, 1, 0, 0
1789130349579, 8750, 0, 0, 0
1789130349579, 3750, 1, 0, 0
1789130350580, 8753, 0, 0, 0
1789130350580, 3752, 1, 0, 0
1789130351580, 8750, 0, 0, 0
1789130351580, 3750, 1, 0, 0
1789130352580, 8745, 0, 0, 0
1789130352580, 3748, 1, 0, 0
1789130353580, 8756, 0, 0, 0
1789130353580, 3752, 1, 0, 0
1789130354580, 8750, 0, 0, 0
1789130354580, 3750, 1, 0, 0
1789130355580, 8752, 0, 0, 0
1789130355580, 3751, 1, 0, 0
1789130356580, 8741, 0, 0, 0
1789130356580, 3745, 1, 0, 0
1789130357580, 8745, 0, 0, 0
1789130357580, 3749, 1, 0, 0
1789130358580, 8767, 0, 0, 0
1789130358580, 3757, 1, 0, 0
1789130359580, 8752, 0, 0, 0
1789130359580, 3751, 1, 0, 0
1789130360580, 8749, 0, 0, 0
1789130360580, 3750, 1, 0, 0
1789130361580, 8748, 0, 0, 0
1789130361580, 3749, 1, 0, 0
1789130362581, 8755, 0, 0, 0
1789130362581, 3751, 1, 0, 0
1789130363581, 8750, 0, 0, 0
1789130363581, 3751, 1, 0, 0
1789130364581, 8748, 0, 0, 0
1789130364581, 3749, 1, 0, 0
1789130365581, 8754, 0, 0, 0
1789130365581, 3752, 1, 0, 0
1789130366582, 8759, 0, 0, 0
1789130366582, 3754, 1, 0, 0
1789130367582, 8752, 0, 0, 0
1789130367582, 3750, 1, 0, 0
1789130368582, 8751, 0, 0, 0
1789130368582, 3751, 1, 0, 0
1789130369582, 7846, 0, 0, 0
1789130369582, 3333, 1, 0, 0
1789130370582, 9266, 0, 0, 0
1789130370582, 3926, 1, 0, 0
1789130371582, 9138, 0, 0, 0
1789130371582, 3991, 1, 0, 0
1789130372582, 8755, 0, 0, 0
1789130372582, 3752, 1, 0, 0
1789130373583, 8750, 0, 0, 0
1789130373583, 3749, 1, 0, 0
1789130374583, 8751, 0, 0, 0
1789130374583, 3752, 1, 0, 0
1789130375583, 8749, 0, 0, 0
1789130375583, 3750, 1, 0, 0
1789130376583, 8751, 0, 0, 0
1789130376583, 3748, 1, 0, 0
1789130377583, 8750, 0, 0, 0
1789130377583, 3752, 1, 0, 0
1789130378583, 8754, 0, 0, 0
1789130378583, 3751, 1, 0, 0
1789130379583, 8749, 0, 0, 0
1789130379583, 3750, 1, 0, 0
1789130380583, 8752, 0, 0, 0
1789130380583, 3751, 1, 0, 0
1789130381583, 8751, 0, 0, 0
1789130381583, 3750, 1, 0, 0
1789130382584, 8746, 0, 0, 0
1789130382584, 3749, 1, 0, 0
1789130383584, 8755, 0, 0, 0
1789130383584, 3752, 1, 0, 0
1789130384584, 8751, 0, 0, 0
1789130384584, 3748, 1, 0, 0
1789130385584, 8753, 0, 0, 0
1789130385584, 3751, 1, 0, 0
1789130386584, 8748, 0, 0, 0
1789130386584, 3752, 1, 0, 0
1789130387584, 8749, 0, 0, 0
1789130387584, 3749, 1, 0, 0
1789130388584, 8754, 0, 0, 0
1789130388584, 3752, 1, 0, 0
1789130389584, 8750, 0, 0, 0
1789130389584, 3750, 1, 0, 0
1789130390584, 8751, 0, 0, 0
1789130390584, 3749, 1, 0, 0
1789130391585, 8751, 0, 0, 0
1789130391585, 3752, 1, 0, 0
1789130392585, 8752, 0, 0, 0
1789130392585, 3750, 1, 0, 0
1789130393585, 8745, 0, 0, 0
1789130393585, 3749, 1, 0, 0
1789130394585, 8753, 0, 0, 0
1789130394585, 3752, 1, 0, 0
1789130395585, 7648, 0, 0, 0
1789130395585, 3266, 1, 0, 0
1789130396586, 9861, 0, 0, 0
1789130396586, 4237, 1, 0, 0
1789130397586, 8754, 0, 0, 0
1789130397586, 3751, 1, 0, 0
1789130398586, 8750, 0, 0, 0
1789130398586, 3751, 1, 0, 0
1789130399586, 4427, 0, 0, 0
1789130399586, 1897, 1, 0, 0
1789130841563, 0, 0, 0, 0
1789130841563, 0, 1, 0, 0
1789130842564, 9188, 0, 0, 0
1789130842564, 3992, 1, 0, 0
1789130843564, 10607, 0, 0, 0
1789130843564, 4593, 1, 0, 0
1789130844564, 11252, 0, 0, 0
1789130844564, 4915, 1, 0, 0
1789130845564, 11956, 0, 0, 0
1789130845564, 5176, 1, 0, 0
1789130846564, 11805, 0, 0, 0
1789130846564, 5078, 1, 0, 0
1789130847564, 10713, 0, 0, 0
1789130847564, 4531, 1, 0, 0
1789130848564, 10412, 0, 0, 0
1789130848564, 4470, 1, 0, 0
1789130849565, 10365, 0, 0, 0
1789130849565, 4436, 1, 0, 0
1789130850565, 8392, 0, 0, 0
1789130850565, 3677, 1, 0, 0
1789130851565, 9174, 0, 0, 0
1789130851565, 3884, 1, 0, 0
1789130852565, 12001, 0, 0, 0
1789130852565, 5267, 1, 0, 0
1789130853565, 13464, 0, 0, 0
1789130853565, 5903, 1, 0, 0
1789130854565, 13883, 0, 0, 0
1789130854565, 6030, 1, 0, 0
1789130855565, 14099, 0, 0, 0
1789130855565, 6031, 1, 0, 0
1789130856565, 11007, 0, 0, 0
1789130856565, 4713, 1, 0, 0
1789130857565, 8748, 0, 0, 0
1789130857565, 3757, 1, 0, 0
1789130858565, 10784, 0, 0, 0
1789130858565, 4589, 1, 0, 0
1789130859565, 10399, 0, 0, 0
1789130859565, 4568, 1, 0, 0
1789130860566, 13169, 0, 0, 0
1789130860566, 5755, 1, 0, 0
1789130861566, 13214, 0, 0, 0
1789130861566, 5656, 1, 0, 0
1789130862566, 13419, 0, 0, 0
1789130862566, 5564, 1, 0, 0
1789130863566, 13261, 0, 0, 0
1789130863566, 5657, 1, 0, 0
1789130864566, 13263, 0, 0, 0
1789130864566, 5717, 1, 0, 0
1789130865566, 13436, 0, 0, 0
1789130865566, 5792, 1, 0, 0
1789130866566, 10162, 0, 0, 0
1789130866566, 4490, 1, 0, 0
1789130867566, 9452, 0, 0, 0
1789130867566, 4028, 1, 0, 0
1789130868566, 9904, 0, 0, 0
1789130868566, 4230, 1, 0, 0
1789130869566, 8726, 0, 0, 0
1789130869566, 3861, 1, 0, 0
1789130870566, 14252, 0, 0, 0
1789130870566, 5964, 1, 0, 0
1789130871567, 13952, 0, 0, 0
1789130871567, 6033, 1, 0, 0
1789130872567, 13325, 0, 0, 0
1789130872567, 5783, 1, 0, 0
1789130873567, 13659, 0, 0, 0
1789130873567, 5908, 1, 0, 0
1789130874567, 13783, 0, 0, 0
1789130874567, 6032, 1, 0, 0
1789130875567, 13361, 0, 0, 0
1789130875567, 5734, 1, 0, 0
1789130876567, 8610, 0, 0, 0
1789130876567, 3632, 1, 0, 0
1789130877567, 3483, 0, 0, 0
1789130877567, 1493, 1, 0, 0
1789130878567, 3435, 0, 0, 0
1789130878567, 1542, 1, 0, 0
1789130879567, 6266, 0, 0, 0
1789130879567, 2655, 1, 0, 0
1789130880567, 7717, 0, 0, 0
1789130880567, 3281, 1, 0, 0
1789130881567, 8836, 0, 0, 0
1789130881567, 3832, 1, 0, 0
1789130882567, 12348, 0, 0, 0
1789130882567, 5316, 1, 0, 0
1789130883568, 14250, 0, 0, 0
1789130883568, 6011, 1, 0, 0
1789130884568, 14499, 0, 0, 0
1789130884568, 6280, 1, 0, 0
1789130885568, 14726, 0, 0, 0
1789130885568, 6381, 1, 0, 0
1789130886568, 14862, 0, 0, 0
1789130886568, 6389, 1, 0, 0
1789130887568, 12420, 0, 0, 0
1789130887568, 5457, 1, 0, 0
1789130888568, 1777, 0, 0, 0
1789130888568, 759, 1, 0, 0
1789130889568, 2579, 0, 0, 0
1789130889568, 1091, 1, 0, 0
1789130890568, 3453, 0, 0, 0
1789130890568, 1437, 1, 0, 0
1789130891568, 3994, 0, 0, 0
1789130891568, 1659, 1, 0, 0
1789130892567, 6038, 0, 0, 0
1789130892567, 2627, 1, 0, 0
1789130893567, 9782, 0, 0, 0
1789130893567, 4220, 1, 0, 0
1789130894567, 12243, 0, 0, 0
1789130894567, 5290, 1, 0, 0
1789130895568, 14139, 0, 0, 0
1789130895568, 6065, 1, 0, 0
1789130896568, 14803, 0, 0, 0
1789130896568, 6450, 1, 0, 0
1789130897568, 15283, 0, 0, 0
1789130897568, 6475, 1, 0, 0
1789130898568, 15115, 0, 0, 0
1789130898568, 6441, 1, 0, 0
1789130899568, 15210, 0, 0, 0
1789130899568, 6630, 1, 0, 0
1789130900567, 6984, 0, 0, 0
1789130900567, 3012, 1, 0, 0
1789130901571, 1783, 0, 0, 0
1789130901571, 762, 1, 0, 0
1789130902571, 4376, 0, 0, 0
1789130902571, 1864, 1, 0, 0
1789130903571, 5072, 0, 0, 0
1789130903571, 2217, 1, 0, 0
1789130904571, 4724, 0, 0, 0
1789130904571, 2004, 1, 0, 0
1789130905571, 10496, 0, 0, 0
1789130905571, 4494, 1, 0, 0
1789130906571, 10097, 0, 0, 0
1789130906571, 4289, 1, 0, 0
1789130907571, 13739, 0, 0, 0
1789130907571, 5842, 1, 0, 0
1789130908571, 15405, 0, 0, 0
1789130908571, 6655, 1, 0, 0
1789130909571, 16036, 0, 0, 0
1789130909571, 6824, 1, 0, 0
1789130910571, 15927, 0, 0, 0
1789130910571, 6724, 1, 0, 0
1789130911572, 15650, 0, 0, 0
1789130911572, 6720, 1, 0, 0
1789130912572, 9812, 0, 0, 0
1789130912572, 4179, 1, 0, 0
1789130913572, 12456, 0, 0, 0
1789130913572, 5536, 1, 0, 0
1789130914572, 13257, 0, 0, 0
1789130914572, 5693, 1, 0, 0
1789130915572, 12289, 0, 0, 0
1789130915572, 5239, 1, 0, 0
1789130916572, 16013, 0, 0, 0
1789130916572, 6883, 1, 0, 0
1789130917572, 16260, 0, 0, 0
1789130917572, 6855, 1, 0, 0
1789130918572, 16239, 0, 0, 0
1789130918572, 7019, 1, 0, 0
1789130919572, 16334, 0, 0, 0
1789130919572, 7073, 1, 0, 0
1789130920573, 15168, 0, 0, 0
1789130920573, 6596, 1, 0, 0
1789130921573, 9537, 0, 0, 0
1789130921573, 4121, 1, 0, 0
1789130922573, 10728, 0, 0, 0
1789130922573, 4563, 1, 0, 0
1789130923573, 9437, 0, 0, 0
1789130923573, 4034, 1, 0, 0
1789130924573, 17245, 0, 0, 0
1789130924573, 7373, 1, 0, 0
1789130925573, 17780, 0, 0, 0
1789130925573, 7517, 1, 0, 0
1789130926573, 17807, 0, 0, 0
1789130926573, 7610, 1, 0, 0
1789130927573, 17723, 0, 0, 0
1789130927573, 7679, 1, 0, 0
1789130928573, 17736, 0, 0, 0
1789130928573, 7752, 1, 0, 0
1789130929573, 4838, 0, 0, 0
1789130929573, 2013, 1, 0, 0
1789130930573, 4781, 0, 0, 0
1789130930573, 2062, 1, 0, 0
1789130931574, 11604, 0, 0, 0
1789130931574, 4887, 1, 0, 0
1789130932574, 14527, 0, 0, 0
1789130932574, 6344, 1, 0, 0
1789130933574, 16864, 0, 0, 0
1789130933574, 7257, 1, 0, 0
1789130934574, 17945, 0, 0, 0
1789130934574, 7632, 1, 0, 0
1789130935574, 18164, 0, 0, 0
1789130935574, 7688, 1, 0, 0
1789130936574, 18152, 0, 0, 0
1789130936574, 7768, 1, 0, 0
1789130937574, 18160, 0, 0, 0
1789130937574, 7507, 1, 0, 0
1789130938575, 2947, 0, 0, 0
1789130938575, 1183, 1, 0, 0
1789130939575, 876, 0, 0, 0
1789130939575, 374, 1, 0, 0
1789130940575, 1163, 0, 0, 0
1789130940575, 553, 1, 0, 0
1789130941575, 1016, 0, 0, 0
1789130941575, 412, 1, 0, 0
1789130942575, 1514, 0, 0, 0
1789130942575, 672, 1, 0, 0
1789130943575, 10899, 0, 0, 0
1789130943575, 4629, 1, 0, 0
1789130944575, 13688, 0, 0, 0
1789130944575, 5859, 1, 0, 0
1789130945575, 16632, 0, 0, 0
1789130945575, 7167, 1, 0, 0
1789130946576, 18226, 0, 0, 0
1789130946576, 7819, 1, 0, 0
1789130947576, 18259, 0, 0, 0
1789130947576, 7850, 1, 0, 0
1789130948576, 18518, 0, 0, 0
1789130948576, 7893, 1, 0, 0
1789130949576, 17413, 0, 0, 0
1789130949576, 7514, 1, 0, 0
1789130950576, 8352, 0, 0, 0
1789130950576, 3494, 1, 0, 0
1789130951576, 10162, 0, 0, 0
1789130951576, 4436, 1, 0, 0
1789130952576, 12933, 0, 0, 0
1789130952576, 5441, 1, 0, 0
1789130953576, 16559, 0, 0, 0
1789130953576, 7082, 1, 0, 0
1789130954576, 18326, 0, 0, 0
1789130954576, 7889, 1, 0, 0
1789130955576, 18770, 0, 0, 0
1789130955576, 8043, 1, 0, 0
1789130956577, 18789, 0, 0, 0
1789130956577, 8096, 1, 0, 0
1789130957577, 18372, 0, 0, 0
1789130957577, 7923, 1, 0, 0
1789130958577, 3230, 0, 0, 0
1789130958577, 1354, 1, 0, 0
1789130959577, 5476, 0, 0, 0
1789130959577, 2391, 1, 0, 0
1789130960577, 10717, 0, 0, 0
1789130960577, 4684, 1, 0, 0
1789130961577, 14922, 0, 0, 0
1789130961577, 6499, 1, 0, 0
1789130962577, 17489, 0, 0, 0
1789130962577, 7455, 1, 0, 0
1789130963577, 18646, 0, 0, 0
1789130963577, 7835, 1, 0, 0
1789130964578, 18724, 0, 0, 0
1789130964578, 7990, 1, 0, 0
1789130965578, 18539, 0, 0, 0
1789130965578, 8214, 1, 0, 0
1789130966578, 15017, 0, 0, 0
1789130966578, 6369, 1, 0, 0
1789130967578, 2260, 0, 0, 0
1789130967578, 964, 1, 0, 0
1789130968578, 9024, 0, 0, 0
1789130968578, 3963, 1, 0, 0
1789130969578, 12097, 0, 0, 0
1789130969578, 5204, 1, 0, 0
1789130970578, 15594, 0, 0, 0
1789130970578, 6710, 1, 0, 0
1789130971578, 17764, 0, 0, 0
1789130971578, 7825, 1, 0, 0
1789130972579, 18806, 0, 0, 0
1789130972579, 7998, 1, 0, 0
1789130973579, 18928, 0, 0, 0
1789130973579, 8039, 1, 0, 0
1789130974579, 18971, 0, 0, 0
1789130974579, 8003, 1, 0, 0
1789130975579, 5131, 0, 0, 0
1789130975579, 2083, 1, 0, 0
1789130976579, 1926, 0, 0, 0
1789130976579, 899, 1, 0, 0
1789130977579, 11015, 0, 0, 0
1789130977579, 4596, 1, 0, 0
1789130978579, 12783, 0, 0, 0
1789130978579, 5474, 1, 0, 0
1789130979580, 15276, 0, 0, 0
1789130979580, 6470, 1, 0, 0
1789130980580, 17532, 0, 0, 0
1789130980580, 7473, 1, 0, 0
1789130981580, 19066, 0, 0, 0
1789130981580, 8015, 1, 0, 0
1789130982580, 19077, 0, 0, 0
1789130982580, 8020, 1, 0, 0
1789130983580, 18597, 0, 0, 0
1789130983580, 7920, 1, 0, 0
1789130984580, 2776, 0, 0, 0
1789130984580, 1150, 1, 0, 0
1789130985580, 2333, 0, 0, 0
1789130985580, 1011, 1, 0, 0
1789130986581, 1900, 0, 0, 0
1789130986581, 770, 1, 0, 0
1789130987581, 10355, 0, 0, 0
1789130987581, 4556, 1, 0, 0
1789130988581, 13379, 0, 0, 0
1789130988581, 5592, 1, 0, 0
1789130989581, 16186, 0, 0, 0
1789130989581, 6944, 1, 0, 0
1789130990581, 18436, 0, 0, 0
1789130990581, 7892, 1, 0, 0
1789130991582, 19151, 0, 0, 0
1789130991582, 8217, 1, 0, 0
1789130992582, 19189, 0, 0, 0
1789130992582, 8166, 1, 0, 0
1789130993582, 18204, 0, 0, 0
1789130993582, 7824, 1, 0, 0
1789130994582, 16003, 0, 0, 0
1789130994582, 6786, 1, 0, 0
1789130995582, 16316, 0, 0, 0
1789130995582, 6934, 1, 0, 0
1789130996582, 16625, 0, 0, 0
1789130996582, 7213, 1, 0, 0
1789130997582, 19078, 0, 0, 0
1789130997582, 8242, 1, 0, 0
1789130998583, 19226, 0, 0, 0
1789130998583, 8084, 1, 0, 0
1789130999583, 19266, 0, 0, 0
1789130999583, 8140, 1, 0, 0
1789131000583, 16645, 0, 0, 0
1789131000583, 7279, 1, 0, 0
1789131001583, 15724, 0, 0, 0
1789131001583, 6747, 1, 0, 0
1789131002583, 15416, 0, 0, 0
1789131002583, 6578, 1, 0, 0
1789131003583, 18253, 0, 0, 0
1789131003583, 7817, 1, 0, 0
1789131004584, 19151, 0, 0, 0
1789131004584, 8290, 1, 0, 0
1789131005584, 19208, 0, 0, 0
1789131005584, 8182, 1, 0, 0
1789131006584, 19384, 0, 0, 0
1789131006584, 8239, 1, 0, 0
1789131007584, 17712, 0, 0, 0
1789131007584, 7574, 1, 0, 0
1789131008584, 15779, 0, 0, 0
1789131008584, 6750, 1, 0, 0
1789131009584, 17354, 0, 0, 0
1789131009584, 7299, 1, 0, 0
1789131010584, 15553, 0, 0, 0
1789131010584, 6733, 1, 0, 0
1789131011585, 19299, 0, 0, 0
1789131011585, 8330, 1, 0, 0
1789131012585, 19296, 0, 0, 0
1789131012585, 8267, 1, 0, 0
1789131013585, 19333, 0, 0, 0
1789131013585, 8282, 1, 0, 0
1789131014585, 17031, 0, 0, 0
1789131014585, 7297, 1, 0, 0
1789131015585, 4843, 0, 0, 0
1789131015585, 2056, 1, 0, 0
1789131016585, 11043, 0, 0, 0
1789131016585, 4719, 1, 0, 0
1789131017585, 13557, 0, 0, 0
1789131017585, 5893, 1, 0, 0
1789131018585, 17290, 0, 0, 0
1789131018585, 7507, 1, 0, 0
1789131019586, 18844, 0, 0, 0
1789131019586, 8097, 1, 0, 0
1789131020586, 19063, 0, 0, 0
1789131020586, 8248, 1, 0, 0
1789131021586, 19061, 0, 0, 0
1789131021586, 8202, 1, 0, 0
1789131022586, 12549, 0, 0, 0
1789131022586, 5385, 1, 0, 0
1789131023586, 2835, 0, 0, 0
1789131023586, 1185, 1, 0, 0
1789131024586, 9682, 0, 0, 0
1789131024586, 4007, 1, 0, 0
1789131025587, 12716, 0, 0, 0
1789131025587, 5418, 1, 0, 0
1789131026587, 16106, 0, 0, 0
1789131026587, 6856, 1, 0, 0
1789131027587, 18292, 0, 0, 0
1789131027587, 7792, 1, 0, 0
1789131028587, 19061, 0, 0, 0
1789131028587, 8239, 1, 0, 0
1789131029587, 19191, 0, 0, 0
1789131029587, 8279, 1, 0, 0
1789131030587, 18873, 0, 0, 0
1789131030587, 7946, 1, 0, 0
1789131031588, 1872, 0, 0, 0
1789131031588, 814, 1, 0, 0
1789131032588, 9570, 0, 0, 0
1789131032588, 4266, 1, 0, 0
1789131033588, 11982, 0, 0, 0
1789131033588, 5036, 1, 0, 0
1789131034588, 14622, 0, 0, 0
1789131034588, 6223, 1, 0, 0
1789131035588, 16880, 0, 0, 0
1789131035588, 7281, 1, 0, 0
1789131036588, 17715, 0, 0, 0
1789131036588, 7814, 1, 0, 0
1789131037588, 18802, 0, 0, 0
1789131037588, 8039, 1, 0, 0
1789131038589, 19006, 0, 0, 0
1789131038589, 8188, 1, 0, 0
1789131039589, 9012, 0, 0, 0
1789131039589, 3856, 1, 0, 0
1789131040589, 2837, 0, 0, 0
1789131040589, 1288, 1, 0, 0
1789131041589, 10267, 0, 0, 0
1789131041589, 4328, 1, 0, 0
1789131042589, 13658, 0, 0, 0
1789131042589, 5800, 1, 0, 0
1789131043589, 16933, 0, 0, 0
1789131043589, 7298, 1, 0, 0
1789131044589, 18628, 0, 0, 0
1789131044589, 8189, 1, 0, 0
1789131045589, 19181, 0, 0, 0
1789131045589, 8249, 1, 0, 0
1789131046590, 19472, 0, 0, 0
1789131046590, 8073, 1, 0, 0
1789131047590, 15493, 0, 0, 0
1789131047590, 6547, 1, 0, 0
1789131048590, 2679, 0, 0, 0
1789131048590, 1112, 1, 0, 0
1789131049590, 9102, 0, 0, 0
1789131049590, 3841, 1, 0, 0
1789131050590, 13013, 0, 0, 0
1789131050590, 5689, 1, 0, 0
1789131051590, 16653, 0, 0, 0
1789131051590, 7212, 1, 0, 0
1789131052591, 18640, 0, 0, 0
1789131052591, 7971, 1, 0, 0
1789131053591, 19376, 0, 0, 0
1789131053591, 8361, 1, 0, 0
1789131054591, 19451, 0, 0, 0
1789131054591, 8340, 1, 0, 0
1789131055591, 18604, 0, 0, 0
1789131055591, 8210, 1, 0, 0
1789131056591, 15343, 0, 0, 0
1789131056591, 6569, 1, 0, 0
1789131057591, 15630, 0, 0, 0
1789131057591, 6718, 1, 0, 0
1789131058591, 18090, 0, 0, 0
1789131058591, 7810, 1, 0, 0
1789131059592, 19565, 0, 0, 0
1789131059592, 8174, 1, 0, 0
1789131060592, 19201, 0, 0, 0
1789131060592, 8122, 1, 0, 0
1789131061592, 19253, 0, 0, 0
1789131061592, 8271, 1, 0, 0
1789131062592, 13351, 0, 0, 0
1789131062592, 5863, 1, 0, 0
1789131063592, 3216, 0, 0, 0
1789131063592, 1322, 1, 0, 0
1789131064592, 10100, 0, 0, 0
1789131064592, 4371, 1, 0, 0
1789131065592, 13171, 0, 0, 0
1789131065592, 5636, 1, 0, 0
1789131066593, 16657, 0, 0, 0
1789131066593, 7064, 1, 0, 0
1789131067593, 18526, 0, 0, 0
1789131067593, 8075, 1, 0, 0
1789131068593, 19580, 0, 0, 0
1789131068593, 8254, 1, 0, 0
1789131069593, 19573, 0, 0, 0
1789131069593, 8334, 1, 0, 0
1789131070593, 19241, 0, 0, 0
1789131070593, 8377, 1, 0, 0
1789131071593, 2993, 0, 0, 0
1789131071593, 1305, 1, 0, 0
1789131072593, 6085, 0, 0, 0
1789131072593, 2655, 1, 0, 0
1789131073594, 11239, 0, 0, 0
1789131073594, 4766, 1, 0, 0
1789131074594, 14821, 0, 0, 0
1789131074594, 6310, 1, 0, 0
1789131075594, 17784, 0, 0, 0
1789131075594, 7553, 1, 0, 0
1789131076594, 18995, 0, 0, 0
1789131076594, 8132, 1, 0, 0
1789131077594, 19193, 0, 0, 0
1789131077594, 8329, 1, 0, 0
1789131078594, 19114, 0, 0, 0
1789131078594, 8415, 1, 0, 0
1789131079594, 16094, 0, 0, 0
1789131079594, 6781, 1, 0, 0
1789131080595, 9817, 0, 0, 0
1789131080595, 4140, 1, 0, 0
1789131081595, 16407, 0, 0, 0
1789131081595, 6966, 1, 0, 0
1789131082595, 16576, 0, 0, 0
1789131082595, 7043, 1, 0, 0
1789131083595, 19116, 0, 0, 0
1789131083595, 8268, 1, 0, 0
1789131084595, 19187, 0, 0, 0
1789131084595, 8271, 1, 0, 0
1789131085596, 19202, 0, 0, 0
1789131085596, 8227, 1, 0, 0
1789131086596, 16680, 0, 0, 0
1789131086596, 6855, 1, 0, 0
1789131087596, 644, 0, 0, 0
1789131087596, 271, 1, 0, 0
1789131088596, 5719, 0, 0, 0
1789131088596, 2586, 1, 0, 0
1789131089596, 11244, 0, 0, 0
1789131089596, 4919, 1, 0, 0
1789131090596, 13138, 0, 0, 0
1789131090596, 5578, 1, 0, 0
1789131091596, 16210, 0, 0, 0
1789131091596, 7045, 1, 0, 0
1789131092597, 18510, 0, 0, 0
1789131092597, 7847, 1, 0, 0
1789131093597, 19377, 0, 0, 0
1789131093597, 8319, 1, 0, 0
1789131094597, 19580, 0, 0, 0
1789131094597, 8287, 1, 0, 0
1789131095597, 16011, 0, 0, 0
1789131095597, 6785, 1, 0, 0
1789131096597, 15569, 0, 0, 0
1789131096597, 6580, 1, 0, 0
1789131097597, 15777, 0, 0, 0
1789131097597, 6734, 1, 0, 0
1789131098597, 19462, 0, 0, 0
1789131098597, 8223, 1, 0, 0
1789131099598, 19363, 0, 0, 0
1789131099598, 8336, 1, 0, 0
1789131100598, 19636, 0, 0, 0
1789131100598, 8280, 1, 0, 0
1789131101598, 19335, 0, 0, 0
1789131101598, 8387, 1, 0, 0
1789131102598, 6429, 0, 0, 0
1789131102598, 2805, 1, 0, 0
1789131103598, 8745, 0, 0, 0
1789131103598, 3695, 1, 0, 0
1789131104598, 10975, 0, 0, 0
1789131104598, 4600, 1, 0, 0
1789131105598, 15268, 0, 0, 0
1789131105598, 6502, 1, 0, 0
1789131106598, 18566, 0, 0, 0
1789131106598, 7882, 1, 0, 0
1789131107599, 19177, 0, 0, 0
1789131107599, 8295, 1, 0, 0
1789131108599, 19439, 0, 0, 0
1789131108599, 8209, 1, 0, 0
1789131109599, 19212, 0, 0, 0
1789131109599, 8295, 1, 0, 0
1789131110599, 12450, 0, 0, 0
1789131110599, 5421, 1, 0, 0
1789131111599, 7050, 0, 0, 0
1789131111599, 2941, 1, 0, 0
1789131112599, 10478, 0, 0, 0
1789131112599, 4551, 1, 0, 0
1789131113599, 13187, 0, 0, 0
1789131113599, 5684, 1, 0, 0
1789131114599, 17177, 0, 0, 0
1789131114599, 7306, 1, 0, 0
1789131115599, 18925, 0, 0, 0
1789131115599, 8197, 1, 0, 0
1789131116600, 19260, 0, 0, 0
1789131116600, 8370, 1, 0, 0
1789131117600, 19258, 0, 0, 0
1789131117600, 8213, 1, 0, 0
1789131118600, 13149, 0, 0, 0
1789131118600, 5543, 1, 0, 0
1789131119600, 2597, 0, 0, 0
1789131119600, 1140, 1, 0, 0
1789131120600, 10710, 0, 0, 0
1789131120600, 4534, 1, 0, 0
1789131121600, 13159, 0, 0, 0
1789131121600, 5709, 1, 0, 0
1789131122600, 14874, 0, 0, 0
1789131122600, 6450, 1, 0, 0
1789131123601, 17704, 0, 0, 0
1789131123601, 7423, 1, 0, 0
1789131124601, 18904, 0, 0, 0
1789131124601, 8144, 1, 0, 0
1789131125601, 19385, 0, 0, 0
1789131125601, 8312, 1, 0, 0
1789131126601, 16170, 0, 0, 0
1789131126601, 7084, 1, 0, 0
1789131127601, 1516, 0, 0, 0
1789131127601, 649, 1, 0, 0
1789131128601, 5224, 0, 0, 0
1789131128601, 2194, 1, 0, 0
1789131129601, 11073, 0, 0, 0
1789131129601, 4759, 1, 0, 0
1789131130602, 13398, 0, 0, 0
1789131130602, 5794, 1, 0, 0
1789131131602, 16838, 0, 0, 0
1789131131602, 7109, 1, 0, 0
1789131132602, 18279, 0, 0, 0
1789131132602, 7648, 1, 0, 0
1789131133602, 19421, 0, 0, 0
1789131133602, 8194, 1, 0, 0
1789131134602, 19229, 0, 0, 0
1789131134602, 8355, 1, 0, 0
1789131135602, 9723, 0, 0, 0
1789131135602, 4133, 1, 0, 0
1789131136602, 1203, 0, 0, 0
1789131136602, 547, 1, 0, 0
1789131137603, 6215, 0, 0, 0
1789131137603, 2612, 1, 0, 0
1789131138603, 11291, 0, 0, 0
1789131138603, 4859, 1, 0, 0
1789131139603, 13972, 0, 0, 0
1789131139603, 5990, 1, 0, 0
1789131140603, 16903, 0, 0, 0
1789131140603, 7378, 1, 0, 0
1789131141603, 19071, 0, 0, 0
1789131141603, 8051, 1, 0, 0
1789131142604, 19569, 0, 0, 0
1789131142604, 8377, 1, 0, 0
1789131143604, 19272, 0, 0, 0
1789131143604, 8326, 1, 0, 0
1789131144604, 16925, 0, 0, 0
1789131144604, 7218, 1, 0, 0
1789131145604, 14710, 0, 0, 0
1789131145604, 6238, 1, 0, 0
1789131146604, 15684, 0, 0, 0
1789131146604, 6724, 1, 0, 0
1789131147604, 18965, 0, 0, 0
1789131147604, 8319, 1, 0, 0
1789131148605, 19337, 0, 0, 0
1789131148605, 8226, 1, 0, 0
1789131149605, 19613, 0, 0, 0
1789131149605, 8200, 1, 0, 0
1789131150605, 19467, 0, 0, 0
1789131150605, 8242, 1, 0, 0
1789131151605, 14816, 0, 0, 0
1789131151605, 6195, 1, 0, 0
1789131152605, 3902, 0, 0, 0
1789131152605, 1754, 1, 0, 0
1789131153605, 10722, 0, 0, 0
1789131153605, 4553, 1, 0, 0
1789131154605, 14626, 0, 0, 0
1789131154605, 6367, 1, 0, 0
1789131155606, 17964, 0, 0, 0
1789131155606, 7857, 1, 0, 0
1789131156606, 19170, 0, 0, 0
1789131156606, 8319, 1, 0, 0
1789131157606, 19160, 0, 0, 0
1789131157606, 8438, 1, 0, 0
1789131158606, 19381, 0, 0, 0
1789131158606, 8412, 1, 0, 0
1789131159606, 8758, 0, 0, 0
1789131159606, 3738, 1, 0, 0
1789131160606, 7214, 0, 0, 0
1789131160606, 3166, 1, 0, 0
1789131161606, 10096, 0, 0, 0
1789131161606, 4367, 1, 0, 0
1789131162607, 13520, 0, 0, 0
1789131162607, 5792, 1, 0, 0
1789131163607, 16765, 0, 0, 0
1789131163607, 7125, 1, 0, 0
1789131164607, 18359, 0, 0, 0
1789131164607, 7945, 1, 0, 0
1789131165607, 18891, 0, 0, 0
1789131165607, 7890, 1, 0, 0
1789131166607, 19120, 0, 0, 0
1789131166607, 8196, 1, 0, 0
1789131167607, 12969, 0, 0, 0
1789131167607, 5550, 1, 0, 0
1789131168607, 3022, 0, 0, 0
1789131168607, 1307, 1, 0, 0
1789131169608, 10256, 0, 0, 0
1789131169608, 4461, 1, 0, 0
1789131170608, 13277, 0, 0, 0
1789131170608, 5681, 1, 0, 0
1789131171608, 16884, 0, 0, 0
1789131171608, 6989, 1, 0, 0
1789131172608, 18153, 0, 0, 0
1789131172608, 7814, 1, 0, 0
1789131173608, 18886, 0, 0, 0
1789131173608, 7894, 1, 0, 0
1789131174608, 19325, 0, 0, 0
1789131174608, 8278, 1, 0, 0
1789131175609, 19179, 0, 0, 0
1789131175609, 7955, 1, 0, 0
1789131176609, 4704, 0, 0, 0
1789131176609, 1976, 1, 0, 0
1789131177609, 5807, 0, 0, 0
1789131177609, 2450, 1, 0, 0
1789131178609, 11113, 0, 0, 0
1789131178609, 4733, 1, 0, 0
1789131179609, 12684, 0, 0, 0
1789131179609, 5536, 1, 0, 0
1789131180609, 15151, 0, 0, 0
1789131180609, 6513, 1, 0, 0
1789131181609, 16656, 0, 0, 0
1789131181609, 7103, 1, 0, 0
1789131182609, 18622, 0, 0, 0
1789131182609, 7975, 1, 0, 0
1789131183610, 18990, 0, 0, 0
1789131183610, 8116, 1, 0, 0
1789131184610, 16922, 0, 0, 0
1789131184610, 7272, 1, 0, 0
1789131185610, 7633, 0, 0, 0
1789131185610, 3297, 1, 0, 0
1789131186610, 13225, 0, 0, 0
1789131186610, 5608, 1, 0, 0
1789131187610, 14362, 0, 0, 0
1789131187610, 6107, 1, 0, 0
1789131188610, 18093, 0, 0, 0
1789131188610, 7642, 1, 0, 0
1789131189610, 18627, 0, 0, 0
1789131189610, 8061, 1, 0, 0
1789131190610, 19314, 0, 0, 0
1789131190610, 8358, 1, 0, 0
1789131191610, 19224, 0, 0, 0
1789131191610, 8379, 1, 0, 0
1789131192611, 11464, 0, 0, 0
1789131192611, 4862, 1, 0, 0
1789131193611, 8762, 0, 0, 0
1789131193611, 3795, 1, 0, 0
1789131194611, 11920, 0, 0, 0
1789131194611, 5106, 1, 0, 0
1789131195611, 15617, 0, 0, 0
1789131195611, 6695, 1, 0, 0
1789131196611, 18485, 0, 0, 0
1789131196611, 7875, 1, 0, 0
1789131197611, 19055, 0, 0, 0
1789131197611, 8267, 1, 0, 0
1789131198611, 19220, 0, 0, 0
1789131198611, 8147, 1, 0, 0
1789131199612, 18254, 0, 0, 0
1789131199612, 7969, 1, 0, 0
1789131200612, 7036, 0, 0, 0
1789131200612, 2943, 1, 0, 0
1789131201612, 7611, 0, 0, 0
1789131201612, 3298, 1, 0, 0
1789131202612, 12579, 0, 0, 0
1789131202612, 5345, 1, 0, 0
1789131203612, 16368, 0, 0, 0
1789131203612, 6951, 1, 0, 0
1789131204612, 18526, 0, 0, 0
1789131204612, 8131, 1, 0, 0
1789131205612, 19244, 0, 0, 0
1789131205612, 8137, 1, 0, 0
1789131206613, 19300, 0, 0, 0
1789131206613, 8136, 1, 0, 0
1789131207613, 18816, 0, 0, 0
1789131207613, 8122, 1, 0, 0
1789131208613, 13609, 0, 0, 0
1789131208613, 5671, 1, 0, 0
1789131209613, 15623, 0, 0, 0
1789131209613, 6571, 1, 0, 0
1789131210613, 15532, 0, 0, 0
1789131210613, 6800, 1, 0, 0
1789131211613, 19223, 0, 0, 0
1789131211613, 8180, 1, 0, 0
1789131212613, 19387, 0, 0, 0
1789131212613, 8281, 1, 0, 0
1789131213613, 19309, 0, 0, 0
1789131213613, 8372, 1, 0, 0
1789131214613, 17969, 0, 0, 0
1789131214613, 7727, 1, 0, 0
1789131215613, 7683, 0, 0, 0
1789131215613, 3235, 1, 0, 0
1789131216614, 10202, 0, 0, 0
1789131216614, 4333, 1, 0, 0
1789131217614, 11044, 0, 0, 0
1789131217614, 4748, 1, 0, 0
1789131218614, 15210, 0, 0, 0
1789131218614, 6498, 1, 0, 0
1789131219614, 18408, 0, 0, 0
1789131219614, 7953, 1, 0, 0
1789131220614, 18818, 0, 0, 0
1789131220614, 8306, 1, 0, 0
1789131221614, 19253, 0, 0, 0
1789131221614, 8234, 1, 0, 0
1789131222614, 17731, 0, 0, 0
1789131222614, 7782, 1, 0, 0
1789131223614, 15092, 0, 0, 0
1789131223614, 6341, 1, 0, 0
1789131224614, 16512, 0, 0, 0
1789131224614, 7049, 1, 0, 0
1789131225614, 15817, 0, 0, 0
1789131225614, 6770, 1, 0, 0
1789131226614, 19142, 0, 0, 0
1789131226614, 8356, 1, 0, 0
1789131227615, 19418, 0, 0, 0
1789131227615, 8126, 1, 0, 0
1789131228615, 19215, 0, 0, 0
1789131228615, 8190, 1, 0, 0
1789131229615, 14046, 0, 0, 0
1789131229615, 6021, 1, 0, 0
1789131230615, 1667, 0, 0, 0
1789131230615, 723, 1, 0, 0
1789131231615, 7604, 0, 0, 0
1789131231615, 3314, 1, 0, 0
1789131232615, 12155, 0, 0, 0
1789131232615, 5152, 1, 0, 0
1789131233616, 13913, 0, 0, 0
1789131233616, 5968, 1, 0, 0
1789131234616, 17053, 0, 0, 0
1789131234616, 7419, 1, 0, 0
1789131235616, 19036, 0, 0, 0
1789131235616, 8052, 1, 0, 0
1789131236616, 19255, 0, 0, 0
1789131236616, 8398, 1, 0, 0
1789131237616, 18415, 0, 0, 0
1789131237616, 7721, 1, 0, 0
1789131238616, 4322, 0, 0, 0
1789131238616, 1824, 1, 0, 0
1789131239616, 7069, 0, 0, 0
1789131239616, 2931, 1, 0, 0
1789131240616, 10867, 0, 0, 0
1789131240616, 4531, 1, 0, 0
1789131241616, 14725, 0, 0, 0
1789131241616, 6248, 1, 0, 0
1789131242617, 18116, 0, 0, 0
1789131242617, 7618, 1, 0, 0
1789131243617, 19140, 0, 0, 0
1789131243617, 8133, 1, 0, 0
1789131244617, 19502, 0, 0, 0
1789131244617, 8284, 1, 0, 0
1789131245617, 19398, 0, 0, 0
1789131245617, 8433, 1, 0, 0
1789131246617, 15312, 0, 0, 0
1789131246617, 6680, 1, 0, 0
1789131247617, 16341, 0, 0, 0
1789131247617, 6902, 1, 0, 0
1789131248617, 16503, 0, 0, 0
1789131248617, 6982, 1, 0, 0
1789131249617, 19029, 0, 0, 0
1789131249617, 8057, 1, 0, 0
1789131250618, 19284, 0, 0, 0
1789131250618, 8443, 1, 0, 0
1789131251618, 19485, 0, 0, 0
1789131251618, 8135, 1, 0, 0
1789131252618, 18697, 0, 0, 0
1789131252618, 8052, 1, 0, 0
1789131253618, 10835, 0, 0, 0
1789131253618, 4581, 1, 0, 0
1789131254618, 15269, 0, 0, 0
1789131254618, 6624, 1, 0, 0
1789131255618, 14946, 0, 0, 0
1789131255618, 6465, 1, 0, 0
1789131256618, 19365, 0, 0, 0
1789131256618, 8151, 1, 0, 0
1789131257619, 19665, 0, 0, 0
1789131257619, 8184, 1, 0, 0
1789131258619, 19416, 0, 0, 0
1789131258619, 8297, 1, 0, 0
1789131259619, 18544, 0, 0, 0
1789131259619, 7906, 1, 0, 0
1789131260619, 13995, 0, 0, 0
1789131260619, 6037, 1, 0, 0
1789131261619, 15833, 0, 0, 0
1789131261619, 6829, 1, 0, 0
1789131262620, 16130, 0, 0, 0
1789131262620, 6838, 1, 0, 0
1789131263620, 19302, 0, 0, 0
1789131263620, 8198, 1, 0, 0
1789131264620, 19262, 0, 0, 0
1789131264620, 8241, 1, 0, 0
1789131265620, 19282, 0, 0, 0
1789131265620, 8222, 1, 0, 0
1789131266620, 19146, 0, 0, 0
1789131266620, 8282, 1, 0, 0
1789131267620, 6850, 0, 0, 0
1789131267620, 2897, 1, 0, 0
1789131268621, 6742, 0, 0, 0
1789131268621, 2734, 1, 0, 0
1789131269621, 10173, 0, 0, 0
1789131269621, 4385, 1, 0, 0
1789131270621, 14444, 0, 0, 0
1789131270621, 6191, 1, 0, 0
1789131271621, 17569, 0, 0, 0
1789131271621, 7684, 1, 0, 0
1789131272621, 19200, 0, 0, 0
1789131272621, 8161, 1, 0, 0
1789131273621, 19345, 0, 0, 0
1789131273621, 8333, 1, 0, 0
1789131274621, 19269, 0, 0, 0
1789131274621, 8297, 1, 0, 0
1789131275622, 14738, 0, 0, 0
1789131275622, 6293, 1, 0, 0
1789131276622, 6871, 0, 0, 0
1789131276622, 3038, 1, 0, 0
1789131277622, 12250, 0, 0, 0
1789131277622, 5394, 1, 0, 0
1789131278622, 15269, 0, 0, 0
1789131278622, 6458, 1, 0, 0
1789131279622, 18002, 0, 0, 0
1789131279622, 7868, 1, 0, 0
1789131280622, 19074, 0, 0, 0
1789131280622, 8272, 1, 0, 0
1789131281623, 19522, 0, 0, 0
1789131281623, 8094, 1, 0, 0
1789131282623, 19321, 0, 0, 0
1789131282623, 8246, 1, 0, 0
1789131283623, 12053, 0, 0, 0
1789131283623, 5173, 1, 0, 0
1789131284623, 3272, 0, 0, 0
1789131284623, 1466, 1, 0, 0
1789131285623, 9678, 0, 0, 0
1789131285623, 4179, 1, 0, 0
1789131286623, 12946, 0, 0, 0
1789131286623, 5562, 1, 0, 0
1789131287624, 16486, 0, 0, 0
1789131287624, 7089, 1, 0, 0
1789131288624, 18684, 0, 0, 0
1789131288624, 8137, 1, 0, 0
1789131289624, 19483, 0, 0, 0
1789131289624, 8191, 1, 0, 0
1789131290624, 19334, 0, 0, 0
1789131290624, 8404, 1, 0, 0
1789131291624, 18538, 0, 0, 0
1789131291624, 8009, 1, 0, 0
1789131292625, 14277, 0, 0, 0
1789131292625, 6022, 1, 0, 0
1789131293625, 15869, 0, 0, 0
1789131293625, 6839, 1, 0, 0
1789131294625, 17321, 0, 0, 0
1789131294625, 7411, 1, 0, 0
1789131295625, 19513, 0, 0, 0
1789131295625, 8265, 1, 0, 0
1789131296625, 19425, 0, 0, 0
1789131296625, 8394, 1, 0, 0
1789131297625, 19522, 0, 0, 0
1789131297625, 8161, 1, 0, 0
1789131298626, 19222, 0, 0, 0
1789131298626, 8417, 1, 0, 0
1789131299626, 7722, 0, 0, 0
1789131299626, 3352, 1, 0, 0
1789131300626, 6286, 0, 0, 0
1789131300626, 2622, 1, 0, 0
1789131301626, 9875, 0, 0, 0
1789131301626, 4258, 1, 0, 0
1789131302626, 13377, 0, 0, 0
1789131302626, 5764, 1, 0, 0
1789131303626, 16912, 0, 0, 0
1789131303626, 7259, 1, 0, 0
1789131304626, 18909, 0, 0, 0
1789131304626, 8139, 1, 0, 0
1789131305626, 19044, 0, 0, 0
1789131305626, 8300, 1, 0, 0
1789131306627, 19025, 0, 0, 0
1789131306627, 8288, 1, 0, 0
1789131307627, 17209, 0, 0, 0
1789131307627, 7260, 1, 0, 0
1789131308627, 9363, 0, 0, 0
1789131308627, 4075, 1, 0, 0
1789131309627, 17980, 0, 0, 0
1789131309627, 7455, 1, 0, 0
1789131310627, 16257, 0, 0, 0
1789131310627, 6952, 1, 0, 0
1789131311627, 19063, 0, 0, 0
1789131311627, 8229, 1, 0, 0
1789131312628, 19164, 0, 0, 0
1789131312628, 8338, 1, 0, 0
1789131313628, 19241, 0, 0, 0
1789131313628, 8303, 1, 0, 0
1789131314628, 19256, 0, 0, 0
1789131314628, 8365, 1, 0, 0
1789131315628, 6206, 0, 0, 0
1789131315628, 2671, 1, 0, 0
1789131316628, 4615, 0, 0, 0
1789131316628, 2058, 1, 0, 0
1789131317628, 11276, 0, 0, 0
1789131317628, 4827, 1, 0, 0
1789131318628, 13891, 0, 0, 0
1789131318628, 5873, 1, 0, 0
1789131319629, 15077, 0, 0, 0
1789131319629, 6512, 1, 0, 0
1789131320629, 17597, 0, 0, 0
1789131320629, 7592, 1, 0, 0
1789131321629, 19000, 0, 0, 0
1789131321629, 8208, 1, 0, 0
1789131322629, 19642, 0, 0, 0
1789131322629, 8232, 1, 0, 0
1789131323629, 16271, 0, 0, 0
1789131323629, 6991, 1, 0, 0
1789131324629, 6204, 0, 0, 0
1789131324629, 2614, 1, 0, 0
1789131325630, 11801, 0, 0, 0
1789131325630, 5080, 1, 0, 0
1789131326630, 14446, 0, 0, 0
1789131326630, 6254, 1, 0, 0
1789131327630, 17705, 0, 0, 0
1789131327630, 7564, 1, 0, 0
1789131328630, 18792, 0, 0, 0
1789131328630, 8024, 1, 0, 0
1789131329630, 19447, 0, 0, 0
1789131329630, 8044, 1, 0, 0
1789131330630, 19169, 0, 0, 0
1789131330630, 8374, 1, 0, 0
1789131331630, 13377, 0, 0, 0
1789131331630, 5813, 1, 0, 0
1789131332630, 4381, 0, 0, 0
1789131332630, 1843, 1, 0, 0
1789131333630, 9148, 0, 0, 0
1789131333630, 3864, 1, 0, 0
1789131334630, 11862, 0, 0, 0
1789131334630, 4982, 1, 0, 0
1789131335631, 15726, 0, 0, 0
1789131335631, 6721, 1, 0, 0
1789131336631, 18343, 0, 0, 0
1789131336631, 8006, 1, 0, 0
1789131337631, 19144, 0, 0, 0
1789131337631, 8354, 1, 0, 0
1789131338631, 19154, 0, 0, 0
1789131338631, 8281, 1, 0, 0
1789131339631, 18818, 0, 0, 0
1789131339631, 8072, 1, 0, 0
1789131340631, 4210, 0, 0, 0
1789131340631, 1816, 1, 0, 0
1789131341631, 11801, 0, 0, 0
1789131341631, 5255, 1, 0, 0
1789131342631, 12852, 0, 0, 0
1789131342631, 5688, 1, 0, 0
1789131343631, 15535, 0, 0, 0
1789131343631, 6595, 1, 0, 0
1789131344631, 18403, 0, 0, 0
1789131344631, 7797, 1, 0, 0
1789131345632, 19431, 0, 0, 0
1789131345632, 8057, 1, 0, 0
1789131346632, 19456, 0, 0, 0
1789131346632, 8090, 1, 0, 0
1789131347632, 19315, 0, 0, 0
1789131347632, 8246, 1, 0, 0
1789131348632, 13043, 0, 0, 0
1789131348632, 5578, 1, 0, 0
1789131349632, 2231, 0, 0, 0
1789131349632, 917, 1, 0, 0
1789131350632, 9872, 0, 0, 0
1789131350632, 4254, 1, 0, 0
1789131351632, 12661, 0, 0, 0
1789131351632, 5375, 1, 0, 0
1789131352632, 14057, 0, 0, 0
1789131352632, 6096, 1, 0, 0
1789131353632, 16791, 0, 0, 0
1789131353632, 7156, 1, 0, 0
1789131354633, 18463, 0, 0, 0
1789131354633, 7921, 1, 0, 0
1789131355633, 19257, 0, 0, 0
1789131355633, 8294, 1, 0, 0
1789131356633, 18350, 0, 0, 0
1789131356633, 7777, 1, 0, 0
1789131357633, 5419, 0, 0, 0
1789131357633, 2278, 1, 0, 0
1789131358633, 4186, 0, 0, 0
1789131358633, 1791, 1, 0, 0
1789131359633, 11073, 0, 0, 0
1789131359633, 4779, 1, 0, 0
1789131360633, 13480, 0, 0, 0
1789131360633, 5875, 1, 0, 0
1789131361633, 16696, 0, 0, 0
1789131361633, 7208, 1, 0, 0
1789131362633, 18792, 0, 0, 0
1789131362633, 7963, 1, 0, 0
1789131363634, 19279, 0, 0, 0
1789131363634, 8151, 1, 0, 0
1789131364634, 19113, 0, 0, 0
1789131364634, 8275, 1, 0, 0
1789131365634, 17015, 0, 0, 0
1789131365634, 7354, 1, 0, 0
1789131366634, 854, 0, 0, 0
1789131366634, 407, 1, 0, 0
1789131367634, 6985, 0, 0, 0
1789131367634, 2998, 1, 0, 0
1789131368634, 10854, 0, 0, 0
1789131368634, 4581, 1, 0, 0
1789131369634, 13304, 0, 0, 0
1789131369634, 5689, 1, 0, 0
1789131370634, 16988, 0, 0, 0
1789131370634, 7371, 1, 0, 0
1789131371635, 18894, 0, 0, 0
1789131371635, 8025, 1, 0, 0
1789131372635, 18797, 0, 0, 0
1789131372635, 8031, 1, 0, 0
1789131373635, 19295, 0, 0, 0
1789131373635, 8381, 1, 0, 0
1789131374635, 16550, 0, 0, 0
1789131374635, 7025, 1, 0, 0
1789131375635, 14150, 0, 0, 0
1789131375635, 6089, 1, 0, 0
1789131376635, 17408, 0, 0, 0
1789131376635, 7520, 1, 0, 0
1789131377635, 15973, 0, 0, 0
1789131377635, 6689, 1, 0, 0
1789131378635, 19127, 0, 0, 0
1789131378635, 8147, 1, 0, 0
1789131379636, 19138, 0, 0, 0
1789131379636, 8241, 1, 0, 0
1789131380636, 19136, 0, 0, 0
1789131380636, 8212, 1, 0, 0
1789131381636, 16614, 0, 0, 0
1789131381636, 6982, 1, 0, 0
1789131382636, 2937, 0, 0, 0
1789131382636, 1314, 1, 0, 0
1789131383636, 9966, 0, 0, 0
1789131383636, 4314, 1, 0, 0
1789131384636, 10934, 0, 0, 0
1789131384636, 4667, 1, 0, 0
1789131385636, 15684, 0, 0, 0
1789131385636, 6600, 1, 0, 0
